Archive member included to satisfy reference by file (symbol)

./lib/hw.lib(entry.o)         (_entry)
./lib/hw.lib(start.o)         ./lib/hw.lib(entry.o) (start)
./lib/hw.lib(main.o)          ./lib/hw.lib(start.o) (system_main)
./lib/hw.lib(proc.o)          ./lib/hw.lib(main.o) (cpuid)
./lib/hw.lib(trap.o)          ./lib/hw.lib(main.o) (trapinit)
./lib/hw.lib(kernelvec.o)     ./lib/hw.lib(trap.o) (kernelvec)
./lib/hw.lib(plic.o)          ./lib/hw.lib(main.o) (plicinit)
./lib/hw.lib(support_cpp.o)   build/src/kernel/KConsole.o (_Unwind_Resume)
./lib/hw.lib(hw.o)            build/src/kernel/KConsole.o (CONSOLE_RX_DATA)
./lib/hw.lib(console.o)       ./lib/hw.lib(main.o) (consoleinit)
./lib/hw.lib(printf.o)        ./lib/hw.lib(main.o) (panic)
./lib/hw.lib(uart.o)          ./lib/hw.lib(console.o) (uartinit)
./lib/hw.lib(kalloc.o)        ./lib/hw.lib(main.o) (kinit)
./lib/hw.lib(spinlock.o)      ./lib/hw.lib(trap.o) (initlock)
./lib/hw.lib(string.o)        ./lib/hw.lib(kalloc.o) (__memset)

Discarded input sections

 .group         0x0000000000000000        0xc build/src/kernel/PCB.o
 .group         0x0000000000000000        0xc build/src/kernel/KConsole.o
 .data.rel.local.DW.ref.__gxx_personality_v0
                0x0000000000000000        0x8 build/src/kernel/KConsole.o
 .group         0x0000000000000000        0xc build/src/kernel/KSemaphore.o
 .data.rel.local.DW.ref.__gxx_personality_v0
                0x0000000000000000        0x8 build/src/kernel/KSemaphore.o
 .group         0x0000000000000000        0xc build/src/user/test/buffer_CPP_API.o
 .data.rel.local.DW.ref.__gxx_personality_v0
                0x0000000000000000        0x8 build/src/user/test/buffer_CPP_API.o
 .group         0x0000000000000000        0xc build/src/user/test/buffer.o
 .data.rel.local.DW.ref.__gxx_personality_v0
                0x0000000000000000        0x8 build/src/user/test/buffer.o
 .group         0x0000000000000000        0x8 build/src/user/syscall_cpp.o
 .group         0x0000000000000000        0x8 build/src/user/syscall_cpp.o
 .group         0x0000000000000000       0x14 build/src/user/syscall_cpp.o
 .group         0x0000000000000000        0xc build/src/user/syscall_cpp.o
 .group         0x0000000000000000        0xc build/src/user/syscall_cpp.o
 .group         0x0000000000000000        0xc build/src/user/syscall_cpp.o
 .group         0x0000000000000000        0xc build/src/user/syscall_cpp.o
 .data.rel.local.DW.ref.__gxx_personality_v0
                0x0000000000000000        0x8 build/src/user/syscall_cpp.o

Memory Configuration

Name             Origin             Length             Attributes
*default*        0x0000000000000000 0xffffffffffffffff

Linker script and memory map

                0x0000000080000000                . = 0x80000000

.text           0x0000000080000000     0x8000
 *(.entry_os)
 .entry_os      0x0000000080000000       0x24 ./lib/hw.lib(entry.o)
                0x0000000080000000                _entry
                0x0000000080001000                . = ALIGN (0x1000)
 *fill*         0x0000000080000024      0xfdc 
                0x0000000080001000                PROVIDE (kernelTextStart = .)
 EXCLUDE_FILE(build/src/user/*) *(.text .text.*)
 .text          0x0000000080001000      0x120 build/src/kernel/trap.o
                0x0000000080001000                Riscv::supervisorTrap()
 .text          0x0000000080001120       0xf8 build/src/kernel/registersUtil.o
                0x0000000080001120                Riscv::pushRegisters()
                0x000000008000119c                Riscv::popRegisters()
 .text          0x0000000080001218       0x20 build/src/kernel/contextSwitch.o
                0x0000000080001218                PCB::contextSwitch(PCB::Context*, PCB::Context*)
                0x000000008000122c                PCB::contextSwitchExiting(PCB::Context*)
 .text          0x0000000080001238       0x70 build/src/kernel/syscall_c_kernel.o
                0x0000000080001238                thread_dispatch_kernel()
                0x0000000080001258                sysCallGetCharOutput()
                0x0000000080001280                thread_exit_kernel()
 .text          0x00000000800012a8     0x10f4 build/src/kernel/slabAllocator.o
                0x00000000800012a8                strcpy(char const*, char*)
                0x00000000800012dc                destroy_slab_list(slab_s**)
                0x0000000080001360                init_cache(kmem_cache_s*, char const*, unsigned long, unsigned long, void (*)(void*), void (*)(void*))
                0x00000000800013ec                slab_allocator_init(buddyAllocator*)
                0x0000000080001460                checkSetIndex(slab_s*, int)
                0x00000000800014a0                setAllocatedIndex(slab_s*, int)
                0x00000000800014e8                allocateObject(slab_s*)
                0x00000000800015a0                full(slab_s*)
                0x00000000800015c8                empty(slab_s*)
                0x00000000800015e8                insertIntoSlabList(slab_s*, slab_s**)
                0x000000008000161c                removeFromSlabList(slab_s*, slab_s**)
                0x0000000080001678                putPartialToFull(kmem_cache_s*)
                0x00000000800016d0                putEmptyToPartial(kmem_cache_s*)
                0x0000000080001728                removeFullSlab(kmem_cache_s*, slab_s*)
                0x0000000080001780                removePartialSlab(kmem_cache_s*, slab_s*)
                0x00000000800017d8                allocateSlab(kmem_cache_s*)
                0x00000000800018b8                getOptimalSlabSize(unsigned long)
                0x0000000080001970                findSlab(kmem_cache_s*, void const*)
                0x0000000080001a00                resetAllocatedIndex(slab_s*, int)
                0x0000000080001a4c                printSlabInfo(slab_s*)
                0x0000000080001ad0                free_slab_object(slab_s*, void const*)
                0x0000000080001c08                kmem_init(void*, int)
                0x0000000080001c40                kmem_cache_alloc(kmem_cache_s*)
                0x0000000080001d78                kmem_cache_create(char const*, unsigned long, void (*)(void*), void (*)(void*))
                0x0000000080001e1c                kmem_cache_free(kmem_cache_s*, void*)
                0x0000000080001e6c                kmem_cache_info(kmem_cache_s*)
                0x0000000080001fc8                printSlabAllocatorInfo()
                0x00000000800020b0                kmalloc(unsigned long)
                0x00000000800021b4                kfree(void const*)
                0x000000008000225c                kmem_cache_destroy(kmem_cache_s*)
                0x00000000800022e4                kmem_cache_shrink(kmem_cache_s*)
                0x000000008000231c                kmem_cache_error(kmem_cache_s*)
 .text          0x000000008000239c      0x5e8 build/src/kernel/PCB.o
                0x000000008000239c                PCB::runner()
                0x00000000800023e0                PCB::PCB(void (*)(void*), void*, void*, unsigned long)
                0x00000000800023e0                PCB::PCB(void (*)(void*), void*, void*, unsigned long)
                0x0000000080002430                PCB::start()
                0x0000000080002458                PCB::dispatch()
                0x00000000800024e4                PCB::operator new(unsigned long)
                0x0000000080002518                PCB::operator delete(void*)
                0x0000000080002550                PCB::~PCB()
                0x0000000080002550                PCB::~PCB()
                0x000000008000257c                PCB::initialize()
                0x00000000800026a4                PCB::isFinished()
                0x00000000800026c8                PCB::threadExitHandler()
                0x0000000080002714                PCB::threadDispatchHandler()
                0x0000000080002744                PCB::threadSleepHandler()
                0x00000000800027a8                PCB::threadCreateHandler()
                0x000000008000284c                PCB::threadStartHandler()
                0x0000000080002890                PCB::threadMakePCBHandler()
                0x0000000080002928                PCB::threadDelPCBHandler()
 .text          0x0000000080002984      0x6ac build/src/kernel/buddyAllocator.o
                0x0000000080002984                getBlockAddr(unsigned long)
                0x00000000800029a4                getNextBlockAddr(unsigned long)
                0x00000000800029d4                getDeg2Floor(unsigned long)
                0x0000000080002a08                getDeg2Ceil(unsigned long)
                0x0000000080002a3c                addBlockToLevel(void*, unsigned long)
                0x0000000080002aa4                getBuddyBlockAddr(void*, unsigned long)
                0x0000000080002ae8                split(void*, unsigned long, unsigned long, bool)
                0x0000000080002b7c                buddy_alloc(unsigned long)
                0x0000000080002c50                addBlocks(void*, unsigned long)
                0x0000000080002d7c                buddy_init(void*, unsigned long)
                0x0000000080002e70                buddy_free(void*, unsigned long)
                0x0000000080002ee0                printBuddyInfo()
                0x0000000080003010                getBuddy()
 .text          0x0000000080003030      0x628 build/src/kernel/KConsole.o
                0x0000000080003030                KConsole::initialize()
                0x000000008000310c                KConsole::putCharacterInput(char)
                0x0000000080003188                KConsole::getCharactersFromConsole()
                0x00000000800031f4                KConsole::getCharacterInput()
                0x0000000080003264                KConsole::putCharacterOutput(char)
                0x00000000800032ec                KConsole::getCharacterOutput()
                0x000000008000335c                KConsole::putcHandler()
                0x000000008000338c                KConsole::getcHandler()
                0x0000000080003418                KConsole::outputBufferEmpty()
                0x000000008000343c                KConsole::sendCharactersToConsole(void*)
                0x00000000800034e8                KConsole::getCharHandler()
                0x000000008000351c                KConsole::trapPrintString(char const*)
                0x0000000080003560                KConsole::trapPrintInt(unsigned long, int, int)
                0x00000000800035f4                KConsole::trapPrintStringInt(char const*, unsigned long, int)
 .text          0x0000000080003658       0xf4 build/src/kernel/SleepPCBList.o
                0x0000000080003658                SleepPCBList::insertSleepingPCB()
                0x00000000800036c4                SleepPCBList::tryToWakePCBs()
 .text          0x000000008000374c      0x188 build/src/kernel/Scheduler.o
                0x000000008000374c                Scheduler::operator new(unsigned long)
                0x0000000080003774                Scheduler::operator delete(void*)
                0x000000008000379c                Scheduler::getSize()
                0x00000000800037d4                Scheduler::put(PCB*)
                0x0000000080003828                Scheduler::get()
                0x0000000080003874                Scheduler::print()
 .text          0x00000000800038d4       0x28 build/src/kernel/main.o
                0x00000000800038d4                main
 .text          0x00000000800038fc      0x2a4 build/src/kernel/buddyTests.o
                0x00000000800038fc                buddyInitTest1()
                0x0000000080003924                buddyOnlyAllocsTest1()
                0x000000008000399c                buddyOnlyAllocsTest2()
                0x00000000800039d8                buddyAllocFreeTest1()
                0x0000000080003ac8                buddyTestMixa()
 .text          0x0000000080003ba0      0x9d4 build/src/kernel/Riscv.o
                0x0000000080003ba0                Riscv::initVirtualMemory()
                0x0000000080003bb8                Riscv::enableInterrupts()
                0x0000000080003bd8                Riscv::disableInterrupts()
                0x0000000080003bf8                Riscv::endSystem()
                0x0000000080003c8c                Riscv::popSppSpie()
                0x0000000080003ce4                Riscv::setVirtualAddr(unsigned long, unsigned long, unsigned long)
                0x0000000080003e38                Riscv::setVirtualAddrRange(unsigned long, unsigned long, int)
                0x0000000080003ea0                Riscv::initSystem()
                0x0000000080004138                Riscv::kernelMain()
                0x00000000800041b0                Riscv::addVirtualAddr(unsigned long)
                0x00000000800041e0                Riscv::addVirtualAddrInstr(unsigned long)
                0x0000000080004210                Riscv::disableTimerInterrupts()
                0x0000000080004230                Riscv::w_a0_sscratch()
                0x0000000080004268                Riscv::changePrivMode()
                0x00000000800042a8                Riscv::handleSupervisorTrap()
 .text          0x0000000080004574      0x4c0 build/src/kernel/MemoryAllocator.o
                0x0000000080004574                MemoryAllocator::initMemory(void*)
                0x00000000800045d0                MemoryAllocator::insertAllFragment(void*, unsigned long, void*)
                0x0000000080004640                MemoryAllocator::insertNewAllocatedFragment(void*, unsigned long)
                0x00000000800046a4                MemoryAllocator::tryToAllocateFragment(unsigned long)
                0x00000000800047b0                MemoryAllocator::mem_alloc(unsigned long)
                0x00000000800047d8                MemoryAllocator::insertNewFreeSegment(void*, unsigned long)
                0x00000000800048a0                MemoryAllocator::tryToFreeSegment(void*)
                0x000000008000493c                MemoryAllocator::mem_free(void*)
                0x0000000080004964                MemoryAllocator::kmalloc(unsigned long)
                0x000000008000498c                MemoryAllocator::memAllocHandler()
                0x00000000800049d4                MemoryAllocator::kfree(void*)
                0x00000000800049fc                MemoryAllocator::memFreeHandler()
 .text          0x0000000080004a34      0x524 build/src/kernel/slabTests.o
                0x0000000080004a34                slabInitTest()
                0x0000000080004a6c                slabCacheCreateTest()
                0x0000000080004b24                slabCacheCreateTest2()
                0x0000000080004bc0                memset(void const*, int, int)
                0x0000000080004bf0                construct(void*)
                0x0000000080004c20                check(void*, unsigned long)
                0x0000000080004c68                work(void*)
                0x0000000080004e64                runs(void (*)(void*), data_s*, int)
                0x0000000080004edc                testOS2()
 .text          0x0000000080004f58      0x438 build/src/kernel/KSemaphore.o
                0x0000000080004f58                KSemaphore::KSemaphore(int)
                0x0000000080004f58                KSemaphore::KSemaphore(int)
                0x0000000080004f7c                KSemaphore::addToBlocked(PCB*)
                0x0000000080004fb8                KSemaphore::block()
                0x0000000080004ffc                KSemaphore::wait()
                0x0000000080005054                KSemaphore::getFirstBlocked()
                0x0000000080005070                KSemaphore::removeFirstBlocked()
                0x00000000800050ac                KSemaphore::~KSemaphore()
                0x00000000800050ac                KSemaphore::~KSemaphore()
                0x0000000080005118                KSemaphore::unblock()
                0x0000000080005174                KSemaphore::signal()
                0x00000000800051bc                KSemaphore::operator new(unsigned long)
                0x00000000800051f0                KSemaphore::semOpenHandler()
                0x000000008000526c                KSemaphore::operator delete(void*)
                0x00000000800052a4                KSemaphore::semWaitHandler()
                0x00000000800052f8                KSemaphore::semSignalHandler()
                0x000000008000533c                KSemaphore::semCloseHandler()
 .text          0x0000000080005390        0x0 ./lib/hw.lib(entry.o)
 .text          0x0000000080005390      0x18c ./lib/hw.lib(start.o)
                0x0000000080005390                start
                0x0000000080005490                timerinit
 .text          0x000000008000551c       0xd8 ./lib/hw.lib(main.o)
                0x000000008000551c                system_main
 .text          0x00000000800055f4      0x100 ./lib/hw.lib(proc.o)
                0x00000000800055f4                cpuid
                0x0000000080005614                mycpu
                0x0000000080005644                userinit
                0x0000000080005660                either_copyout
                0x00000000800056ac                either_copyin
 .text          0x00000000800056f4      0x32c ./lib/hw.lib(trap.o)
                0x00000000800056f4                trapinit
                0x0000000080005720                trapinithart
                0x0000000080005744                usertrap
                0x000000008000575c                usertrapret
                0x0000000080005774                kerneltrap
                0x00000000800058bc                clockintr
                0x0000000080005914                devintr
 *fill*         0x0000000080005a20        0x0 
 .text          0x0000000080005a20      0x150 ./lib/hw.lib(kernelvec.o)
                0x0000000080005a20                kernelvec
                0x0000000080005b30                timervec
 .text          0x0000000080005b70       0xf0 ./lib/hw.lib(plic.o)
                0x0000000080005b70                plicinit
                0x0000000080005b98                plicinithart
                0x0000000080005be4                plic_claim
                0x0000000080005c1c                plic_complete
 .text          0x0000000080005c60        0x0 ./lib/hw.lib(support_cpp.o)
 .text          0x0000000080005c60        0x0 ./lib/hw.lib(hw.o)
 .text          0x0000000080005c60      0x36c ./lib/hw.lib(console.o)
                0x0000000080005c60                consolewrite
                0x0000000080005d04                consoleread
                0x0000000080005e44                consputc
                0x0000000080005e94                consoleintr
                0x0000000080005f28                consoleinit
                0x0000000080005f8c                console_read
                0x0000000080005fac                console_write
 .text          0x0000000080005fcc      0x738 ./lib/hw.lib(printf.o)
                0x0000000080005fcc                panic
                0x0000000080006028                __printf
                0x00000000800066bc                printfinit
 .text          0x0000000080006704      0x344 ./lib/hw.lib(uart.o)
                0x0000000080006704                uartinit
                0x0000000080006748                uartputc
                0x0000000080006840                uartputc_sync
                0x0000000080006884                uartstart
                0x00000000800068f8                uartgetc
                0x0000000080006930                uartintr
 .text          0x0000000080006a48      0x290 ./lib/hw.lib(kalloc.o)
                0x0000000080006a48                kinit
                0x0000000080006b20                freerange
                0x0000000080006c00                kfree
                0x0000000080006c80                kalloc
 .text          0x0000000080006cd8      0x3e0 ./lib/hw.lib(spinlock.o)
                0x0000000080006cd8                initlock
                0x0000000080006cfc                acquire
                0x0000000080006dc8                release
                0x0000000080006e90                holding
                0x0000000080006edc                push_off
                0x0000000080006f50                pop_off
                0x0000000080006fcc                push_on
                0x0000000080007040                pop_on
 .text          0x00000000800070b8      0x394 ./lib/hw.lib(string.o)
                0x00000000800070b8                __memset
                0x00000000800072d4                __memmove
                0x0000000080008000                . = ALIGN (0x1000)
 *fill*         0x000000008000744c      0xbb4 
                0x0000000080008000                PROVIDE (kernelDataStart = .)

.rodata         0x0000000080008000      0x73f
                0x0000000080008000                . = ALIGN (0x10)
 EXCLUDE_FILE(build/src/user/*) *(.srodata .srodata.*)
 .srodata       0x0000000080008000       0x18 ./lib/hw.lib(hw.o)
                0x0000000080008000                CONSOLE_RX_DATA
                0x0000000080008008                CONSOLE_TX_DATA
                0x0000000080008010                CONSOLE_STATUS
                0x0000000080008020                . = ALIGN (0x10)
 *fill*         0x0000000080008018        0x8 
 EXCLUDE_FILE(build/src/user/*) *(.rodata .rodata.*)
 .rodata.str1.8
                0x0000000080008020      0x22e build/src/kernel/slabAllocator.o
                                        0x236 (size before relaxing)
 *fill*         0x000000008000824e        0x2 
 .rodata.str1.8
                0x0000000080008250       0xee build/src/kernel/buddyAllocator.o
                                         0xf6 (size before relaxing)
 *fill*         0x000000008000833e        0x2 
 .rodata.str1.8
                0x0000000080008340       0x11 build/src/kernel/KConsole.o
                                         0x1a (size before relaxing)
 .rodata.str1.8
                0x0000000080008351        0x2 build/src/kernel/Scheduler.o
 *fill*         0x0000000080008351        0x7 
 .rodata.str1.8
                0x0000000080008358       0x10 build/src/kernel/buddyTests.o
 .rodata.str1.8
                0x0000000080008368       0x32 build/src/kernel/Riscv.o
 *fill*         0x000000008000839a        0x2 
 .rodata        0x000000008000839c      0x150 build/src/kernel/Riscv.o
 *fill*         0x00000000800084ec        0x4 
 .rodata.str1.8
                0x00000000800084f0       0x7d build/src/kernel/slabTests.o
 *fill*         0x000000008000856d        0x3 
 .rodata.str1.8
                0x0000000080008570       0x51 ./lib/hw.lib(main.o)
                                         0x59 (size before relaxing)
 *fill*         0x00000000800085c1        0x7 
 .rodata.str1.8
                0x00000000800085c8       0x4b ./lib/hw.lib(proc.o)
 *fill*         0x0000000080008613        0x5 
 .rodata.str1.8
                0x0000000080008618       0x7b ./lib/hw.lib(trap.o)
 *fill*         0x0000000080008693        0x5 
 .rodata.str1.8
                0x0000000080008698        0x5 ./lib/hw.lib(console.o)
 *fill*         0x000000008000869d        0x3 
 .rodata.str1.8
                0x00000000800086a0       0x23 ./lib/hw.lib(printf.o)
                                         0x2b (size before relaxing)
 *fill*         0x00000000800086c3        0x5 
 .rodata        0x00000000800086c8       0x11 ./lib/hw.lib(printf.o)
 *fill*         0x00000000800086d9        0x7 
 .rodata.str1.8
                0x00000000800086e0        0x6 ./lib/hw.lib(kalloc.o)
 *fill*         0x00000000800086e6        0x2 
 .rodata.str1.8
                0x00000000800086e8       0x57 ./lib/hw.lib(spinlock.o)

.gcc_except_table
                0x000000008000873f      0x118
 .gcc_except_table
                0x000000008000873f        0x4 build/src/kernel/PCB.o
 .gcc_except_table
                0x0000000080008743       0x5f build/src/kernel/KConsole.o
 .gcc_except_table
                0x00000000800087a2        0x4 build/src/kernel/KSemaphore.o
 .gcc_except_table
                0x00000000800087a6       0xa5 build/src/user/test/buffer_CPP_API.o
 .gcc_except_table
                0x000000008000884b        0x4 build/src/user/test/buffer.o
 .gcc_except_table
                0x000000008000884f        0x8 build/src/user/syscall_cpp.o

.data           0x0000000080008858       0x50
                0x0000000080008860                . = ALIGN (0x10)
 *fill*         0x0000000080008858        0x8 
 EXCLUDE_FILE(build/src/user/*) *(.sdata .sdata.*)
 .sdata         0x0000000080008860       0x10 ./lib/hw.lib(hw.o)
                0x0000000080008860                HEAP_END_ADDR
                0x0000000080008868                HEAP_START_ADDR
                0x0000000080008870                . = ALIGN (0x10)
 EXCLUDE_FILE(build/src/user/*) *(.data .data.*)
 .data          0x0000000080008870        0x0 build/src/kernel/trap.o
 .data          0x0000000080008870        0x0 build/src/kernel/registersUtil.o
 .data          0x0000000080008870        0x0 build/src/kernel/contextSwitch.o
 .data          0x0000000080008870        0x0 build/src/kernel/syscall_c_kernel.o
 .data          0x0000000080008870        0x0 build/src/kernel/slabAllocator.o
 .data          0x0000000080008870        0x0 build/src/kernel/PCB.o
 .data.rel.local.DW.ref.__gxx_personality_v0
                0x0000000080008870        0x8 build/src/kernel/PCB.o
                0x0000000080008870                DW.ref.__gxx_personality_v0
 .data          0x0000000080008878        0x0 build/src/kernel/buddyAllocator.o
 .data          0x0000000080008878        0x0 build/src/kernel/KConsole.o
 .data          0x0000000080008878        0x0 build/src/kernel/SleepPCBList.o
 .data          0x0000000080008878        0x0 build/src/kernel/Scheduler.o
 .data          0x0000000080008878        0x0 build/src/kernel/main.o
 .data          0x0000000080008878        0x0 build/src/kernel/buddyTests.o
 .data          0x0000000080008878        0x8 build/src/kernel/Riscv.o
                0x0000000080008878                Riscv::programStartAddr
 .data          0x0000000080008880        0x0 build/src/kernel/MemoryAllocator.o
 .data          0x0000000080008880        0x0 build/src/kernel/slabTests.o
 .data.rel.ro.local
                0x0000000080008880       0x28 build/src/kernel/slabTests.o
 .data          0x00000000800088a8        0x0 build/src/kernel/KSemaphore.o
 .data          0x00000000800088a8        0x0 ./lib/hw.lib(entry.o)
 .data          0x00000000800088a8        0x0 ./lib/hw.lib(start.o)
 .data          0x00000000800088a8        0x0 ./lib/hw.lib(main.o)
 .data          0x00000000800088a8        0x0 ./lib/hw.lib(proc.o)
 .data          0x00000000800088a8        0x0 ./lib/hw.lib(trap.o)
 .data          0x00000000800088a8        0x0 ./lib/hw.lib(kernelvec.o)
 .data          0x00000000800088a8        0x0 ./lib/hw.lib(plic.o)
 .data          0x00000000800088a8        0x0 ./lib/hw.lib(support_cpp.o)
 .data          0x00000000800088a8        0x0 ./lib/hw.lib(hw.o)
 .data          0x00000000800088a8        0x0 ./lib/hw.lib(console.o)
 .data          0x00000000800088a8        0x0 ./lib/hw.lib(printf.o)
 .data          0x00000000800088a8        0x0 ./lib/hw.lib(uart.o)
 .data          0x00000000800088a8        0x0 ./lib/hw.lib(kalloc.o)
 .data          0x00000000800088a8        0x0 ./lib/hw.lib(spinlock.o)
 .data          0x00000000800088a8        0x0 ./lib/hw.lib(string.o)

.got            0x00000000800088a8       0xc8
 .got           0x00000000800088a8       0xc8 build/src/kernel/trap.o
                0x00000000800088a8                _GLOBAL_OFFSET_TABLE_

.got.plt        0x0000000080008970       0x10
 .got.plt       0x0000000080008970       0x10 build/src/kernel/trap.o

.bss            0x0000000080008980     0x1380
                0x0000000080008980                . = ALIGN (0x10)
 EXCLUDE_FILE(build/src/user/*) *(.sbss .sbss.*)
 .sbss          0x0000000080008980        0x4 ./lib/hw.lib(main.o)
 .sbss          0x0000000080008984        0x4 ./lib/hw.lib(trap.o)
                0x0000000080008984                ticks
 .sbss          0x0000000080008988        0x4 ./lib/hw.lib(printf.o)
                0x0000000080008988                panicked
 *fill*         0x000000008000898c        0x4 
 .sbss          0x0000000080008990       0x10 ./lib/hw.lib(uart.o)
                0x0000000080008990                uart_tx_r
                0x0000000080008998                uart_tx_w
 .sbss          0x00000000800089a0        0x8 ./lib/hw.lib(kalloc.o)
                0x00000000800089a0                kmem
                0x00000000800089b0                . = ALIGN (0x10)
 *fill*         0x00000000800089a8        0x8 
 EXCLUDE_FILE(build/src/user/*) *(.bss .bss.*)
 .bss           0x00000000800089b0        0x0 build/src/kernel/trap.o
 .bss           0x00000000800089b0        0x0 build/src/kernel/registersUtil.o
 .bss           0x00000000800089b0        0x0 build/src/kernel/contextSwitch.o
 .bss           0x00000000800089b0        0x0 build/src/kernel/syscall_c_kernel.o
 .bss           0x00000000800089b0        0x8 build/src/kernel/slabAllocator.o
 .bss           0x00000000800089b8       0x28 build/src/kernel/PCB.o
                0x00000000800089b8                PCB::running
                0x00000000800089c0                PCB::consolePCB
                0x00000000800089c8                PCB::userPCB
                0x00000000800089d0                PCB::timeSliceCounter
                0x00000000800089d8                PCB::savedRegA4
 .bss           0x00000000800089e0        0x8 build/src/kernel/buddyAllocator.o
 .bss           0x00000000800089e8       0x51 build/src/kernel/KConsole.o
                0x00000000800089e8                KConsole::hasCharactersInput
                0x00000000800089f0                KConsole::hasCharactersOutput
                0x00000000800089f8                KConsole::inputBuffer
                0x0000000080008a00                KConsole::outputBuffer
                0x0000000080008a08                KConsole::inputTail
                0x0000000080008a10                KConsole::inputHead
                0x0000000080008a18                KConsole::pendingGetc
                0x0000000080008a20                KConsole::outputTail
                0x0000000080008a28                KConsole::outputHead
                0x0000000080008a30                KConsole::pendingPutc
                0x0000000080008a38                KConsole::finished
 *fill*         0x0000000080008a39        0x7 
 .bss           0x0000000080008a40        0x8 build/src/kernel/SleepPCBList.o
                0x0000000080008a40                SleepPCBList::sleepingPCBHead
 .bss           0x0000000080008a48       0x10 build/src/kernel/Scheduler.o
                0x0000000080008a48                Scheduler::schedulerPCBHead
                0x0000000080008a50                Scheduler::schedulerPCBTail
 .bss           0x0000000080008a58        0x0 build/src/kernel/main.o
 .bss           0x0000000080008a58        0x0 build/src/kernel/buddyTests.o
 .bss           0x0000000080008a58       0x30 build/src/kernel/Riscv.o
                0x0000000080008a58                Riscv::finishSystem
                0x0000000080008a60                Riscv::mainPMT
                0x0000000080008a68                Riscv::pcbCache
                0x0000000080008a70                Riscv::semaphoreCache
                0x0000000080008a78                Riscv::kernelMainCalled
                0x0000000080008a80                Riscv::totalTime
 .bss           0x0000000080008a88       0x18 build/src/kernel/MemoryAllocator.o
                0x0000000080008a88                MemoryAllocator::memoryInitiliaized
                0x0000000080008a90                MemoryAllocator::headAllocated
                0x0000000080008a98                MemoryAllocator::headFree
 .bss           0x0000000080008aa0        0x0 build/src/kernel/slabTests.o
 .bss           0x0000000080008aa0        0x0 build/src/kernel/KSemaphore.o
 .bss           0x0000000080008aa0        0x0 ./lib/hw.lib(entry.o)
 .bss           0x0000000080008aa0     0x1030 ./lib/hw.lib(start.o)
                0x0000000080008aa0                timer_scratch
                0x0000000080008ad0                stack0
 .bss           0x0000000080009ad0        0x0 ./lib/hw.lib(main.o)
 .bss           0x0000000080009ad0       0x80 ./lib/hw.lib(proc.o)
                0x0000000080009ad0                cpus
 .bss           0x0000000080009b50       0x18 ./lib/hw.lib(trap.o)
                0x0000000080009b50                tickslock
 .bss           0x0000000080009b68        0x0 ./lib/hw.lib(kernelvec.o)
 .bss           0x0000000080009b68        0x0 ./lib/hw.lib(plic.o)
 .bss           0x0000000080009b68       0x10 ./lib/hw.lib(support_cpp.o)
                0x0000000080009b68                _Unwind_Resume
                0x0000000080009b70                __gxx_personality_v0
 .bss           0x0000000080009b78        0x0 ./lib/hw.lib(hw.o)
 .bss           0x0000000080009b78      0x148 ./lib/hw.lib(console.o)
                0x0000000080009b78                cons
                0x0000000080009c20                devsw
 .bss           0x0000000080009cc0       0x20 ./lib/hw.lib(printf.o)
 .bss           0x0000000080009ce0       0x20 ./lib/hw.lib(uart.o)
                0x0000000080009ce0                uart_tx_buf
 .bss           0x0000000080009d00        0x0 ./lib/hw.lib(kalloc.o)
 .bss           0x0000000080009d00        0x0 ./lib/hw.lib(spinlock.o)
 .bss           0x0000000080009d00        0x0 ./lib/hw.lib(string.o)

.eh_frame       0x0000000080009d00     0x18e8
 EXCLUDE_FILE(build/src/user/*) *(.eh_frame .eh_frame.*)
 .eh_frame      0x0000000080009d00       0x80 build/src/kernel/syscall_c_kernel.o
 .eh_frame      0x0000000080009d80      0x5d0 build/src/kernel/slabAllocator.o
                                        0x5e0 (size before relaxing)
 .eh_frame      0x000000008000a350      0x2e0 build/src/kernel/PCB.o
                                        0x2f8 (size before relaxing)
 .eh_frame      0x000000008000a630      0x240 build/src/kernel/buddyAllocator.o
                                        0x250 (size before relaxing)
 .eh_frame      0x000000008000a870      0x260 build/src/kernel/KConsole.o
                                        0x290 (size before relaxing)
 .eh_frame      0x000000008000aad0       0x58 build/src/kernel/SleepPCBList.o
                                         0x68 (size before relaxing)
 .eh_frame      0x000000008000ab28       0xf0 build/src/kernel/Scheduler.o
                                        0x108 (size before relaxing)
 .eh_frame      0x000000008000ac18       0x28 build/src/kernel/main.o
                                         0x40 (size before relaxing)
 .eh_frame      0x000000008000ac40       0xe8 build/src/kernel/buddyTests.o
                                         0xf8 (size before relaxing)
 .eh_frame      0x000000008000ad28      0x298 build/src/kernel/Riscv.o
                                        0x2a8 (size before relaxing)
 .eh_frame      0x000000008000afc0      0x200 build/src/kernel/MemoryAllocator.o
                                        0x210 (size before relaxing)
 .eh_frame      0x000000008000b1c0      0x1a8 build/src/kernel/slabTests.o
                                        0x1c0 (size before relaxing)
 .eh_frame      0x000000008000b368      0x280 build/src/kernel/KSemaphore.o
                                        0x2b0 (size before relaxing)

.rela.dyn       0x000000008000b5e8        0x0
 .rela.got      0x000000008000b5e8        0x0 build/src/kernel/trap.o
 .rela.text     0x000000008000b5e8        0x0 build/src/kernel/trap.o
 .rela.text._ZN14PeriodicThreadD2Ev
                0x000000008000b5e8        0x0 build/src/kernel/trap.o
 .rela.text._ZN14PeriodicThreadD0Ev
                0x000000008000b5e8        0x0 build/src/kernel/trap.o
 .rela.data.rel.ro.local._ZTV14PeriodicThread
                0x000000008000b5e8        0x0 build/src/kernel/trap.o
 .rela.data.rel.ro.local._ZTV6Thread
                0x000000008000b5e8        0x0 build/src/kernel/trap.o
 .rela.sdata    0x000000008000b5e8        0x0 build/src/kernel/trap.o

.kernel         0x000000008000b5e8     0x35c0
                0x000000008000c000                . = ALIGN (0x1000)
 *fill*         0x000000008000b5e8      0xa18 
                0x000000008000c000                PROVIDE (userTextStart = .)
 *(.text .text.*)
 .text          0x000000008000c000       0x20 build/src/user/lock.o
                0x000000008000c000                copy_and_swap
 .text          0x000000008000c020      0x350 build/src/user/syscall_c.o
                0x000000008000c020                mem_alloc(unsigned long)
                0x000000008000c050                mem_free(void*)
                0x000000008000c07c                thread_create(_thread**, void (*)(void*), void*)
                0x000000008000c10c                thread_dispatch()
                0x000000008000c12c                thread_exit()
                0x000000008000c154                sem_open(_sem**, unsigned int)
                0x000000008000c18c                sem_close(_sem*)
                0x000000008000c1b8                sem_wait(_sem*)
                0x000000008000c1e4                sem_signal(_sem*)
                0x000000008000c210                time_sleep(unsigned long)
                0x000000008000c23c                thread_start(void*)
                0x000000008000c268                thread_make_pcb(_thread**, void (*)(void*), void*)
                0x000000008000c2f8                getc()
                0x000000008000c320                putc(char)
                0x000000008000c344                thread_delete_pcb(_thread*)
 .text          0x000000008000c370       0x28 build/src/user/_thread.o
                0x000000008000c370                _thread::operator delete(void*)
 .text          0x000000008000c398      0x2ac build/src/user/test/printing.o
                0x000000008000c398                printString(char const*)
                0x000000008000c414                getString(char*, int)
                0x000000008000c4e0                stringToInt(char const*)
                0x000000008000c530                printInt(int, int, int)
 .text          0x000000008000c644      0x408 build/src/user/test/buffer_CPP_API.o
                0x000000008000c644                BufferCPP::BufferCPP(int)
                0x000000008000c644                BufferCPP::BufferCPP(int)
                0x000000008000c7a8                BufferCPP::put(int)
                0x000000008000c838                BufferCPP::get()
                0x000000008000c8c4                BufferCPP::getCnt()
                0x000000008000c94c                BufferCPP::~BufferCPP()
                0x000000008000c94c                BufferCPP::~BufferCPP()
 .text          0x000000008000ca4c      0x154 build/src/user/test/userMain.o
                0x000000008000ca4c                sleepyRun(void*)
                0x000000008000caf0                testSleeping()
                0x000000008000cb78                userMain()
 .text          0x000000008000cba0      0x320 build/src/user/test/buffer.o
                0x000000008000cba0                Buffer::Buffer(int)
                0x000000008000cba0                Buffer::Buffer(int)
                0x000000008000cc3c                Buffer::put(int)
                0x000000008000cccc                Buffer::get()
                0x000000008000cd58                Buffer::getCnt()
                0x000000008000cde0                Buffer::~Buffer()
                0x000000008000cde0                Buffer::~Buffer()
 .text          0x000000008000cec0      0x448 build/src/user/syscall_cpp.o
                0x000000008000cec0                Thread::runner(void*)
                0x000000008000ceec                Thread::~Thread()
                0x000000008000ceec                Thread::~Thread()
                0x000000008000cf2c                Semaphore::~Semaphore()
                0x000000008000cf2c                Semaphore::~Semaphore()
                0x000000008000cf6c                operator new(unsigned long)
                0x000000008000cf94                operator delete(void*)
                0x000000008000cfbc                Thread::~Thread()
                0x000000008000cffc                Semaphore::~Semaphore()
                0x000000008000d03c                Thread::start()
                0x000000008000d074                Thread::dispatch()
                0x000000008000d09c                Thread::sleep(unsigned long)
                0x000000008000d0c4                PeriodicThread::runner(void*)
                0x000000008000d104                Thread::Thread(void (*)(void*), void*)
                0x000000008000d104                Thread::Thread(void (*)(void*), void*)
                0x000000008000d140                Thread::Thread()
                0x000000008000d140                Thread::Thread()
                0x000000008000d188                Semaphore::wait()
                0x000000008000d1c0                Semaphore::Semaphore(unsigned int)
                0x000000008000d1c0                Semaphore::Semaphore(unsigned int)
                0x000000008000d20c                Semaphore::signal()
                0x000000008000d244                Console::getc()
                0x000000008000d26c                Console::putc(char)
                0x000000008000d294                PeriodicThread::PeriodicThread(unsigned long)
                0x000000008000d294                PeriodicThread::PeriodicThread(unsigned long)
 .text._ZN6Thread3runEv
                0x000000008000d308       0x18 build/src/user/syscall_cpp.o
                0x000000008000d308                Thread::run()
 .text._ZN14PeriodicThread18periodicActivationEv
                0x000000008000d320       0x18 build/src/user/syscall_cpp.o
                0x000000008000d320                PeriodicThread::periodicActivation()
 .text._ZN14PeriodicThreadD2Ev
                0x000000008000d338       0x34 build/src/user/syscall_cpp.o
                0x000000008000d338                PeriodicThread::~PeriodicThread()
                0x000000008000d338                PeriodicThread::~PeriodicThread()
 .text._ZN14PeriodicThreadD0Ev
                0x000000008000d36c       0x4c build/src/user/syscall_cpp.o
                0x000000008000d36c                PeriodicThread::~PeriodicThread()
 .text          0x000000008000d3b8       0x5c build/src/user/PCBWrapperUser.o
                0x000000008000d3b8                PCBWrapperUser::userMainWrapper(void*)
                0x000000008000d3e0                PCBWrapperUser::wrapperUser(void (*)(void*), void*)
 .text          0x000000008000d414       0x28 build/src/user/_sem.o
                0x000000008000d414                _sem::operator delete(void*)
                0x000000008000e000                . = ALIGN (0x1000)
 *fill*         0x000000008000d43c      0xbc4 
                0x000000008000e000                PROVIDE (userDataStart = .)
 *(.srodata .srodata.*)
 *(.rodata .rodata.*)
 .rodata.str1.8
                0x000000008000e000       0x11 build/src/user/test/buffer_CPP_API.o
 *fill*         0x000000008000e011        0x7 
 .rodata.str1.8
                0x000000008000e018        0xc build/src/user/test/userMain.o
 .rodata.str1.8
                0x000000008000e024       0x11 build/src/user/test/buffer.o
 *(.sdata .sdata.*)
 *(.data .data.*)
 .data          0x000000008000e024        0x0 build/src/user/lock.o
 .data          0x000000008000e024        0x0 build/src/user/syscall_c.o
 .data          0x000000008000e024        0x0 build/src/user/_thread.o
 *fill*         0x000000008000e024        0x4 
 .data          0x000000008000e028       0x11 build/src/user/test/printing.o
                0x000000008000e028                digits
 .data          0x000000008000e039        0x0 build/src/user/test/buffer_CPP_API.o
 .data          0x000000008000e039        0x0 build/src/user/test/userMain.o
 .data          0x000000008000e039        0x0 build/src/user/test/buffer.o
 .data          0x000000008000e039        0x0 build/src/user/syscall_cpp.o
 *fill*         0x000000008000e039        0x7 
 .data.rel.ro.local._ZTV14PeriodicThread
                0x000000008000e040       0x30 build/src/user/syscall_cpp.o
                0x000000008000e040                vtable for PeriodicThread
 .data.rel.ro.local._ZTV6Thread
                0x000000008000e070       0x28 build/src/user/syscall_cpp.o
                0x000000008000e070                vtable for Thread
 .data.rel.ro.local._ZTV9Semaphore
                0x000000008000e098       0x20 build/src/user/syscall_cpp.o
                0x000000008000e098                vtable for Semaphore
 .data          0x000000008000e0b8        0x0 build/src/user/PCBWrapperUser.o
 .data          0x000000008000e0b8        0x0 build/src/user/_sem.o
 *(.sbss .sbss.*)
 *(.bss .bss.*)
 .bss           0x000000008000e0b8        0x0 build/src/user/lock.o
 .bss           0x000000008000e0b8        0x0 build/src/user/syscall_c.o
 .bss           0x000000008000e0b8        0x0 build/src/user/_thread.o
 .bss           0x000000008000e0b8        0x8 build/src/user/test/printing.o
                0x000000008000e0b8                lockPrint
 .bss           0x000000008000e0c0        0x0 build/src/user/test/buffer_CPP_API.o
 .bss           0x000000008000e0c0        0x2 build/src/user/test/userMain.o
                0x000000008000e0c0                finished
 .bss           0x000000008000e0c2        0x0 build/src/user/test/buffer.o
 .bss           0x000000008000e0c2        0x0 build/src/user/syscall_cpp.o
 .bss           0x000000008000e0c2        0x0 build/src/user/PCBWrapperUser.o
 .bss           0x000000008000e0c2        0x0 build/src/user/_sem.o
 *(.eh_frame .eh_frame.*)
 *fill*         0x000000008000e0c2        0x6 
 .eh_frame      0x000000008000e0c8      0x258 build/src/user/syscall_c.o
 .eh_frame      0x000000008000e320       0x40 build/src/user/_thread.o
 .eh_frame      0x000000008000e360       0xd0 build/src/user/test/printing.o
 .eh_frame      0x000000008000e430      0x130 build/src/user/test/buffer_CPP_API.o
 .eh_frame      0x000000008000e560       0x98 build/src/user/test/userMain.o
 .eh_frame      0x000000008000e5f8      0x128 build/src/user/test/buffer.o
 .eh_frame      0x000000008000e720      0x3e0 build/src/user/syscall_cpp.o
 .eh_frame      0x000000008000eb00       0x68 build/src/user/PCBWrapperUser.o
 .eh_frame      0x000000008000eb68       0x40 build/src/user/_sem.o
                0x000000008000f000                . = ALIGN (0x1000)
                0x000000008000f000                PROVIDE (end = .)
LOAD build/src/kernel/trap.o
LOAD build/src/kernel/registersUtil.o
LOAD build/src/kernel/contextSwitch.o
LOAD build/src/user/lock.o
LOAD build/src/kernel/syscall_c_kernel.o
LOAD build/src/kernel/slabAllocator.o
LOAD build/src/kernel/PCB.o
LOAD build/src/kernel/buddyAllocator.o
LOAD build/src/kernel/KConsole.o
LOAD build/src/kernel/SleepPCBList.o
LOAD build/src/kernel/Scheduler.o
LOAD build/src/kernel/main.o
LOAD build/src/kernel/buddyTests.o
LOAD build/src/kernel/Riscv.o
LOAD build/src/kernel/MemoryAllocator.o
LOAD build/src/kernel/slabTests.o
LOAD build/src/kernel/KSemaphore.o
LOAD build/src/user/syscall_c.o
LOAD build/src/user/_thread.o
LOAD build/src/user/test/printing.o
LOAD build/src/user/test/buffer_CPP_API.o
LOAD build/src/user/test/userMain.o
LOAD build/src/user/test/buffer.o
LOAD build/src/user/syscall_cpp.o
LOAD build/src/user/PCBWrapperUser.o
LOAD build/src/user/_sem.o
LOAD ./lib/hw.lib
LOAD ./lib/mem.lib
LOAD ./lib/console.lib
LOAD ./lib/hw.lib
LOAD ./lib/mem.lib
LOAD ./lib/console.lib
OUTPUT(kernel elf64-littleriscv)

.debug_line     0x0000000000000000     0x86c0
 .debug_line    0x0000000000000000      0x1dc build/src/kernel/trap.o
 .debug_line    0x00000000000001dc       0x6b build/src/kernel/registersUtil.o
 .debug_line    0x0000000000000247       0x77 build/src/kernel/contextSwitch.o
 .debug_line    0x00000000000002be       0x6c build/src/user/lock.o
 .debug_line    0x000000000000032a      0x149 build/src/kernel/syscall_c_kernel.o
 .debug_line    0x0000000000000473     0x174d build/src/kernel/slabAllocator.o
 .debug_line    0x0000000000001bc0      0x812 build/src/kernel/PCB.o
 .debug_line    0x00000000000023d2      0x910 build/src/kernel/buddyAllocator.o
 .debug_line    0x0000000000002ce2      0x7fd build/src/kernel/KConsole.o
 .debug_line    0x00000000000034df      0x2aa build/src/kernel/SleepPCBList.o
 .debug_line    0x0000000000003789      0x322 build/src/kernel/Scheduler.o
 .debug_line    0x0000000000003aab       0xb8 build/src/kernel/main.o
 .debug_line    0x0000000000003b63      0x412 build/src/kernel/buddyTests.o
 .debug_line    0x0000000000003f75     0x1122 build/src/kernel/Riscv.o
 .debug_line    0x0000000000005097      0x9b8 build/src/kernel/MemoryAllocator.o
 .debug_line    0x0000000000005a4f      0x645 build/src/kernel/slabTests.o
 .debug_line    0x0000000000006094      0x696 build/src/kernel/KSemaphore.o
 .debug_line    0x000000000000672a      0x783 build/src/user/syscall_c.o
 .debug_line    0x0000000000006ead       0xb3 build/src/user/_thread.o
 .debug_line    0x0000000000006f60      0x3be build/src/user/test/printing.o
 .debug_line    0x000000000000731e      0x59d build/src/user/test/buffer_CPP_API.o
 .debug_line    0x00000000000078bb      0x255 build/src/user/test/userMain.o
 .debug_line    0x0000000000007b10      0x4a4 build/src/user/test/buffer.o
 .debug_line    0x0000000000007fb4      0x54e build/src/user/syscall_cpp.o
 .debug_line    0x0000000000008502      0x111 build/src/user/PCBWrapperUser.o
 .debug_line    0x0000000000008613       0xad build/src/user/_sem.o

.debug_info     0x0000000000000000     0xfb43
 .debug_info    0x0000000000000000       0x2e build/src/kernel/trap.o
 .debug_info    0x000000000000002e       0x2e build/src/kernel/registersUtil.o
 .debug_info    0x000000000000005c       0x2e build/src/kernel/contextSwitch.o
 .debug_info    0x000000000000008a       0x2e build/src/user/lock.o
 .debug_info    0x00000000000000b8      0x1a6 build/src/kernel/syscall_c_kernel.o
 .debug_info    0x000000000000025e     0x1fae build/src/kernel/slabAllocator.o
 .debug_info    0x000000000000220c     0x1390 build/src/kernel/PCB.o
 .debug_info    0x000000000000359c     0x11a7 build/src/kernel/buddyAllocator.o
 .debug_info    0x0000000000004743     0x1339 build/src/kernel/KConsole.o
 .debug_info    0x0000000000005a7c      0x72a build/src/kernel/SleepPCBList.o
 .debug_info    0x00000000000061a6      0xcf7 build/src/kernel/Scheduler.o
 .debug_info    0x0000000000006e9d      0x4ea build/src/kernel/main.o
 .debug_info    0x0000000000007387      0xe41 build/src/kernel/buddyTests.o
 .debug_info    0x00000000000081c8     0x1d78 build/src/kernel/Riscv.o
 .debug_info    0x0000000000009f40      0xb70 build/src/kernel/MemoryAllocator.o
 .debug_info    0x000000000000aab0     0x1080 build/src/kernel/slabTests.o
 .debug_info    0x000000000000bb30     0x1094 build/src/kernel/KSemaphore.o
 .debug_info    0x000000000000cbc4      0x6d1 build/src/user/syscall_c.o
 .debug_info    0x000000000000d295      0x18f build/src/user/_thread.o
 .debug_info    0x000000000000d424      0x440 build/src/user/test/printing.o
 .debug_info    0x000000000000d864      0x75f build/src/user/test/buffer_CPP_API.o
 .debug_info    0x000000000000dfc3      0x36d build/src/user/test/userMain.o
 .debug_info    0x000000000000e330      0x67d build/src/user/test/buffer.o
 .debug_info    0x000000000000e9ad      0xde8 build/src/user/syscall_cpp.o
 .debug_info    0x000000000000f795      0x21f build/src/user/PCBWrapperUser.o
 .debug_info    0x000000000000f9b4      0x18f build/src/user/_sem.o

.debug_abbrev   0x0000000000000000     0x3ae9
 .debug_abbrev  0x0000000000000000       0x14 build/src/kernel/trap.o
 .debug_abbrev  0x0000000000000014       0x14 build/src/kernel/registersUtil.o
 .debug_abbrev  0x0000000000000028       0x14 build/src/kernel/contextSwitch.o
 .debug_abbrev  0x000000000000003c       0x14 build/src/user/lock.o
 .debug_abbrev  0x0000000000000050       0xcc build/src/kernel/syscall_c_kernel.o
 .debug_abbrev  0x000000000000011c      0x419 build/src/kernel/slabAllocator.o
 .debug_abbrev  0x0000000000000535      0x3f7 build/src/kernel/PCB.o
 .debug_abbrev  0x000000000000092c      0x392 build/src/kernel/buddyAllocator.o
 .debug_abbrev  0x0000000000000cbe      0x39f build/src/kernel/KConsole.o
 .debug_abbrev  0x000000000000105d      0x2d2 build/src/kernel/SleepPCBList.o
 .debug_abbrev  0x000000000000132f      0x3a9 build/src/kernel/Scheduler.o
 .debug_abbrev  0x00000000000016d8      0x15d build/src/kernel/main.o
 .debug_abbrev  0x0000000000001835      0x2e8 build/src/kernel/buddyTests.o
 .debug_abbrev  0x0000000000001b1d      0x483 build/src/kernel/Riscv.o
 .debug_abbrev  0x0000000000001fa0      0x274 build/src/kernel/MemoryAllocator.o
 .debug_abbrev  0x0000000000002214      0x36a build/src/kernel/slabTests.o
 .debug_abbrev  0x000000000000257e      0x431 build/src/kernel/KSemaphore.o
 .debug_abbrev  0x00000000000029af      0x196 build/src/user/syscall_c.o
 .debug_abbrev  0x0000000000002b45       0xff build/src/user/_thread.o
 .debug_abbrev  0x0000000000002c44      0x168 build/src/user/test/printing.o
 .debug_abbrev  0x0000000000002dac      0x2a2 build/src/user/test/buffer_CPP_API.o
 .debug_abbrev  0x000000000000304e      0x187 build/src/user/test/userMain.o
 .debug_abbrev  0x00000000000031d5      0x259 build/src/user/test/buffer.o
 .debug_abbrev  0x000000000000342e      0x480 build/src/user/syscall_cpp.o
 .debug_abbrev  0x00000000000038ae      0x13c build/src/user/PCBWrapperUser.o
 .debug_abbrev  0x00000000000039ea       0xff build/src/user/_sem.o

.debug_aranges  0x0000000000000000      0x520
 .debug_aranges
                0x0000000000000000       0x30 build/src/kernel/trap.o
 .debug_aranges
                0x0000000000000030       0x30 build/src/kernel/registersUtil.o
 .debug_aranges
                0x0000000000000060       0x30 build/src/kernel/contextSwitch.o
 .debug_aranges
                0x0000000000000090       0x30 build/src/user/lock.o
 .debug_aranges
                0x00000000000000c0       0x30 build/src/kernel/syscall_c_kernel.o
 .debug_aranges
                0x00000000000000f0       0x30 build/src/kernel/slabAllocator.o
 .debug_aranges
                0x0000000000000120       0x30 build/src/kernel/PCB.o
 .debug_aranges
                0x0000000000000150       0x30 build/src/kernel/buddyAllocator.o
 .debug_aranges
                0x0000000000000180       0x30 build/src/kernel/KConsole.o
 .debug_aranges
                0x00000000000001b0       0x30 build/src/kernel/SleepPCBList.o
 .debug_aranges
                0x00000000000001e0       0x30 build/src/kernel/Scheduler.o
 .debug_aranges
                0x0000000000000210       0x30 build/src/kernel/main.o
 .debug_aranges
                0x0000000000000240       0x30 build/src/kernel/buddyTests.o
 .debug_aranges
                0x0000000000000270       0x30 build/src/kernel/Riscv.o
 .debug_aranges
                0x00000000000002a0       0x30 build/src/kernel/MemoryAllocator.o
 .debug_aranges
                0x00000000000002d0       0x30 build/src/kernel/slabTests.o
 .debug_aranges
                0x0000000000000300       0x30 build/src/kernel/KSemaphore.o
 .debug_aranges
                0x0000000000000330       0x30 build/src/user/syscall_c.o
 .debug_aranges
                0x0000000000000360       0x30 build/src/user/_thread.o
 .debug_aranges
                0x0000000000000390       0x30 build/src/user/test/printing.o
 .debug_aranges
                0x00000000000003c0       0x30 build/src/user/test/buffer_CPP_API.o
 .debug_aranges
                0x00000000000003f0       0x30 build/src/user/test/userMain.o
 .debug_aranges
                0x0000000000000420       0x30 build/src/user/test/buffer.o
 .debug_aranges
                0x0000000000000450       0x70 build/src/user/syscall_cpp.o
 .debug_aranges
                0x00000000000004c0       0x30 build/src/user/PCBWrapperUser.o
 .debug_aranges
                0x00000000000004f0       0x30 build/src/user/_sem.o

.debug_str      0x0000000000000000     0x349d
 .debug_str     0x0000000000000000       0x3c build/src/kernel/trap.o
 .debug_str     0x000000000000003c       0x1b build/src/kernel/registersUtil.o
                                         0x45 (size before relaxing)
 .debug_str     0x0000000000000057       0x1b build/src/kernel/contextSwitch.o
                                         0x45 (size before relaxing)
 .debug_str     0x0000000000000072       0x10 build/src/user/lock.o
                                         0x3a (size before relaxing)
 .debug_str     0x0000000000000082      0x292 build/src/kernel/syscall_c_kernel.o
                                        0x2c2 (size before relaxing)
 .debug_str     0x0000000000000314     0x1351 build/src/kernel/slabAllocator.o
                                       0x15ef (size before relaxing)
 .debug_str     0x0000000000001665      0xb37 build/src/kernel/PCB.o
                                       0x12e7 (size before relaxing)
 .debug_str     0x000000000000219c      0x17d build/src/kernel/buddyAllocator.o
                                        0xfa0 (size before relaxing)
 .debug_str     0x0000000000002319      0x184 build/src/kernel/KConsole.o
                                       0x158a (size before relaxing)
 .debug_str     0x000000000000249d       0x40 build/src/kernel/SleepPCBList.o
                                        0x862 (size before relaxing)
 .debug_str     0x00000000000024dd       0x62 build/src/kernel/Scheduler.o
                                       0x1124 (size before relaxing)
 .debug_str     0x000000000000253f       0x19 build/src/kernel/main.o
                                        0x876 (size before relaxing)
 .debug_str     0x0000000000002558       0xee build/src/kernel/buddyTests.o
                                       0x114a (size before relaxing)
 .debug_str     0x0000000000002646      0x21a build/src/kernel/Riscv.o
                                       0x1ab7 (size before relaxing)
 .debug_str     0x0000000000002860       0xe3 build/src/kernel/MemoryAllocator.o
                                        0xc67 (size before relaxing)
 .debug_str     0x0000000000002943      0x17b build/src/kernel/slabTests.o
                                       0x102e (size before relaxing)
 .debug_str     0x0000000000002abe       0x5e build/src/kernel/KSemaphore.o
                                       0x1147 (size before relaxing)
 .debug_str     0x0000000000002b1c      0x260 build/src/user/syscall_c.o
                                        0x4dc (size before relaxing)
 .debug_str     0x0000000000002d7c       0x15 build/src/user/_thread.o
                                        0x281 (size before relaxing)
 .debug_str     0x0000000000002d91       0xa8 build/src/user/test/printing.o
                                        0x2e5 (size before relaxing)
 .debug_str     0x0000000000002e39      0x15b build/src/user/test/buffer_CPP_API.o
                                        0x441 (size before relaxing)
 .debug_str     0x0000000000002f94       0xa8 build/src/user/test/userMain.o
                                        0x376 (size before relaxing)
 .debug_str     0x000000000000303c       0x93 build/src/user/test/buffer.o
                                        0x3ff (size before relaxing)
 .debug_str     0x00000000000030cf      0x322 build/src/user/syscall_cpp.o
                                        0x7a7 (size before relaxing)
 .debug_str     0x00000000000033f1       0x9a build/src/user/PCBWrapperUser.o
                                        0x2e5 (size before relaxing)
 .debug_str     0x000000000000348b       0x12 build/src/user/_sem.o
                                        0x261 (size before relaxing)

.debug_loc      0x0000000000000000     0x661c
 .debug_loc     0x0000000000000000       0x46 build/src/kernel/syscall_c_kernel.o
 .debug_loc     0x0000000000000046     0x166a build/src/kernel/slabAllocator.o
 .debug_loc     0x00000000000016b0      0x53d build/src/kernel/PCB.o
 .debug_loc     0x0000000000001bed      0xb2b build/src/kernel/buddyAllocator.o
 .debug_loc     0x0000000000002718      0x43a build/src/kernel/KConsole.o
 .debug_loc     0x0000000000002b52      0x20f build/src/kernel/SleepPCBList.o
 .debug_loc     0x0000000000002d61      0x149 build/src/kernel/Scheduler.o
 .debug_loc     0x0000000000002eaa      0x133 build/src/kernel/buddyTests.o
 .debug_loc     0x0000000000002fdd      0x898 build/src/kernel/Riscv.o
 .debug_loc     0x0000000000003875      0x8f0 build/src/kernel/MemoryAllocator.o
 .debug_loc     0x0000000000004165      0x525 build/src/kernel/slabTests.o
 .debug_loc     0x000000000000468a      0x421 build/src/kernel/KSemaphore.o
 .debug_loc     0x0000000000004aab      0x9cc build/src/user/syscall_c.o
 .debug_loc     0x0000000000005477       0x39 build/src/user/_thread.o
 .debug_loc     0x00000000000054b0      0x37a build/src/user/test/printing.o
 .debug_loc     0x000000000000582a      0x322 build/src/user/test/buffer_CPP_API.o
 .debug_loc     0x0000000000005b4c       0xca build/src/user/test/userMain.o
 .debug_loc     0x0000000000005c16      0x27e build/src/user/test/buffer.o
 .debug_loc     0x0000000000005e94      0x691 build/src/user/syscall_cpp.o
 .debug_loc     0x0000000000006525       0xbe build/src/user/PCBWrapperUser.o
 .debug_loc     0x00000000000065e3       0x39 build/src/user/_sem.o

.comment        0x0000000000000000       0x53
 .comment       0x0000000000000000       0x29 build/src/kernel/syscall_c_kernel.o
                                         0x2a (size before relaxing)
 .comment       0x0000000000000029       0x2a build/src/kernel/slabAllocator.o
 .comment       0x0000000000000029       0x2a build/src/kernel/PCB.o
 .comment       0x0000000000000029       0x2a build/src/kernel/buddyAllocator.o
 .comment       0x0000000000000029       0x2a build/src/kernel/KConsole.o
 .comment       0x0000000000000029       0x2a build/src/kernel/SleepPCBList.o
 .comment       0x0000000000000029       0x2a build/src/kernel/Scheduler.o
 .comment       0x0000000000000029       0x2a build/src/kernel/main.o
 .comment       0x0000000000000029       0x2a build/src/kernel/buddyTests.o
 .comment       0x0000000000000029       0x2a build/src/kernel/Riscv.o
 .comment       0x0000000000000029       0x2a build/src/kernel/MemoryAllocator.o
 .comment       0x0000000000000029       0x2a build/src/kernel/slabTests.o
 .comment       0x0000000000000029       0x2a build/src/kernel/KSemaphore.o
 .comment       0x0000000000000029       0x2a build/src/user/syscall_c.o
 .comment       0x0000000000000029       0x2a build/src/user/_thread.o
 .comment       0x0000000000000029       0x2a build/src/user/test/printing.o
 .comment       0x0000000000000029       0x2a build/src/user/test/buffer_CPP_API.o
 .comment       0x0000000000000029       0x2a build/src/user/test/userMain.o
 .comment       0x0000000000000029       0x2a build/src/user/test/buffer.o
 .comment       0x0000000000000029       0x2a build/src/user/syscall_cpp.o
 .comment       0x0000000000000029       0x2a build/src/user/PCBWrapperUser.o
 .comment       0x0000000000000029       0x2a build/src/user/_sem.o
 .comment       0x0000000000000029       0x2a ./lib/hw.lib(start.o)
                                         0x2b (size before relaxing)
 .comment       0x0000000000000053       0x2b ./lib/hw.lib(main.o)
 .comment       0x0000000000000053       0x2b ./lib/hw.lib(proc.o)
 .comment       0x0000000000000053       0x2b ./lib/hw.lib(trap.o)
 .comment       0x0000000000000053       0x2b ./lib/hw.lib(plic.o)
 .comment       0x0000000000000053       0x2b ./lib/hw.lib(support_cpp.o)
 .comment       0x0000000000000053       0x2b ./lib/hw.lib(hw.o)
 .comment       0x0000000000000053       0x2b ./lib/hw.lib(console.o)
 .comment       0x0000000000000053       0x2b ./lib/hw.lib(printf.o)
 .comment       0x0000000000000053       0x2b ./lib/hw.lib(uart.o)
 .comment       0x0000000000000053       0x2b ./lib/hw.lib(kalloc.o)
 .comment       0x0000000000000053       0x2b ./lib/hw.lib(spinlock.o)
 .comment       0x0000000000000053       0x2b ./lib/hw.lib(string.o)

.note.GNU-stack
                0x0000000000000000        0x0
 .note.GNU-stack
                0x0000000000000000        0x0 build/src/kernel/syscall_c_kernel.o
 .note.GNU-stack
                0x0000000000000000        0x0 build/src/kernel/slabAllocator.o
 .note.GNU-stack
                0x0000000000000000        0x0 build/src/kernel/PCB.o
 .note.GNU-stack
                0x0000000000000000        0x0 build/src/kernel/buddyAllocator.o
 .note.GNU-stack
                0x0000000000000000        0x0 build/src/kernel/KConsole.o
 .note.GNU-stack
                0x0000000000000000        0x0 build/src/kernel/SleepPCBList.o
 .note.GNU-stack
                0x0000000000000000        0x0 build/src/kernel/Scheduler.o
 .note.GNU-stack
                0x0000000000000000        0x0 build/src/kernel/main.o
 .note.GNU-stack
                0x0000000000000000        0x0 build/src/kernel/buddyTests.o
 .note.GNU-stack
                0x0000000000000000        0x0 build/src/kernel/Riscv.o
 .note.GNU-stack
                0x0000000000000000        0x0 build/src/kernel/MemoryAllocator.o
 .note.GNU-stack
                0x0000000000000000        0x0 build/src/kernel/slabTests.o
 .note.GNU-stack
                0x0000000000000000        0x0 build/src/kernel/KSemaphore.o
 .note.GNU-stack
                0x0000000000000000        0x0 build/src/user/syscall_c.o
 .note.GNU-stack
                0x0000000000000000        0x0 build/src/user/_thread.o
 .note.GNU-stack
                0x0000000000000000        0x0 build/src/user/test/printing.o
 .note.GNU-stack
                0x0000000000000000        0x0 build/src/user/test/buffer_CPP_API.o
 .note.GNU-stack
                0x0000000000000000        0x0 build/src/user/test/userMain.o
 .note.GNU-stack
                0x0000000000000000        0x0 build/src/user/test/buffer.o
 .note.GNU-stack
                0x0000000000000000        0x0 build/src/user/syscall_cpp.o
 .note.GNU-stack
                0x0000000000000000        0x0 build/src/user/PCBWrapperUser.o
 .note.GNU-stack
                0x0000000000000000        0x0 build/src/user/_sem.o
 .note.GNU-stack
                0x0000000000000000        0x0 ./lib/hw.lib(start.o)
 .note.GNU-stack
                0x0000000000000000        0x0 ./lib/hw.lib(main.o)
 .note.GNU-stack
                0x0000000000000000        0x0 ./lib/hw.lib(proc.o)
 .note.GNU-stack
                0x0000000000000000        0x0 ./lib/hw.lib(trap.o)
 .note.GNU-stack
                0x0000000000000000        0x0 ./lib/hw.lib(plic.o)
 .note.GNU-stack
                0x0000000000000000        0x0 ./lib/hw.lib(support_cpp.o)
 .note.GNU-stack
                0x0000000000000000        0x0 ./lib/hw.lib(hw.o)
 .note.GNU-stack
                0x0000000000000000        0x0 ./lib/hw.lib(console.o)
 .note.GNU-stack
                0x0000000000000000        0x0 ./lib/hw.lib(printf.o)
 .note.GNU-stack
                0x0000000000000000        0x0 ./lib/hw.lib(uart.o)
 .note.GNU-stack
                0x0000000000000000        0x0 ./lib/hw.lib(kalloc.o)
 .note.GNU-stack
                0x0000000000000000        0x0 ./lib/hw.lib(spinlock.o)
 .note.GNU-stack
                0x0000000000000000        0x0 ./lib/hw.lib(string.o)

.debug_ranges   0x0000000000000000      0x2d0
 .debug_ranges  0x0000000000000000       0xc0 build/src/kernel/slabAllocator.o
 .debug_ranges  0x00000000000000c0       0x30 build/src/kernel/buddyAllocator.o
 .debug_ranges  0x00000000000000f0       0x60 build/src/kernel/KConsole.o
 .debug_ranges  0x0000000000000150       0x30 build/src/kernel/SleepPCBList.o
 .debug_ranges  0x0000000000000180       0x60 build/src/kernel/Riscv.o
 .debug_ranges  0x00000000000001e0       0x90 build/src/kernel/slabTests.o
 .debug_ranges  0x0000000000000270       0x60 build/src/user/syscall_cpp.o
