Archive member included to satisfy reference by file (symbol)

./lib/hw.lib(entry.o)         (_entry)
./lib/hw.lib(start.o)         ./lib/hw.lib(entry.o) (start)
./lib/hw.lib(main.o)          ./lib/hw.lib(start.o) (system_main)
./lib/hw.lib(proc.o)          ./lib/hw.lib(main.o) (cpuid)
./lib/hw.lib(trap.o)          ./lib/hw.lib(main.o) (trapinit)
./lib/hw.lib(kernelvec.o)     ./lib/hw.lib(trap.o) (kernelvec)
./lib/hw.lib(plic.o)          ./lib/hw.lib(main.o) (plicinit)
./lib/hw.lib(support_cpp.o)   build/src/kernel/KConsole.o (_Unwind_Resume)
./lib/hw.lib(hw.o)            build/src/kernel/KConsole.o (CONSOLE_RX_DATA)
./lib/hw.lib(console.o)       ./lib/hw.lib(main.o) (consoleinit)
./lib/hw.lib(printf.o)        ./lib/hw.lib(main.o) (panic)
./lib/hw.lib(uart.o)          ./lib/hw.lib(console.o) (uartinit)
./lib/hw.lib(kalloc.o)        ./lib/hw.lib(main.o) (kinit)
./lib/hw.lib(spinlock.o)      ./lib/hw.lib(trap.o) (initlock)
./lib/hw.lib(string.o)        ./lib/hw.lib(kalloc.o) (__memset)

Discarded input sections

 .group         0x0000000000000000        0xc build/src/kernel/PCB.o
 .group         0x0000000000000000        0xc build/src/kernel/KConsole.o
 .data.rel.local.DW.ref.__gxx_personality_v0
                0x0000000000000000        0x8 build/src/kernel/KConsole.o
 .group         0x0000000000000000        0xc build/src/kernel/KSemaphore.o
 .data.rel.local.DW.ref.__gxx_personality_v0
                0x0000000000000000        0x8 build/src/kernel/KSemaphore.o
 .group         0x0000000000000000        0xc build/src/user/test/buffer_CPP_API.o
 .data.rel.local.DW.ref.__gxx_personality_v0
                0x0000000000000000        0x8 build/src/user/test/buffer_CPP_API.o
 .group         0x0000000000000000        0xc build/src/user/test/buffer.o
 .data.rel.local.DW.ref.__gxx_personality_v0
                0x0000000000000000        0x8 build/src/user/test/buffer.o
 .group         0x0000000000000000        0x8 build/src/user/syscall_cpp.o
 .group         0x0000000000000000        0x8 build/src/user/syscall_cpp.o
 .group         0x0000000000000000       0x14 build/src/user/syscall_cpp.o
 .group         0x0000000000000000        0xc build/src/user/syscall_cpp.o
 .group         0x0000000000000000        0xc build/src/user/syscall_cpp.o
 .group         0x0000000000000000        0xc build/src/user/syscall_cpp.o
 .group         0x0000000000000000        0xc build/src/user/syscall_cpp.o
 .data.rel.local.DW.ref.__gxx_personality_v0
                0x0000000000000000        0x8 build/src/user/syscall_cpp.o

Memory Configuration

Name             Origin             Length             Attributes
*default*        0x0000000000000000 0xffffffffffffffff

Linker script and memory map

                0x0000000080000000                . = 0x80000000

.text           0x0000000080000000     0x8000
 *(.entry_os)
 .entry_os      0x0000000080000000       0x24 ./lib/hw.lib(entry.o)
                0x0000000080000000                _entry
                0x0000000080001000                . = ALIGN (0x1000)
 *fill*         0x0000000080000024      0xfdc 
                0x0000000080001000                PROVIDE (kernelTextStart = .)
 EXCLUDE_FILE(build/src/user/*) *(.text .text.*)
 .text          0x0000000080001000      0x120 build/src/kernel/trap.o
                0x0000000080001000                Riscv::supervisorTrap()
 .text          0x0000000080001120       0xf8 build/src/kernel/registersUtil.o
                0x0000000080001120                Riscv::pushRegisters()
                0x000000008000119c                Riscv::popRegisters()
 .text          0x0000000080001218       0x20 build/src/kernel/contextSwitch.o
                0x0000000080001218                PCB::contextSwitch(PCB::Context*, PCB::Context*)
                0x000000008000122c                PCB::contextSwitchExiting(PCB::Context*)
 .text          0x0000000080001238       0x70 build/src/kernel/syscall_c_kernel.o
                0x0000000080001238                thread_dispatch_kernel()
                0x0000000080001258                sysCallGetCharOutput()
                0x0000000080001280                thread_exit_kernel()
 .text          0x00000000800012a8     0x1424 build/src/kernel/slabAllocator.o
                0x00000000800012a8                strcpy(char const*, char*)
                0x00000000800012dc                destroy_slab_list(slab_s**)
                0x0000000080001360                init_cache(kmem_cache_s*, char const*, unsigned long, unsigned long, void (*)(void*), void (*)(void*))
                0x00000000800013ec                slab_allocator_init(buddyAllocator*)
                0x0000000080001460                checkSetIndex(slab_s*, int)
                0x00000000800014a0                setAllocatedIndex(slab_s*, int)
                0x00000000800014e8                allocateObject(slab_s*)
                0x00000000800015a0                full(slab_s*)
                0x00000000800015c8                empty(slab_s*)
                0x00000000800015e8                insertIntoSlabList(slab_s*, slab_s**)
                0x000000008000161c                removeFromSlabList(slab_s*, slab_s**)
                0x0000000080001678                putPartialToFull(kmem_cache_s*)
                0x00000000800016d0                putEmptyToPartial(kmem_cache_s*)
                0x0000000080001728                removeFullSlab(kmem_cache_s*, slab_s*)
                0x0000000080001780                removePartialSlab(kmem_cache_s*, slab_s*)
                0x00000000800017d8                allocateSlab(kmem_cache_s*)
                0x00000000800018c0                getOptimalSlabSize(unsigned long)
                0x0000000080001938                findSlab(kmem_cache_s*, void const*)
                0x00000000800019c8                resetAllocatedIndex(slab_s*, int)
                0x0000000080001a14                printSlabInfo(slab_s*)
                0x0000000080001ab0                free_slab_object(slab_s*, void const*)
                0x0000000080001be4                kmem_cache_alloc(kmem_cache_s*)
                0x0000000080001d1c                kmem_cache_create(char const*, unsigned long, void (*)(void*), void (*)(void*))
                0x0000000080001dc0                kmem_init(void*, int)
                0x0000000080001e24                kmem_cache_free(kmem_cache_s*, void*)
                0x0000000080001e74                bigCacheKmalloc(kmem_cache_s*)
                0x0000000080001f38                big_kfree(slab_s*, void const*)
                0x0000000080001fc4                kmem_cache_info(kmem_cache_s*)
                0x0000000080002120                printSlabAllocatorInfo()
                0x0000000080002208                kmalloc(unsigned long)
                0x00000000800023a4                kfree(void const*)
                0x0000000080002488                kmem_cache_destroy(kmem_cache_s*)
                0x0000000080002510                kmem_cache_shrink(kmem_cache_s*)
                0x0000000080002548                shrink_caches_on_slab(slab_s*)
                0x00000000800025c4                shrink_all_caches()
                0x000000008000264c                kmem_cache_error(kmem_cache_s*)
 .text          0x00000000800026cc      0x5e8 build/src/kernel/PCB.o
                0x00000000800026cc                PCB::runner()
                0x0000000080002710                PCB::PCB(void (*)(void*), void*, void*, unsigned long)
                0x0000000080002710                PCB::PCB(void (*)(void*), void*, void*, unsigned long)
                0x0000000080002760                PCB::start()
                0x0000000080002788                PCB::dispatch()
                0x0000000080002814                PCB::operator new(unsigned long)
                0x0000000080002848                PCB::operator delete(void*)
                0x0000000080002880                PCB::~PCB()
                0x0000000080002880                PCB::~PCB()
                0x00000000800028ac                PCB::initialize()
                0x00000000800029d4                PCB::isFinished()
                0x00000000800029f8                PCB::threadExitHandler()
                0x0000000080002a44                PCB::threadDispatchHandler()
                0x0000000080002a74                PCB::threadSleepHandler()
                0x0000000080002ad8                PCB::threadCreateHandler()
                0x0000000080002b7c                PCB::threadStartHandler()
                0x0000000080002bc0                PCB::threadMakePCBHandler()
                0x0000000080002c58                PCB::threadDelPCBHandler()
 .text          0x0000000080002cb4      0x6ac build/src/kernel/buddyAllocator.o
                0x0000000080002cb4                getBlockAddr(unsigned long)
                0x0000000080002cd4                getNextBlockAddr(unsigned long)
                0x0000000080002d04                getDeg2Floor(unsigned long)
                0x0000000080002d38                getDeg2Ceil(unsigned long)
                0x0000000080002d6c                addBlockToLevel(void*, unsigned long)
                0x0000000080002dd4                getBuddyBlockAddr(void*, unsigned long)
                0x0000000080002e18                split(void*, unsigned long, unsigned long, bool)
                0x0000000080002eac                buddy_alloc(unsigned long)
                0x0000000080002f80                addBlocks(void*, unsigned long)
                0x00000000800030ac                buddy_init(void*, unsigned long)
                0x00000000800031a0                buddy_free(void*, unsigned long)
                0x0000000080003210                printBuddyInfo()
                0x0000000080003340                getBuddy()
 .text          0x0000000080003360      0x628 build/src/kernel/KConsole.o
                0x0000000080003360                KConsole::initialize()
                0x000000008000343c                KConsole::putCharacterInput(char)
                0x00000000800034b8                KConsole::getCharactersFromConsole()
                0x0000000080003524                KConsole::getCharacterInput()
                0x0000000080003594                KConsole::putCharacterOutput(char)
                0x000000008000361c                KConsole::getCharacterOutput()
                0x000000008000368c                KConsole::putcHandler()
                0x00000000800036bc                KConsole::getcHandler()
                0x0000000080003748                KConsole::outputBufferEmpty()
                0x000000008000376c                KConsole::sendCharactersToConsole(void*)
                0x0000000080003818                KConsole::getCharHandler()
                0x000000008000384c                KConsole::trapPrintString(char const*)
                0x0000000080003890                KConsole::trapPrintInt(unsigned long, int, int)
                0x0000000080003924                KConsole::trapPrintStringInt(char const*, unsigned long, int)
 .text          0x0000000080003988       0xf4 build/src/kernel/SleepPCBList.o
                0x0000000080003988                SleepPCBList::insertSleepingPCB()
                0x00000000800039f4                SleepPCBList::tryToWakePCBs()
 .text          0x0000000080003a7c      0x188 build/src/kernel/Scheduler.o
                0x0000000080003a7c                Scheduler::operator new(unsigned long)
                0x0000000080003aa4                Scheduler::operator delete(void*)
                0x0000000080003acc                Scheduler::getSize()
                0x0000000080003b04                Scheduler::put(PCB*)
                0x0000000080003b58                Scheduler::get()
                0x0000000080003ba4                Scheduler::print()
 .text          0x0000000080003c04       0x28 build/src/kernel/main.o
                0x0000000080003c04                main
 .text          0x0000000080003c2c      0x2a4 build/src/kernel/buddyTests.o
                0x0000000080003c2c                buddyInitTest1()
                0x0000000080003c54                buddyOnlyAllocsTest1()
                0x0000000080003ccc                buddyOnlyAllocsTest2()
                0x0000000080003d08                buddyAllocFreeTest1()
                0x0000000080003df8                buddyTestMixa()
 .text          0x0000000080003ed0      0x9d4 build/src/kernel/Riscv.o
                0x0000000080003ed0                Riscv::initVirtualMemory()
                0x0000000080003ee8                Riscv::enableInterrupts()
                0x0000000080003f08                Riscv::disableInterrupts()
                0x0000000080003f28                Riscv::endSystem()
                0x0000000080003fbc                Riscv::popSppSpie()
                0x0000000080004014                Riscv::setVirtualAddr(unsigned long, unsigned long, unsigned long)
                0x0000000080004168                Riscv::setVirtualAddrRange(unsigned long, unsigned long, int)
                0x00000000800041d0                Riscv::initSystem()
                0x0000000080004468                Riscv::kernelMain()
                0x00000000800044e0                Riscv::addVirtualAddr(unsigned long)
                0x0000000080004510                Riscv::addVirtualAddrInstr(unsigned long)
                0x0000000080004540                Riscv::disableTimerInterrupts()
                0x0000000080004560                Riscv::w_a0_sscratch()
                0x0000000080004598                Riscv::changePrivMode()
                0x00000000800045d8                Riscv::handleSupervisorTrap()
 .text          0x00000000800048a4      0x4c0 build/src/kernel/MemoryAllocator.o
                0x00000000800048a4                MemoryAllocator::initMemory(void*)
                0x0000000080004900                MemoryAllocator::insertAllFragment(void*, unsigned long, void*)
                0x0000000080004970                MemoryAllocator::insertNewAllocatedFragment(void*, unsigned long)
                0x00000000800049d4                MemoryAllocator::tryToAllocateFragment(unsigned long)
                0x0000000080004ae0                MemoryAllocator::mem_alloc(unsigned long)
                0x0000000080004b08                MemoryAllocator::insertNewFreeSegment(void*, unsigned long)
                0x0000000080004bd0                MemoryAllocator::tryToFreeSegment(void*)
                0x0000000080004c6c                MemoryAllocator::mem_free(void*)
                0x0000000080004c94                MemoryAllocator::kmalloc(unsigned long)
                0x0000000080004cbc                MemoryAllocator::memAllocHandler()
                0x0000000080004d04                MemoryAllocator::kfree(void*)
                0x0000000080004d2c                MemoryAllocator::memFreeHandler()
 .text          0x0000000080004d64      0x640 build/src/kernel/slabTests.o
                0x0000000080004d64                slabInitTest()
                0x0000000080004d9c                slabCacheCreateTest()
                0x0000000080004e54                slabCacheCreateTest2()
                0x0000000080004ef0                testKmalloc()
                0x000000008000500c                memset(void const*, int, int)
                0x000000008000503c                construct(void*)
                0x000000008000506c                check(void*, unsigned long)
                0x00000000800050b4                work(void*)
                0x00000000800052b0                runs(void (*)(void*), data_s*, int)
                0x0000000080005328                testOS2()
 .text          0x00000000800053a4      0x438 build/src/kernel/KSemaphore.o
                0x00000000800053a4                KSemaphore::KSemaphore(int)
                0x00000000800053a4                KSemaphore::KSemaphore(int)
                0x00000000800053c8                KSemaphore::addToBlocked(PCB*)
                0x0000000080005404                KSemaphore::block()
                0x0000000080005448                KSemaphore::wait()
                0x00000000800054a0                KSemaphore::getFirstBlocked()
                0x00000000800054bc                KSemaphore::removeFirstBlocked()
                0x00000000800054f8                KSemaphore::~KSemaphore()
                0x00000000800054f8                KSemaphore::~KSemaphore()
                0x0000000080005564                KSemaphore::unblock()
                0x00000000800055c0                KSemaphore::signal()
                0x0000000080005608                KSemaphore::operator new(unsigned long)
                0x000000008000563c                KSemaphore::semOpenHandler()
                0x00000000800056b8                KSemaphore::operator delete(void*)
                0x00000000800056f0                KSemaphore::semWaitHandler()
                0x0000000080005744                KSemaphore::semSignalHandler()
                0x0000000080005788                KSemaphore::semCloseHandler()
 .text          0x00000000800057dc        0x0 ./lib/hw.lib(entry.o)
 .text          0x00000000800057dc      0x18c ./lib/hw.lib(start.o)
                0x00000000800057dc                start
                0x00000000800058dc                timerinit
 .text          0x0000000080005968       0xd8 ./lib/hw.lib(main.o)
                0x0000000080005968                system_main
 .text          0x0000000080005a40      0x100 ./lib/hw.lib(proc.o)
                0x0000000080005a40                cpuid
                0x0000000080005a60                mycpu
                0x0000000080005a90                userinit
                0x0000000080005aac                either_copyout
                0x0000000080005af8                either_copyin
 .text          0x0000000080005b40      0x32c ./lib/hw.lib(trap.o)
                0x0000000080005b40                trapinit
                0x0000000080005b6c                trapinithart
                0x0000000080005b90                usertrap
                0x0000000080005ba8                usertrapret
                0x0000000080005bc0                kerneltrap
                0x0000000080005d08                clockintr
                0x0000000080005d60                devintr
 *fill*         0x0000000080005e6c        0x4 
 .text          0x0000000080005e70      0x150 ./lib/hw.lib(kernelvec.o)
                0x0000000080005e70                kernelvec
                0x0000000080005f80                timervec
 .text          0x0000000080005fc0       0xf0 ./lib/hw.lib(plic.o)
                0x0000000080005fc0                plicinit
                0x0000000080005fe8                plicinithart
                0x0000000080006034                plic_claim
                0x000000008000606c                plic_complete
 .text          0x00000000800060b0        0x0 ./lib/hw.lib(support_cpp.o)
 .text          0x00000000800060b0        0x0 ./lib/hw.lib(hw.o)
 .text          0x00000000800060b0      0x36c ./lib/hw.lib(console.o)
                0x00000000800060b0                consolewrite
                0x0000000080006154                consoleread
                0x0000000080006294                consputc
                0x00000000800062e4                consoleintr
                0x0000000080006378                consoleinit
                0x00000000800063dc                console_read
                0x00000000800063fc                console_write
 .text          0x000000008000641c      0x738 ./lib/hw.lib(printf.o)
                0x000000008000641c                panic
                0x0000000080006478                __printf
                0x0000000080006b0c                printfinit
 .text          0x0000000080006b54      0x344 ./lib/hw.lib(uart.o)
                0x0000000080006b54                uartinit
                0x0000000080006b98                uartputc
                0x0000000080006c90                uartputc_sync
                0x0000000080006cd4                uartstart
                0x0000000080006d48                uartgetc
                0x0000000080006d80                uartintr
 .text          0x0000000080006e98      0x290 ./lib/hw.lib(kalloc.o)
                0x0000000080006e98                kinit
                0x0000000080006f70                freerange
                0x0000000080007050                kfree
                0x00000000800070d0                kalloc
 .text          0x0000000080007128      0x3e0 ./lib/hw.lib(spinlock.o)
                0x0000000080007128                initlock
                0x000000008000714c                acquire
                0x0000000080007218                release
                0x00000000800072e0                holding
                0x000000008000732c                push_off
                0x00000000800073a0                pop_off
                0x000000008000741c                push_on
                0x0000000080007490                pop_on
 .text          0x0000000080007508      0x394 ./lib/hw.lib(string.o)
                0x0000000080007508                __memset
                0x0000000080007724                __memmove
                0x0000000080008000                . = ALIGN (0x1000)
 *fill*         0x000000008000789c      0x764 
                0x0000000080008000                PROVIDE (kernelDataStart = .)

.rodata         0x0000000080008000      0x787
                0x0000000080008000                . = ALIGN (0x10)
 EXCLUDE_FILE(build/src/user/*) *(.srodata .srodata.*)
 .srodata       0x0000000080008000       0x18 ./lib/hw.lib(hw.o)
                0x0000000080008000                CONSOLE_RX_DATA
                0x0000000080008008                CONSOLE_TX_DATA
                0x0000000080008010                CONSOLE_STATUS
                0x0000000080008020                . = ALIGN (0x10)
 *fill*         0x0000000080008018        0x8 
 EXCLUDE_FILE(build/src/user/*) *(.rodata .rodata.*)
 .rodata.str1.8
                0x0000000080008020      0x256 build/src/kernel/slabAllocator.o
                                        0x25e (size before relaxing)
 *fill*         0x0000000080008276        0x2 
 .rodata.str1.8
                0x0000000080008278       0xee build/src/kernel/buddyAllocator.o
                                         0xf6 (size before relaxing)
 *fill*         0x0000000080008366        0x2 
 .rodata.str1.8
                0x0000000080008368       0x11 build/src/kernel/KConsole.o
                                         0x1a (size before relaxing)
 .rodata.str1.8
                0x0000000080008379        0x2 build/src/kernel/Scheduler.o
 *fill*         0x0000000080008379        0x7 
 .rodata.str1.8
                0x0000000080008380       0x10 build/src/kernel/buddyTests.o
 .rodata.str1.8
                0x0000000080008390       0x32 build/src/kernel/Riscv.o
 *fill*         0x00000000800083c2        0x2 
 .rodata        0x00000000800083c4      0x150 build/src/kernel/Riscv.o
 *fill*         0x0000000080008514        0x4 
 .rodata.str1.8
                0x0000000080008518       0x9d build/src/kernel/slabTests.o
 *fill*         0x00000000800085b5        0x3 
 .rodata.str1.8
                0x00000000800085b8       0x51 ./lib/hw.lib(main.o)
                                         0x59 (size before relaxing)
 *fill*         0x0000000080008609        0x7 
 .rodata.str1.8
                0x0000000080008610       0x4b ./lib/hw.lib(proc.o)
 *fill*         0x000000008000865b        0x5 
 .rodata.str1.8
                0x0000000080008660       0x7b ./lib/hw.lib(trap.o)
 *fill*         0x00000000800086db        0x5 
 .rodata.str1.8
                0x00000000800086e0        0x5 ./lib/hw.lib(console.o)
 *fill*         0x00000000800086e5        0x3 
 .rodata.str1.8
                0x00000000800086e8       0x23 ./lib/hw.lib(printf.o)
                                         0x2b (size before relaxing)
 *fill*         0x000000008000870b        0x5 
 .rodata        0x0000000080008710       0x11 ./lib/hw.lib(printf.o)
 *fill*         0x0000000080008721        0x7 
 .rodata.str1.8
                0x0000000080008728        0x6 ./lib/hw.lib(kalloc.o)
 *fill*         0x000000008000872e        0x2 
 .rodata.str1.8
                0x0000000080008730       0x57 ./lib/hw.lib(spinlock.o)

.gcc_except_table
                0x0000000080008787      0x118
 .gcc_except_table
                0x0000000080008787        0x4 build/src/kernel/PCB.o
 .gcc_except_table
                0x000000008000878b       0x5f build/src/kernel/KConsole.o
 .gcc_except_table
                0x00000000800087ea        0x4 build/src/kernel/KSemaphore.o
 .gcc_except_table
                0x00000000800087ee       0xa5 build/src/user/test/buffer_CPP_API.o
 .gcc_except_table
                0x0000000080008893        0x4 build/src/user/test/buffer.o
 .gcc_except_table
                0x0000000080008897        0x8 build/src/user/syscall_cpp.o

.data           0x00000000800088a0       0x48
                0x00000000800088a0                . = ALIGN (0x10)
 EXCLUDE_FILE(build/src/user/*) *(.sdata .sdata.*)
 .sdata         0x00000000800088a0       0x10 ./lib/hw.lib(hw.o)
                0x00000000800088a0                HEAP_END_ADDR
                0x00000000800088a8                HEAP_START_ADDR
                0x00000000800088b0                . = ALIGN (0x10)
 EXCLUDE_FILE(build/src/user/*) *(.data .data.*)
 .data          0x00000000800088b0        0x0 build/src/kernel/trap.o
 .data          0x00000000800088b0        0x0 build/src/kernel/registersUtil.o
 .data          0x00000000800088b0        0x0 build/src/kernel/contextSwitch.o
 .data          0x00000000800088b0        0x0 build/src/kernel/syscall_c_kernel.o
 .data          0x00000000800088b0        0x0 build/src/kernel/slabAllocator.o
 .data          0x00000000800088b0        0x0 build/src/kernel/PCB.o
 .data.rel.local.DW.ref.__gxx_personality_v0
                0x00000000800088b0        0x8 build/src/kernel/PCB.o
                0x00000000800088b0                DW.ref.__gxx_personality_v0
 .data          0x00000000800088b8        0x0 build/src/kernel/buddyAllocator.o
 .data          0x00000000800088b8        0x0 build/src/kernel/KConsole.o
 .data          0x00000000800088b8        0x0 build/src/kernel/SleepPCBList.o
 .data          0x00000000800088b8        0x0 build/src/kernel/Scheduler.o
 .data          0x00000000800088b8        0x0 build/src/kernel/main.o
 .data          0x00000000800088b8        0x0 build/src/kernel/buddyTests.o
 .data          0x00000000800088b8        0x8 build/src/kernel/Riscv.o
                0x00000000800088b8                Riscv::programStartAddr
 .data          0x00000000800088c0        0x0 build/src/kernel/MemoryAllocator.o
 .data          0x00000000800088c0        0x0 build/src/kernel/slabTests.o
 .data.rel.ro.local
                0x00000000800088c0       0x28 build/src/kernel/slabTests.o
 .data          0x00000000800088e8        0x0 build/src/kernel/KSemaphore.o
 .data          0x00000000800088e8        0x0 ./lib/hw.lib(entry.o)
 .data          0x00000000800088e8        0x0 ./lib/hw.lib(start.o)
 .data          0x00000000800088e8        0x0 ./lib/hw.lib(main.o)
 .data          0x00000000800088e8        0x0 ./lib/hw.lib(proc.o)
 .data          0x00000000800088e8        0x0 ./lib/hw.lib(trap.o)
 .data          0x00000000800088e8        0x0 ./lib/hw.lib(kernelvec.o)
 .data          0x00000000800088e8        0x0 ./lib/hw.lib(plic.o)
 .data          0x00000000800088e8        0x0 ./lib/hw.lib(support_cpp.o)
 .data          0x00000000800088e8        0x0 ./lib/hw.lib(hw.o)
 .data          0x00000000800088e8        0x0 ./lib/hw.lib(console.o)
 .data          0x00000000800088e8        0x0 ./lib/hw.lib(printf.o)
 .data          0x00000000800088e8        0x0 ./lib/hw.lib(uart.o)
 .data          0x00000000800088e8        0x0 ./lib/hw.lib(kalloc.o)
 .data          0x00000000800088e8        0x0 ./lib/hw.lib(spinlock.o)
 .data          0x00000000800088e8        0x0 ./lib/hw.lib(string.o)

.got            0x00000000800088e8       0xc8
 .got           0x00000000800088e8       0xc8 build/src/kernel/trap.o
                0x00000000800088e8                _GLOBAL_OFFSET_TABLE_

.got.plt        0x00000000800089b0       0x10
 .got.plt       0x00000000800089b0       0x10 build/src/kernel/trap.o

.bss            0x00000000800089c0     0x1390
                0x00000000800089c0                . = ALIGN (0x10)
 EXCLUDE_FILE(build/src/user/*) *(.sbss .sbss.*)
 .sbss          0x00000000800089c0        0x4 ./lib/hw.lib(main.o)
 .sbss          0x00000000800089c4        0x4 ./lib/hw.lib(trap.o)
                0x00000000800089c4                ticks
 .sbss          0x00000000800089c8        0x4 ./lib/hw.lib(printf.o)
                0x00000000800089c8                panicked
 *fill*         0x00000000800089cc        0x4 
 .sbss          0x00000000800089d0       0x10 ./lib/hw.lib(uart.o)
                0x00000000800089d0                uart_tx_r
                0x00000000800089d8                uart_tx_w
 .sbss          0x00000000800089e0        0x8 ./lib/hw.lib(kalloc.o)
                0x00000000800089e0                kmem
                0x00000000800089f0                . = ALIGN (0x10)
 *fill*         0x00000000800089e8        0x8 
 EXCLUDE_FILE(build/src/user/*) *(.bss .bss.*)
 .bss           0x00000000800089f0        0x0 build/src/kernel/trap.o
 .bss           0x00000000800089f0        0x0 build/src/kernel/registersUtil.o
 .bss           0x00000000800089f0        0x0 build/src/kernel/contextSwitch.o
 .bss           0x00000000800089f0        0x0 build/src/kernel/syscall_c_kernel.o
 .bss           0x00000000800089f0       0x10 build/src/kernel/slabAllocator.o
 .bss           0x0000000080008a00       0x28 build/src/kernel/PCB.o
                0x0000000080008a00                PCB::running
                0x0000000080008a08                PCB::consolePCB
                0x0000000080008a10                PCB::userPCB
                0x0000000080008a18                PCB::timeSliceCounter
                0x0000000080008a20                PCB::savedRegA4
 .bss           0x0000000080008a28        0x8 build/src/kernel/buddyAllocator.o
 .bss           0x0000000080008a30       0x51 build/src/kernel/KConsole.o
                0x0000000080008a30                KConsole::hasCharactersInput
                0x0000000080008a38                KConsole::hasCharactersOutput
                0x0000000080008a40                KConsole::inputBuffer
                0x0000000080008a48                KConsole::outputBuffer
                0x0000000080008a50                KConsole::inputTail
                0x0000000080008a58                KConsole::inputHead
                0x0000000080008a60                KConsole::pendingGetc
                0x0000000080008a68                KConsole::outputTail
                0x0000000080008a70                KConsole::outputHead
                0x0000000080008a78                KConsole::pendingPutc
                0x0000000080008a80                KConsole::finished
 *fill*         0x0000000080008a81        0x7 
 .bss           0x0000000080008a88        0x8 build/src/kernel/SleepPCBList.o
                0x0000000080008a88                SleepPCBList::sleepingPCBHead
 .bss           0x0000000080008a90       0x10 build/src/kernel/Scheduler.o
                0x0000000080008a90                Scheduler::schedulerPCBHead
                0x0000000080008a98                Scheduler::schedulerPCBTail
 .bss           0x0000000080008aa0        0x0 build/src/kernel/main.o
 .bss           0x0000000080008aa0        0x0 build/src/kernel/buddyTests.o
 .bss           0x0000000080008aa0       0x30 build/src/kernel/Riscv.o
                0x0000000080008aa0                Riscv::finishSystem
                0x0000000080008aa8                Riscv::mainPMT
                0x0000000080008ab0                Riscv::pcbCache
                0x0000000080008ab8                Riscv::semaphoreCache
                0x0000000080008ac0                Riscv::kernelMainCalled
                0x0000000080008ac8                Riscv::totalTime
 .bss           0x0000000080008ad0       0x18 build/src/kernel/MemoryAllocator.o
                0x0000000080008ad0                MemoryAllocator::memoryInitiliaized
                0x0000000080008ad8                MemoryAllocator::headAllocated
                0x0000000080008ae0                MemoryAllocator::headFree
 .bss           0x0000000080008ae8        0x0 build/src/kernel/slabTests.o
 .bss           0x0000000080008ae8        0x0 build/src/kernel/KSemaphore.o
 .bss           0x0000000080008ae8        0x0 ./lib/hw.lib(entry.o)
 *fill*         0x0000000080008ae8        0x8 
 .bss           0x0000000080008af0     0x1030 ./lib/hw.lib(start.o)
                0x0000000080008af0                timer_scratch
                0x0000000080008b20                stack0
 .bss           0x0000000080009b20        0x0 ./lib/hw.lib(main.o)
 .bss           0x0000000080009b20       0x80 ./lib/hw.lib(proc.o)
                0x0000000080009b20                cpus
 .bss           0x0000000080009ba0       0x18 ./lib/hw.lib(trap.o)
                0x0000000080009ba0                tickslock
 .bss           0x0000000080009bb8        0x0 ./lib/hw.lib(kernelvec.o)
 .bss           0x0000000080009bb8        0x0 ./lib/hw.lib(plic.o)
 .bss           0x0000000080009bb8       0x10 ./lib/hw.lib(support_cpp.o)
                0x0000000080009bb8                _Unwind_Resume
                0x0000000080009bc0                __gxx_personality_v0
 .bss           0x0000000080009bc8        0x0 ./lib/hw.lib(hw.o)
 .bss           0x0000000080009bc8      0x148 ./lib/hw.lib(console.o)
                0x0000000080009bc8                cons
                0x0000000080009c70                devsw
 .bss           0x0000000080009d10       0x20 ./lib/hw.lib(printf.o)
 .bss           0x0000000080009d30       0x20 ./lib/hw.lib(uart.o)
                0x0000000080009d30                uart_tx_buf
 .bss           0x0000000080009d50        0x0 ./lib/hw.lib(kalloc.o)
 .bss           0x0000000080009d50        0x0 ./lib/hw.lib(spinlock.o)
 .bss           0x0000000080009d50        0x0 ./lib/hw.lib(string.o)

.eh_frame       0x0000000080009d50     0x1a00
 EXCLUDE_FILE(build/src/user/*) *(.eh_frame .eh_frame.*)
 .eh_frame      0x0000000080009d50       0x80 build/src/kernel/syscall_c_kernel.o
 .eh_frame      0x0000000080009dd0      0x6a8 build/src/kernel/slabAllocator.o
                                        0x6c0 (size before relaxing)
 .eh_frame      0x000000008000a478      0x2e0 build/src/kernel/PCB.o
                                        0x2f8 (size before relaxing)
 .eh_frame      0x000000008000a758      0x240 build/src/kernel/buddyAllocator.o
                                        0x250 (size before relaxing)
 .eh_frame      0x000000008000a998      0x260 build/src/kernel/KConsole.o
                                        0x290 (size before relaxing)
 .eh_frame      0x000000008000abf8       0x58 build/src/kernel/SleepPCBList.o
                                         0x68 (size before relaxing)
 .eh_frame      0x000000008000ac50       0xf0 build/src/kernel/Scheduler.o
                                        0x108 (size before relaxing)
 .eh_frame      0x000000008000ad40       0x28 build/src/kernel/main.o
                                         0x40 (size before relaxing)
 .eh_frame      0x000000008000ad68       0xe8 build/src/kernel/buddyTests.o
                                         0xf8 (size before relaxing)
 .eh_frame      0x000000008000ae50      0x298 build/src/kernel/Riscv.o
                                        0x2a8 (size before relaxing)
 .eh_frame      0x000000008000b0e8      0x200 build/src/kernel/MemoryAllocator.o
                                        0x210 (size before relaxing)
 .eh_frame      0x000000008000b2e8      0x1e8 build/src/kernel/slabTests.o
                                        0x1f8 (size before relaxing)
 .eh_frame      0x000000008000b4d0      0x280 build/src/kernel/KSemaphore.o
                                        0x2b0 (size before relaxing)

.rela.dyn       0x000000008000b750        0x0
 .rela.got      0x000000008000b750        0x0 build/src/kernel/trap.o
 .rela.text     0x000000008000b750        0x0 build/src/kernel/trap.o
 .rela.text._ZN14PeriodicThreadD2Ev
                0x000000008000b750        0x0 build/src/kernel/trap.o
 .rela.text._ZN14PeriodicThreadD0Ev
                0x000000008000b750        0x0 build/src/kernel/trap.o
 .rela.data.rel.ro.local._ZTV14PeriodicThread
                0x000000008000b750        0x0 build/src/kernel/trap.o
 .rela.data.rel.ro.local._ZTV6Thread
                0x000000008000b750        0x0 build/src/kernel/trap.o
 .rela.sdata    0x000000008000b750        0x0 build/src/kernel/trap.o

.user           0x000000008000b750     0x3618
                0x000000008000c000                . = ALIGN (0x1000)
 *fill*         0x000000008000b750      0x8b0 
                0x000000008000c000                PROVIDE (userTextStart = .)
 *(.text .text.*)
 .text          0x000000008000c000       0x20 build/src/user/lock.o
                0x000000008000c000                copy_and_swap
 .text          0x000000008000c020      0x350 build/src/user/syscall_c.o
                0x000000008000c020                mem_alloc(unsigned long)
                0x000000008000c050                mem_free(void*)
                0x000000008000c07c                thread_create(_thread**, void (*)(void*), void*)
                0x000000008000c10c                thread_dispatch()
                0x000000008000c12c                thread_exit()
                0x000000008000c154                sem_open(_sem**, unsigned int)
                0x000000008000c18c                sem_close(_sem*)
                0x000000008000c1b8                sem_wait(_sem*)
                0x000000008000c1e4                sem_signal(_sem*)
                0x000000008000c210                time_sleep(unsigned long)
                0x000000008000c23c                thread_start(void*)
                0x000000008000c268                thread_make_pcb(_thread**, void (*)(void*), void*)
                0x000000008000c2f8                getc()
                0x000000008000c320                putc(char)
                0x000000008000c344                thread_delete_pcb(_thread*)
 .text          0x000000008000c370       0x28 build/src/user/_thread.o
                0x000000008000c370                _thread::operator delete(void*)
 .text          0x000000008000c398      0x2ac build/src/user/test/printing.o
                0x000000008000c398                printString(char const*)
                0x000000008000c414                getString(char*, int)
                0x000000008000c4e0                stringToInt(char const*)
                0x000000008000c530                printInt(int, int, int)
 .text          0x000000008000c644      0x408 build/src/user/test/buffer_CPP_API.o
                0x000000008000c644                BufferCPP::BufferCPP(int)
                0x000000008000c644                BufferCPP::BufferCPP(int)
                0x000000008000c7a8                BufferCPP::put(int)
                0x000000008000c838                BufferCPP::get()
                0x000000008000c8c4                BufferCPP::getCnt()
                0x000000008000c94c                BufferCPP::~BufferCPP()
                0x000000008000c94c                BufferCPP::~BufferCPP()
 .text          0x000000008000ca4c      0x630 build/src/user/test/userMain.o
                0x000000008000ca4c                workerBodyA(void*)
                0x000000008000cb18                workerBodyB(void*)
                0x000000008000cbec                fibonacci(unsigned long)
                0x000000008000cc60                workerBodyC(void*)
                0x000000008000cde0                workerBodyD(void*)
                0x000000008000cf28                Threads_C_API_test()
                0x000000008000d054                userMain()
 .text          0x000000008000d07c      0x320 build/src/user/test/buffer.o
                0x000000008000d07c                Buffer::Buffer(int)
                0x000000008000d07c                Buffer::Buffer(int)
                0x000000008000d118                Buffer::put(int)
                0x000000008000d1a8                Buffer::get()
                0x000000008000d234                Buffer::getCnt()
                0x000000008000d2bc                Buffer::~Buffer()
                0x000000008000d2bc                Buffer::~Buffer()
 .text          0x000000008000d39c      0x448 build/src/user/syscall_cpp.o
                0x000000008000d39c                Thread::runner(void*)
                0x000000008000d3c8                Thread::~Thread()
                0x000000008000d3c8                Thread::~Thread()
                0x000000008000d408                Semaphore::~Semaphore()
                0x000000008000d408                Semaphore::~Semaphore()
                0x000000008000d448                operator new(unsigned long)
                0x000000008000d470                operator delete(void*)
                0x000000008000d498                Thread::~Thread()
                0x000000008000d4d8                Semaphore::~Semaphore()
                0x000000008000d518                Thread::start()
                0x000000008000d550                Thread::dispatch()
                0x000000008000d578                Thread::sleep(unsigned long)
                0x000000008000d5a0                PeriodicThread::runner(void*)
                0x000000008000d5e0                Thread::Thread(void (*)(void*), void*)
                0x000000008000d5e0                Thread::Thread(void (*)(void*), void*)
                0x000000008000d61c                Thread::Thread()
                0x000000008000d61c                Thread::Thread()
                0x000000008000d664                Semaphore::wait()
                0x000000008000d69c                Semaphore::Semaphore(unsigned int)
                0x000000008000d69c                Semaphore::Semaphore(unsigned int)
                0x000000008000d6e8                Semaphore::signal()
                0x000000008000d720                Console::getc()
                0x000000008000d748                Console::putc(char)
                0x000000008000d770                PeriodicThread::PeriodicThread(unsigned long)
                0x000000008000d770                PeriodicThread::PeriodicThread(unsigned long)
 .text._ZN6Thread3runEv
                0x000000008000d7e4       0x18 build/src/user/syscall_cpp.o
                0x000000008000d7e4                Thread::run()
 .text._ZN14PeriodicThread18periodicActivationEv
                0x000000008000d7fc       0x18 build/src/user/syscall_cpp.o
                0x000000008000d7fc                PeriodicThread::periodicActivation()
 .text._ZN14PeriodicThreadD2Ev
                0x000000008000d814       0x34 build/src/user/syscall_cpp.o
                0x000000008000d814                PeriodicThread::~PeriodicThread()
                0x000000008000d814                PeriodicThread::~PeriodicThread()
 .text._ZN14PeriodicThreadD0Ev
                0x000000008000d848       0x4c build/src/user/syscall_cpp.o
                0x000000008000d848                PeriodicThread::~PeriodicThread()
 .text          0x000000008000d894       0x5c build/src/user/PCBWrapperUser.o
                0x000000008000d894                PCBWrapperUser::userMainWrapper(void*)
                0x000000008000d8bc                PCBWrapperUser::wrapperUser(void (*)(void*), void*)
 .text          0x000000008000d8f0       0x28 build/src/user/_sem.o
                0x000000008000d8f0                _sem::operator delete(void*)
                0x000000008000e000                . = ALIGN (0x1000)
 *fill*         0x000000008000d918      0x6e8 
                0x000000008000e000                PROVIDE (userDataStart = .)
 *(.srodata .srodata.*)
 *(.rodata .rodata.*)
 .rodata.str1.8
                0x000000008000e000       0x11 build/src/user/test/buffer_CPP_API.o
 *fill*         0x000000008000e011        0x7 
 .rodata.str1.8
                0x000000008000e018       0xf9 build/src/user/test/userMain.o
 .rodata.str1.8
                0x000000008000e111       0x11 build/src/user/test/buffer.o
 *(.sdata .sdata.*)
 *(.data .data.*)
 .data          0x000000008000e111        0x0 build/src/user/lock.o
 .data          0x000000008000e111        0x0 build/src/user/syscall_c.o
 .data          0x000000008000e111        0x0 build/src/user/_thread.o
 *fill*         0x000000008000e111        0x7 
 .data          0x000000008000e118       0x11 build/src/user/test/printing.o
                0x000000008000e118                digits
 .data          0x000000008000e129        0x0 build/src/user/test/buffer_CPP_API.o
 .data          0x000000008000e129        0x0 build/src/user/test/userMain.o
 .data          0x000000008000e129        0x0 build/src/user/test/buffer.o
 .data          0x000000008000e129        0x0 build/src/user/syscall_cpp.o
 *fill*         0x000000008000e129        0x7 
 .data.rel.ro.local._ZTV14PeriodicThread
                0x000000008000e130       0x30 build/src/user/syscall_cpp.o
                0x000000008000e130                vtable for PeriodicThread
 .data.rel.ro.local._ZTV6Thread
                0x000000008000e160       0x28 build/src/user/syscall_cpp.o
                0x000000008000e160                vtable for Thread
 .data.rel.ro.local._ZTV9Semaphore
                0x000000008000e188       0x20 build/src/user/syscall_cpp.o
                0x000000008000e188                vtable for Semaphore
 .data          0x000000008000e1a8        0x0 build/src/user/PCBWrapperUser.o
 .data          0x000000008000e1a8        0x0 build/src/user/_sem.o
 *(.sbss .sbss.*)
 *(.bss .bss.*)
 .bss           0x000000008000e1a8        0x0 build/src/user/lock.o
 .bss           0x000000008000e1a8        0x0 build/src/user/syscall_c.o
 .bss           0x000000008000e1a8        0x0 build/src/user/_thread.o
 .bss           0x000000008000e1a8        0x8 build/src/user/test/printing.o
                0x000000008000e1a8                lockPrint
 .bss           0x000000008000e1b0        0x0 build/src/user/test/buffer_CPP_API.o
 .bss           0x000000008000e1b0        0x4 build/src/user/test/userMain.o
                0x000000008000e1b0                finishedA
                0x000000008000e1b1                finishedB
                0x000000008000e1b2                finishedC
                0x000000008000e1b3                finishedD
 .bss           0x000000008000e1b4        0x0 build/src/user/test/buffer.o
 .bss           0x000000008000e1b4        0x0 build/src/user/syscall_cpp.o
 .bss           0x000000008000e1b4        0x0 build/src/user/PCBWrapperUser.o
 .bss           0x000000008000e1b4        0x0 build/src/user/_sem.o
 *(.eh_frame .eh_frame.*)
 *fill*         0x000000008000e1b4        0x4 
 .eh_frame      0x000000008000e1b8      0x258 build/src/user/syscall_c.o
 .eh_frame      0x000000008000e410       0x40 build/src/user/_thread.o
 .eh_frame      0x000000008000e450       0xd0 build/src/user/test/printing.o
 .eh_frame      0x000000008000e520      0x130 build/src/user/test/buffer_CPP_API.o
 .eh_frame      0x000000008000e650      0x168 build/src/user/test/userMain.o
 .eh_frame      0x000000008000e7b8      0x128 build/src/user/test/buffer.o
 .eh_frame      0x000000008000e8e0      0x3e0 build/src/user/syscall_cpp.o
 .eh_frame      0x000000008000ecc0       0x68 build/src/user/PCBWrapperUser.o
 .eh_frame      0x000000008000ed28       0x40 build/src/user/_sem.o
                0x000000008000f000                . = ALIGN (0x1000)
                0x000000008000f000                PROVIDE (end = .)
LOAD build/src/kernel/trap.o
LOAD build/src/kernel/registersUtil.o
LOAD build/src/kernel/contextSwitch.o
LOAD build/src/user/lock.o
LOAD build/src/kernel/syscall_c_kernel.o
LOAD build/src/kernel/slabAllocator.o
LOAD build/src/kernel/PCB.o
LOAD build/src/kernel/buddyAllocator.o
LOAD build/src/kernel/KConsole.o
LOAD build/src/kernel/SleepPCBList.o
LOAD build/src/kernel/Scheduler.o
LOAD build/src/kernel/main.o
LOAD build/src/kernel/buddyTests.o
LOAD build/src/kernel/Riscv.o
LOAD build/src/kernel/MemoryAllocator.o
LOAD build/src/kernel/slabTests.o
LOAD build/src/kernel/KSemaphore.o
LOAD build/src/user/syscall_c.o
LOAD build/src/user/_thread.o
LOAD build/src/user/test/printing.o
LOAD build/src/user/test/buffer_CPP_API.o
LOAD build/src/user/test/userMain.o
LOAD build/src/user/test/buffer.o
LOAD build/src/user/syscall_cpp.o
LOAD build/src/user/PCBWrapperUser.o
LOAD build/src/user/_sem.o
LOAD ./lib/hw.lib
LOAD ./lib/mem.lib
LOAD ./lib/console.lib
LOAD ./lib/hw.lib
LOAD ./lib/mem.lib
LOAD ./lib/console.lib
OUTPUT(kernel elf64-littleriscv)

.debug_line     0x0000000000000000     0x91e8
 .debug_line    0x0000000000000000      0x1dc build/src/kernel/trap.o
 .debug_line    0x00000000000001dc       0x6b build/src/kernel/registersUtil.o
 .debug_line    0x0000000000000247       0x77 build/src/kernel/contextSwitch.o
 .debug_line    0x00000000000002be       0x6c build/src/user/lock.o
 .debug_line    0x000000000000032a      0x149 build/src/kernel/syscall_c_kernel.o
 .debug_line    0x0000000000000473     0x1b1c build/src/kernel/slabAllocator.o
 .debug_line    0x0000000000001f8f      0x812 build/src/kernel/PCB.o
 .debug_line    0x00000000000027a1      0x910 build/src/kernel/buddyAllocator.o
 .debug_line    0x00000000000030b1      0x7fd build/src/kernel/KConsole.o
 .debug_line    0x00000000000038ae      0x2aa build/src/kernel/SleepPCBList.o
 .debug_line    0x0000000000003b58      0x322 build/src/kernel/Scheduler.o
 .debug_line    0x0000000000003e7a       0xb8 build/src/kernel/main.o
 .debug_line    0x0000000000003f32      0x412 build/src/kernel/buddyTests.o
 .debug_line    0x0000000000004344     0x1122 build/src/kernel/Riscv.o
 .debug_line    0x0000000000005466      0x9b8 build/src/kernel/MemoryAllocator.o
 .debug_line    0x0000000000005e1e      0x793 build/src/kernel/slabTests.o
 .debug_line    0x00000000000065b1      0x696 build/src/kernel/KSemaphore.o
 .debug_line    0x0000000000006c47      0x783 build/src/user/syscall_c.o
 .debug_line    0x00000000000073ca       0xb3 build/src/user/_thread.o
 .debug_line    0x000000000000747d      0x3be build/src/user/test/printing.o
 .debug_line    0x000000000000783b      0x59d build/src/user/test/buffer_CPP_API.o
 .debug_line    0x0000000000007dd8      0x860 build/src/user/test/userMain.o
 .debug_line    0x0000000000008638      0x4a4 build/src/user/test/buffer.o
 .debug_line    0x0000000000008adc      0x54e build/src/user/syscall_cpp.o
 .debug_line    0x000000000000902a      0x111 build/src/user/PCBWrapperUser.o
 .debug_line    0x000000000000913b       0xad build/src/user/_sem.o

.debug_info     0x0000000000000000    0x10760
 .debug_info    0x0000000000000000       0x2e build/src/kernel/trap.o
 .debug_info    0x000000000000002e       0x2e build/src/kernel/registersUtil.o
 .debug_info    0x000000000000005c       0x2e build/src/kernel/contextSwitch.o
 .debug_info    0x000000000000008a       0x2e build/src/user/lock.o
 .debug_info    0x00000000000000b8      0x1a6 build/src/kernel/syscall_c_kernel.o
 .debug_info    0x000000000000025e     0x22ff build/src/kernel/slabAllocator.o
 .debug_info    0x000000000000255d     0x1390 build/src/kernel/PCB.o
 .debug_info    0x00000000000038ed     0x11a7 build/src/kernel/buddyAllocator.o
 .debug_info    0x0000000000004a94     0x1339 build/src/kernel/KConsole.o
 .debug_info    0x0000000000005dcd      0x72a build/src/kernel/SleepPCBList.o
 .debug_info    0x00000000000064f7      0xcf7 build/src/kernel/Scheduler.o
 .debug_info    0x00000000000071ee      0x4ea build/src/kernel/main.o
 .debug_info    0x00000000000076d8      0xe41 build/src/kernel/buddyTests.o
 .debug_info    0x0000000000008519     0x1d78 build/src/kernel/Riscv.o
 .debug_info    0x000000000000a291      0xb70 build/src/kernel/MemoryAllocator.o
 .debug_info    0x000000000000ae01     0x11f2 build/src/kernel/slabTests.o
 .debug_info    0x000000000000bff3     0x1094 build/src/kernel/KSemaphore.o
 .debug_info    0x000000000000d087      0x6d1 build/src/user/syscall_c.o
 .debug_info    0x000000000000d758      0x18f build/src/user/_thread.o
 .debug_info    0x000000000000d8e7      0x440 build/src/user/test/printing.o
 .debug_info    0x000000000000dd27      0x75f build/src/user/test/buffer_CPP_API.o
 .debug_info    0x000000000000e486      0xac7 build/src/user/test/userMain.o
 .debug_info    0x000000000000ef4d      0x67d build/src/user/test/buffer.o
 .debug_info    0x000000000000f5ca      0xde8 build/src/user/syscall_cpp.o
 .debug_info    0x00000000000103b2      0x21f build/src/user/PCBWrapperUser.o
 .debug_info    0x00000000000105d1      0x18f build/src/user/_sem.o

.debug_abbrev   0x0000000000000000     0x3b28
 .debug_abbrev  0x0000000000000000       0x14 build/src/kernel/trap.o
 .debug_abbrev  0x0000000000000014       0x14 build/src/kernel/registersUtil.o
 .debug_abbrev  0x0000000000000028       0x14 build/src/kernel/contextSwitch.o
 .debug_abbrev  0x000000000000003c       0x14 build/src/user/lock.o
 .debug_abbrev  0x0000000000000050       0xcc build/src/kernel/syscall_c_kernel.o
 .debug_abbrev  0x000000000000011c      0x419 build/src/kernel/slabAllocator.o
 .debug_abbrev  0x0000000000000535      0x3f7 build/src/kernel/PCB.o
 .debug_abbrev  0x000000000000092c      0x392 build/src/kernel/buddyAllocator.o
 .debug_abbrev  0x0000000000000cbe      0x39f build/src/kernel/KConsole.o
 .debug_abbrev  0x000000000000105d      0x2d2 build/src/kernel/SleepPCBList.o
 .debug_abbrev  0x000000000000132f      0x3a9 build/src/kernel/Scheduler.o
 .debug_abbrev  0x00000000000016d8      0x15d build/src/kernel/main.o
 .debug_abbrev  0x0000000000001835      0x2e8 build/src/kernel/buddyTests.o
 .debug_abbrev  0x0000000000001b1d      0x483 build/src/kernel/Riscv.o
 .debug_abbrev  0x0000000000001fa0      0x274 build/src/kernel/MemoryAllocator.o
 .debug_abbrev  0x0000000000002214      0x36a build/src/kernel/slabTests.o
 .debug_abbrev  0x000000000000257e      0x431 build/src/kernel/KSemaphore.o
 .debug_abbrev  0x00000000000029af      0x196 build/src/user/syscall_c.o
 .debug_abbrev  0x0000000000002b45       0xff build/src/user/_thread.o
 .debug_abbrev  0x0000000000002c44      0x168 build/src/user/test/printing.o
 .debug_abbrev  0x0000000000002dac      0x2a2 build/src/user/test/buffer_CPP_API.o
 .debug_abbrev  0x000000000000304e      0x1c6 build/src/user/test/userMain.o
 .debug_abbrev  0x0000000000003214      0x259 build/src/user/test/buffer.o
 .debug_abbrev  0x000000000000346d      0x480 build/src/user/syscall_cpp.o
 .debug_abbrev  0x00000000000038ed      0x13c build/src/user/PCBWrapperUser.o
 .debug_abbrev  0x0000000000003a29       0xff build/src/user/_sem.o

.debug_aranges  0x0000000000000000      0x520
 .debug_aranges
                0x0000000000000000       0x30 build/src/kernel/trap.o
 .debug_aranges
                0x0000000000000030       0x30 build/src/kernel/registersUtil.o
 .debug_aranges
                0x0000000000000060       0x30 build/src/kernel/contextSwitch.o
 .debug_aranges
                0x0000000000000090       0x30 build/src/user/lock.o
 .debug_aranges
                0x00000000000000c0       0x30 build/src/kernel/syscall_c_kernel.o
 .debug_aranges
                0x00000000000000f0       0x30 build/src/kernel/slabAllocator.o
 .debug_aranges
                0x0000000000000120       0x30 build/src/kernel/PCB.o
 .debug_aranges
                0x0000000000000150       0x30 build/src/kernel/buddyAllocator.o
 .debug_aranges
                0x0000000000000180       0x30 build/src/kernel/KConsole.o
 .debug_aranges
                0x00000000000001b0       0x30 build/src/kernel/SleepPCBList.o
 .debug_aranges
                0x00000000000001e0       0x30 build/src/kernel/Scheduler.o
 .debug_aranges
                0x0000000000000210       0x30 build/src/kernel/main.o
 .debug_aranges
                0x0000000000000240       0x30 build/src/kernel/buddyTests.o
 .debug_aranges
                0x0000000000000270       0x30 build/src/kernel/Riscv.o
 .debug_aranges
                0x00000000000002a0       0x30 build/src/kernel/MemoryAllocator.o
 .debug_aranges
                0x00000000000002d0       0x30 build/src/kernel/slabTests.o
 .debug_aranges
                0x0000000000000300       0x30 build/src/kernel/KSemaphore.o
 .debug_aranges
                0x0000000000000330       0x30 build/src/user/syscall_c.o
 .debug_aranges
                0x0000000000000360       0x30 build/src/user/_thread.o
 .debug_aranges
                0x0000000000000390       0x30 build/src/user/test/printing.o
 .debug_aranges
                0x00000000000003c0       0x30 build/src/user/test/buffer_CPP_API.o
 .debug_aranges
                0x00000000000003f0       0x30 build/src/user/test/userMain.o
 .debug_aranges
                0x0000000000000420       0x30 build/src/user/test/buffer.o
 .debug_aranges
                0x0000000000000450       0x70 build/src/user/syscall_cpp.o
 .debug_aranges
                0x00000000000004c0       0x30 build/src/user/PCBWrapperUser.o
 .debug_aranges
                0x00000000000004f0       0x30 build/src/user/_sem.o

.debug_str      0x0000000000000000     0x3622
 .debug_str     0x0000000000000000       0x3c build/src/kernel/trap.o
 .debug_str     0x000000000000003c       0x1b build/src/kernel/registersUtil.o
                                         0x45 (size before relaxing)
 .debug_str     0x0000000000000057       0x1b build/src/kernel/contextSwitch.o
                                         0x45 (size before relaxing)
 .debug_str     0x0000000000000072       0x10 build/src/user/lock.o
                                         0x3a (size before relaxing)
 .debug_str     0x0000000000000082      0x292 build/src/kernel/syscall_c_kernel.o
                                        0x2c2 (size before relaxing)
 .debug_str     0x0000000000000314     0x1410 build/src/kernel/slabAllocator.o
                                       0x16b9 (size before relaxing)
 .debug_str     0x0000000000001724      0xb3c build/src/kernel/PCB.o
                                       0x12e7 (size before relaxing)
 .debug_str     0x0000000000002260      0x17d build/src/kernel/buddyAllocator.o
                                        0xfa0 (size before relaxing)
 .debug_str     0x00000000000023dd      0x184 build/src/kernel/KConsole.o
                                       0x158a (size before relaxing)
 .debug_str     0x0000000000002561       0x40 build/src/kernel/SleepPCBList.o
                                        0x862 (size before relaxing)
 .debug_str     0x00000000000025a1       0x62 build/src/kernel/Scheduler.o
                                       0x1124 (size before relaxing)
 .debug_str     0x0000000000002603       0x19 build/src/kernel/main.o
                                        0x876 (size before relaxing)
 .debug_str     0x000000000000261c       0xee build/src/kernel/buddyTests.o
                                       0x114a (size before relaxing)
 .debug_str     0x000000000000270a      0x21a build/src/kernel/Riscv.o
                                       0x1ab7 (size before relaxing)
 .debug_str     0x0000000000002924       0xe3 build/src/kernel/MemoryAllocator.o
                                        0xc67 (size before relaxing)
 .debug_str     0x0000000000002a07      0x19f build/src/kernel/slabTests.o
                                       0x1052 (size before relaxing)
 .debug_str     0x0000000000002ba6       0x5e build/src/kernel/KSemaphore.o
                                       0x1147 (size before relaxing)
 .debug_str     0x0000000000002c04      0x260 build/src/user/syscall_c.o
                                        0x4dc (size before relaxing)
 .debug_str     0x0000000000002e64       0x15 build/src/user/_thread.o
                                        0x281 (size before relaxing)
 .debug_str     0x0000000000002e79       0xa8 build/src/user/test/printing.o
                                        0x2e5 (size before relaxing)
 .debug_str     0x0000000000002f21      0x15b build/src/user/test/buffer_CPP_API.o
                                        0x441 (size before relaxing)
 .debug_str     0x000000000000307c      0x13e build/src/user/test/userMain.o
                                        0x421 (size before relaxing)
 .debug_str     0x00000000000031ba       0x93 build/src/user/test/buffer.o
                                        0x3ff (size before relaxing)
 .debug_str     0x000000000000324d      0x329 build/src/user/syscall_cpp.o
                                        0x7a7 (size before relaxing)
 .debug_str     0x0000000000003576       0x9a build/src/user/PCBWrapperUser.o
                                        0x2e5 (size before relaxing)
 .debug_str     0x0000000000003610       0x12 build/src/user/_sem.o
                                        0x261 (size before relaxing)

.debug_loc      0x0000000000000000     0x6dee
 .debug_loc     0x0000000000000000       0x46 build/src/kernel/syscall_c_kernel.o
 .debug_loc     0x0000000000000046     0x1969 build/src/kernel/slabAllocator.o
 .debug_loc     0x00000000000019af      0x53d build/src/kernel/PCB.o
 .debug_loc     0x0000000000001eec      0xb2b build/src/kernel/buddyAllocator.o
 .debug_loc     0x0000000000002a17      0x43a build/src/kernel/KConsole.o
 .debug_loc     0x0000000000002e51      0x20f build/src/kernel/SleepPCBList.o
 .debug_loc     0x0000000000003060      0x149 build/src/kernel/Scheduler.o
 .debug_loc     0x00000000000031a9      0x133 build/src/kernel/buddyTests.o
 .debug_loc     0x00000000000032dc      0x898 build/src/kernel/Riscv.o
 .debug_loc     0x0000000000003b74      0x8f0 build/src/kernel/MemoryAllocator.o
 .debug_loc     0x0000000000004464      0x694 build/src/kernel/slabTests.o
 .debug_loc     0x0000000000004af8      0x421 build/src/kernel/KSemaphore.o
 .debug_loc     0x0000000000004f19      0x9cc build/src/user/syscall_c.o
 .debug_loc     0x00000000000058e5       0x39 build/src/user/_thread.o
 .debug_loc     0x000000000000591e      0x37a build/src/user/test/printing.o
 .debug_loc     0x0000000000005c98      0x322 build/src/user/test/buffer_CPP_API.o
 .debug_loc     0x0000000000005fba      0x42e build/src/user/test/userMain.o
 .debug_loc     0x00000000000063e8      0x27e build/src/user/test/buffer.o
 .debug_loc     0x0000000000006666      0x691 build/src/user/syscall_cpp.o
 .debug_loc     0x0000000000006cf7       0xbe build/src/user/PCBWrapperUser.o
 .debug_loc     0x0000000000006db5       0x39 build/src/user/_sem.o

.comment        0x0000000000000000       0x53
 .comment       0x0000000000000000       0x29 build/src/kernel/syscall_c_kernel.o
                                         0x2a (size before relaxing)
 .comment       0x0000000000000029       0x2a build/src/kernel/slabAllocator.o
 .comment       0x0000000000000029       0x2a build/src/kernel/PCB.o
 .comment       0x0000000000000029       0x2a build/src/kernel/buddyAllocator.o
 .comment       0x0000000000000029       0x2a build/src/kernel/KConsole.o
 .comment       0x0000000000000029       0x2a build/src/kernel/SleepPCBList.o
 .comment       0x0000000000000029       0x2a build/src/kernel/Scheduler.o
 .comment       0x0000000000000029       0x2a build/src/kernel/main.o
 .comment       0x0000000000000029       0x2a build/src/kernel/buddyTests.o
 .comment       0x0000000000000029       0x2a build/src/kernel/Riscv.o
 .comment       0x0000000000000029       0x2a build/src/kernel/MemoryAllocator.o
 .comment       0x0000000000000029       0x2a build/src/kernel/slabTests.o
 .comment       0x0000000000000029       0x2a build/src/kernel/KSemaphore.o
 .comment       0x0000000000000029       0x2a build/src/user/syscall_c.o
 .comment       0x0000000000000029       0x2a build/src/user/_thread.o
 .comment       0x0000000000000029       0x2a build/src/user/test/printing.o
 .comment       0x0000000000000029       0x2a build/src/user/test/buffer_CPP_API.o
 .comment       0x0000000000000029       0x2a build/src/user/test/userMain.o
 .comment       0x0000000000000029       0x2a build/src/user/test/buffer.o
 .comment       0x0000000000000029       0x2a build/src/user/syscall_cpp.o
 .comment       0x0000000000000029       0x2a build/src/user/PCBWrapperUser.o
 .comment       0x0000000000000029       0x2a build/src/user/_sem.o
 .comment       0x0000000000000029       0x2a ./lib/hw.lib(start.o)
                                         0x2b (size before relaxing)
 .comment       0x0000000000000053       0x2b ./lib/hw.lib(main.o)
 .comment       0x0000000000000053       0x2b ./lib/hw.lib(proc.o)
 .comment       0x0000000000000053       0x2b ./lib/hw.lib(trap.o)
 .comment       0x0000000000000053       0x2b ./lib/hw.lib(plic.o)
 .comment       0x0000000000000053       0x2b ./lib/hw.lib(support_cpp.o)
 .comment       0x0000000000000053       0x2b ./lib/hw.lib(hw.o)
 .comment       0x0000000000000053       0x2b ./lib/hw.lib(console.o)
 .comment       0x0000000000000053       0x2b ./lib/hw.lib(printf.o)
 .comment       0x0000000000000053       0x2b ./lib/hw.lib(uart.o)
 .comment       0x0000000000000053       0x2b ./lib/hw.lib(kalloc.o)
 .comment       0x0000000000000053       0x2b ./lib/hw.lib(spinlock.o)
 .comment       0x0000000000000053       0x2b ./lib/hw.lib(string.o)

.note.GNU-stack
                0x0000000000000000        0x0
 .note.GNU-stack
                0x0000000000000000        0x0 build/src/kernel/syscall_c_kernel.o
 .note.GNU-stack
                0x0000000000000000        0x0 build/src/kernel/slabAllocator.o
 .note.GNU-stack
                0x0000000000000000        0x0 build/src/kernel/PCB.o
 .note.GNU-stack
                0x0000000000000000        0x0 build/src/kernel/buddyAllocator.o
 .note.GNU-stack
                0x0000000000000000        0x0 build/src/kernel/KConsole.o
 .note.GNU-stack
                0x0000000000000000        0x0 build/src/kernel/SleepPCBList.o
 .note.GNU-stack
                0x0000000000000000        0x0 build/src/kernel/Scheduler.o
 .note.GNU-stack
                0x0000000000000000        0x0 build/src/kernel/main.o
 .note.GNU-stack
                0x0000000000000000        0x0 build/src/kernel/buddyTests.o
 .note.GNU-stack
                0x0000000000000000        0x0 build/src/kernel/Riscv.o
 .note.GNU-stack
                0x0000000000000000        0x0 build/src/kernel/MemoryAllocator.o
 .note.GNU-stack
                0x0000000000000000        0x0 build/src/kernel/slabTests.o
 .note.GNU-stack
                0x0000000000000000        0x0 build/src/kernel/KSemaphore.o
 .note.GNU-stack
                0x0000000000000000        0x0 build/src/user/syscall_c.o
 .note.GNU-stack
                0x0000000000000000        0x0 build/src/user/_thread.o
 .note.GNU-stack
                0x0000000000000000        0x0 build/src/user/test/printing.o
 .note.GNU-stack
                0x0000000000000000        0x0 build/src/user/test/buffer_CPP_API.o
 .note.GNU-stack
                0x0000000000000000        0x0 build/src/user/test/userMain.o
 .note.GNU-stack
                0x0000000000000000        0x0 build/src/user/test/buffer.o
 .note.GNU-stack
                0x0000000000000000        0x0 build/src/user/syscall_cpp.o
 .note.GNU-stack
                0x0000000000000000        0x0 build/src/user/PCBWrapperUser.o
 .note.GNU-stack
                0x0000000000000000        0x0 build/src/user/_sem.o
 .note.GNU-stack
                0x0000000000000000        0x0 ./lib/hw.lib(start.o)
 .note.GNU-stack
                0x0000000000000000        0x0 ./lib/hw.lib(main.o)
 .note.GNU-stack
                0x0000000000000000        0x0 ./lib/hw.lib(proc.o)
 .note.GNU-stack
                0x0000000000000000        0x0 ./lib/hw.lib(trap.o)
 .note.GNU-stack
                0x0000000000000000        0x0 ./lib/hw.lib(plic.o)
 .note.GNU-stack
                0x0000000000000000        0x0 ./lib/hw.lib(support_cpp.o)
 .note.GNU-stack
                0x0000000000000000        0x0 ./lib/hw.lib(hw.o)
 .note.GNU-stack
                0x0000000000000000        0x0 ./lib/hw.lib(console.o)
 .note.GNU-stack
                0x0000000000000000        0x0 ./lib/hw.lib(printf.o)
 .note.GNU-stack
                0x0000000000000000        0x0 ./lib/hw.lib(uart.o)
 .note.GNU-stack
                0x0000000000000000        0x0 ./lib/hw.lib(kalloc.o)
 .note.GNU-stack
                0x0000000000000000        0x0 ./lib/hw.lib(spinlock.o)
 .note.GNU-stack
                0x0000000000000000        0x0 ./lib/hw.lib(string.o)

.debug_ranges   0x0000000000000000      0x3f0
 .debug_ranges  0x0000000000000000       0xf0 build/src/kernel/slabAllocator.o
 .debug_ranges  0x00000000000000f0       0x30 build/src/kernel/buddyAllocator.o
 .debug_ranges  0x0000000000000120       0x60 build/src/kernel/KConsole.o
 .debug_ranges  0x0000000000000180       0x30 build/src/kernel/SleepPCBList.o
 .debug_ranges  0x00000000000001b0       0x60 build/src/kernel/Riscv.o
 .debug_ranges  0x0000000000000210      0x120 build/src/kernel/slabTests.o
 .debug_ranges  0x0000000000000330       0x60 build/src/user/test/userMain.o
 .debug_ranges  0x0000000000000390       0x60 build/src/user/syscall_cpp.o
