Archive member included to satisfy reference by file (symbol)

./lib/hw.lib(entry.o)         (_entry)
./lib/hw.lib(start.o)         ./lib/hw.lib(entry.o) (start)
./lib/hw.lib(main.o)          ./lib/hw.lib(start.o) (system_main)
./lib/hw.lib(proc.o)          ./lib/hw.lib(main.o) (cpuid)
./lib/hw.lib(trap.o)          ./lib/hw.lib(main.o) (trapinit)
./lib/hw.lib(kernelvec.o)     ./lib/hw.lib(trap.o) (kernelvec)
./lib/hw.lib(plic.o)          ./lib/hw.lib(main.o) (plicinit)
./lib/hw.lib(support_cpp.o)   build/src/kernel/KConsole.o (_Unwind_Resume)
./lib/hw.lib(hw.o)            build/src/kernel/KConsole.o (CONSOLE_RX_DATA)
./lib/hw.lib(console.o)       ./lib/hw.lib(main.o) (consoleinit)
./lib/hw.lib(printf.o)        ./lib/hw.lib(main.o) (panic)
./lib/hw.lib(uart.o)          ./lib/hw.lib(console.o) (uartinit)
./lib/hw.lib(kalloc.o)        ./lib/hw.lib(main.o) (kinit)
./lib/hw.lib(spinlock.o)      ./lib/hw.lib(trap.o) (initlock)
./lib/hw.lib(string.o)        ./lib/hw.lib(kalloc.o) (__memset)

Discarded input sections

 .group         0x0000000000000000        0xc build/src/kernel/PCB.o
 .group         0x0000000000000000        0xc build/src/kernel/KConsole.o
 .data.rel.local.DW.ref.__gxx_personality_v0
                0x0000000000000000        0x8 build/src/kernel/KConsole.o
 .group         0x0000000000000000        0xc build/src/kernel/KSemaphore.o
 .data.rel.local.DW.ref.__gxx_personality_v0
                0x0000000000000000        0x8 build/src/kernel/KSemaphore.o
 .group         0x0000000000000000        0xc build/src/user/test/buffer_CPP_API.o
 .data.rel.local.DW.ref.__gxx_personality_v0
                0x0000000000000000        0x8 build/src/user/test/buffer_CPP_API.o
 .group         0x0000000000000000        0xc build/src/user/test/buffer.o
 .data.rel.local.DW.ref.__gxx_personality_v0
                0x0000000000000000        0x8 build/src/user/test/buffer.o
 .group         0x0000000000000000        0x8 build/src/user/syscall_cpp.o
 .group         0x0000000000000000        0x8 build/src/user/syscall_cpp.o
 .group         0x0000000000000000       0x14 build/src/user/syscall_cpp.o
 .group         0x0000000000000000        0xc build/src/user/syscall_cpp.o
 .group         0x0000000000000000        0xc build/src/user/syscall_cpp.o
 .group         0x0000000000000000        0xc build/src/user/syscall_cpp.o
 .group         0x0000000000000000        0xc build/src/user/syscall_cpp.o
 .data.rel.local.DW.ref.__gxx_personality_v0
                0x0000000000000000        0x8 build/src/user/syscall_cpp.o

Memory Configuration

Name             Origin             Length             Attributes
*default*        0x0000000000000000 0xffffffffffffffff

Linker script and memory map

                0x0000000080000000                . = 0x80000000

.text           0x0000000080000000     0x8000
 *(.entry_os)
 .entry_os      0x0000000080000000       0x24 ./lib/hw.lib(entry.o)
                0x0000000080000000                _entry
                0x0000000080001000                . = ALIGN (0x1000)
 *fill*         0x0000000080000024      0xfdc 
                0x0000000080001000                PROVIDE (kernelTextStart = .)
 EXCLUDE_FILE(build/src/user/*) *(.text .text.*)
 .text          0x0000000080001000      0x120 build/src/kernel/trap.o
                0x0000000080001000                Riscv::supervisorTrap()
 .text          0x0000000080001120       0xf8 build/src/kernel/registersUtil.o
                0x0000000080001120                Riscv::pushRegisters()
                0x000000008000119c                Riscv::popRegisters()
 .text          0x0000000080001218       0x20 build/src/kernel/contextSwitch.o
                0x0000000080001218                PCB::contextSwitch(PCB::Context*, PCB::Context*)
                0x000000008000122c                PCB::contextSwitchExiting(PCB::Context*)
 .text          0x0000000080001238       0x70 build/src/kernel/syscall_c_kernel.o
                0x0000000080001238                thread_dispatch_kernel()
                0x0000000080001258                sysCallGetCharOutput()
                0x0000000080001280                thread_exit_kernel()
 .text          0x00000000800012a8     0x10f4 build/src/kernel/slabAllocator.o
                0x00000000800012a8                strcpy(char const*, char*)
                0x00000000800012dc                destroy_slab_list(slab_s**)
                0x0000000080001360                init_cache(kmem_cache_s*, char const*, unsigned long, unsigned long, void (*)(void*), void (*)(void*))
                0x00000000800013ec                slab_allocator_init(buddyAllocator*)
                0x0000000080001460                checkSetIndex(slab_s*, int)
                0x00000000800014a0                setAllocatedIndex(slab_s*, int)
                0x00000000800014e8                allocateObject(slab_s*)
                0x00000000800015a0                full(slab_s*)
                0x00000000800015c8                empty(slab_s*)
                0x00000000800015e8                insertIntoSlabList(slab_s*, slab_s**)
                0x000000008000161c                removeFromSlabList(slab_s*, slab_s**)
                0x0000000080001678                putPartialToFull(kmem_cache_s*)
                0x00000000800016d0                putEmptyToPartial(kmem_cache_s*)
                0x0000000080001728                removeFullSlab(kmem_cache_s*, slab_s*)
                0x0000000080001780                removePartialSlab(kmem_cache_s*, slab_s*)
                0x00000000800017d8                allocateSlab(kmem_cache_s*)
                0x00000000800018b8                getOptimalSlabSize(unsigned long)
                0x0000000080001970                findSlab(kmem_cache_s*, void const*)
                0x0000000080001a00                resetAllocatedIndex(slab_s*, int)
                0x0000000080001a4c                printSlabInfo(slab_s*)
                0x0000000080001ad0                free_slab_object(slab_s*, void const*)
                0x0000000080001c08                kmem_init(void*, int)
                0x0000000080001c40                kmem_cache_alloc(kmem_cache_s*)
                0x0000000080001d78                kmem_cache_create(char const*, unsigned long, void (*)(void*), void (*)(void*))
                0x0000000080001e1c                kmem_cache_free(kmem_cache_s*, void*)
                0x0000000080001e6c                kmem_cache_info(kmem_cache_s*)
                0x0000000080001fc8                printSlabAllocatorInfo()
                0x00000000800020b0                kmalloc(unsigned long)
                0x00000000800021b4                kfree(void const*)
                0x000000008000225c                kmem_cache_destroy(kmem_cache_s*)
                0x00000000800022e4                kmem_cache_shrink(kmem_cache_s*)
                0x000000008000231c                kmem_cache_error(kmem_cache_s*)
 .text          0x000000008000239c      0x5e8 build/src/kernel/PCB.o
                0x000000008000239c                PCB::runner()
                0x00000000800023e0                PCB::PCB(void (*)(void*), void*, void*, unsigned long)
                0x00000000800023e0                PCB::PCB(void (*)(void*), void*, void*, unsigned long)
                0x0000000080002430                PCB::start()
                0x0000000080002458                PCB::dispatch()
                0x00000000800024e4                PCB::operator new(unsigned long)
                0x0000000080002518                PCB::operator delete(void*)
                0x0000000080002550                PCB::~PCB()
                0x0000000080002550                PCB::~PCB()
                0x000000008000257c                PCB::initialize()
                0x00000000800026a4                PCB::isFinished()
                0x00000000800026c8                PCB::threadExitHandler()
                0x0000000080002714                PCB::threadDispatchHandler()
                0x0000000080002744                PCB::threadSleepHandler()
                0x00000000800027a8                PCB::threadCreateHandler()
                0x000000008000284c                PCB::threadStartHandler()
                0x0000000080002890                PCB::threadMakePCBHandler()
                0x0000000080002928                PCB::threadDelPCBHandler()
 .text          0x0000000080002984      0x6ac build/src/kernel/buddyAllocator.o
                0x0000000080002984                getBlockAddr(unsigned long)
                0x00000000800029a4                getNextBlockAddr(unsigned long)
                0x00000000800029d4                getDeg2Floor(unsigned long)
                0x0000000080002a08                getDeg2Ceil(unsigned long)
                0x0000000080002a3c                addBlockToLevel(void*, unsigned long)
                0x0000000080002aa4                getBuddyBlockAddr(void*, unsigned long)
                0x0000000080002ae8                split(void*, unsigned long, unsigned long, bool)
                0x0000000080002b7c                buddy_alloc(unsigned long)
                0x0000000080002c50                addBlocks(void*, unsigned long)
                0x0000000080002d7c                buddy_init(void*, unsigned long)
                0x0000000080002e70                buddy_free(void*, unsigned long)
                0x0000000080002ee0                printBuddyInfo()
                0x0000000080003010                getBuddy()
 .text          0x0000000080003030      0x5f0 build/src/kernel/KConsole.o
                0x0000000080003030                KConsole::initialize()
                0x00000000800030e8                KConsole::putCharacterInput(char)
                0x0000000080003150                KConsole::getCharactersFromConsole()
                0x00000000800031bc                KConsole::getCharacterInput()
                0x0000000080003234                KConsole::putCharacterOutput(char)
                0x00000000800032ac                KConsole::getCharacterOutput()
                0x0000000080003324                KConsole::putcHandler()
                0x0000000080003354                KConsole::getcHandler()
                0x00000000800033e0                KConsole::outputBufferEmpty()
                0x0000000080003404                KConsole::sendCharactersToConsole(void*)
                0x00000000800034b0                KConsole::getCharHandler()
                0x00000000800034e4                KConsole::trapPrintString(char const*)
                0x0000000080003528                KConsole::trapPrintInt(unsigned long, int, int)
                0x00000000800035bc                KConsole::trapPrintStringInt(char const*, unsigned long, int)
 .text          0x0000000080003620       0xf4 build/src/kernel/SleepPCBList.o
                0x0000000080003620                SleepPCBList::insertSleepingPCB()
                0x000000008000368c                SleepPCBList::tryToWakePCBs()
 .text          0x0000000080003714      0x188 build/src/kernel/Scheduler.o
                0x0000000080003714                Scheduler::operator new(unsigned long)
                0x000000008000373c                Scheduler::operator delete(void*)
                0x0000000080003764                Scheduler::getSize()
                0x000000008000379c                Scheduler::put(PCB*)
                0x00000000800037f0                Scheduler::get()
                0x000000008000383c                Scheduler::print()
 .text          0x000000008000389c       0x28 build/src/kernel/main.o
                0x000000008000389c                main
 .text          0x00000000800038c4      0x2a4 build/src/kernel/buddyTests.o
                0x00000000800038c4                buddyInitTest1()
                0x00000000800038ec                buddyOnlyAllocsTest1()
                0x0000000080003964                buddyOnlyAllocsTest2()
                0x00000000800039a0                buddyAllocFreeTest1()
                0x0000000080003a90                buddyTestMixa()
 .text          0x0000000080003b68      0x9b0 build/src/kernel/Riscv.o
                0x0000000080003b68                Riscv::initVirtualMemory()
                0x0000000080003b80                Riscv::enableInterrupts()
                0x0000000080003ba0                Riscv::disableInterrupts()
                0x0000000080003bc0                Riscv::endSystem()
                0x0000000080003c54                Riscv::popSppSpie()
                0x0000000080003cac                Riscv::setVirtualAddr(unsigned long, unsigned long, unsigned long)
                0x0000000080003e00                Riscv::setVirtualAddrRange(unsigned long, unsigned long, int)
                0x0000000080003e68                Riscv::initSystem()
                0x0000000080004100                Riscv::kernelMain()
                0x0000000080004154                Riscv::addVirtualAddr(unsigned long)
                0x0000000080004184                Riscv::addVirtualAddrInstr(unsigned long)
                0x00000000800041b4                Riscv::disableTimerInterrupts()
                0x00000000800041d4                Riscv::w_a0_sscratch()
                0x000000008000420c                Riscv::changePrivMode()
                0x000000008000424c                Riscv::handleSupervisorTrap()
 .text          0x0000000080004518      0x4c0 build/src/kernel/MemoryAllocator.o
                0x0000000080004518                MemoryAllocator::initMemory(void*)
                0x0000000080004574                MemoryAllocator::insertAllFragment(void*, unsigned long, void*)
                0x00000000800045e4                MemoryAllocator::insertNewAllocatedFragment(void*, unsigned long)
                0x0000000080004648                MemoryAllocator::tryToAllocateFragment(unsigned long)
                0x0000000080004754                MemoryAllocator::mem_alloc(unsigned long)
                0x000000008000477c                MemoryAllocator::insertNewFreeSegment(void*, unsigned long)
                0x0000000080004844                MemoryAllocator::tryToFreeSegment(void*)
                0x00000000800048e0                MemoryAllocator::mem_free(void*)
                0x0000000080004908                MemoryAllocator::kmalloc(unsigned long)
                0x0000000080004930                MemoryAllocator::memAllocHandler()
                0x0000000080004978                MemoryAllocator::kfree(void*)
                0x00000000800049a0                MemoryAllocator::memFreeHandler()
 .text          0x00000000800049d8      0x524 build/src/kernel/slabTests.o
                0x00000000800049d8                slabInitTest()
                0x0000000080004a10                slabCacheCreateTest()
                0x0000000080004ac8                slabCacheCreateTest2()
                0x0000000080004b64                memset(void const*, int, int)
                0x0000000080004b94                construct(void*)
                0x0000000080004bc4                check(void*, unsigned long)
                0x0000000080004c0c                work(void*)
                0x0000000080004e08                runs(void (*)(void*), data_s*, int)
                0x0000000080004e80                testOS2()
 .text          0x0000000080004efc      0x438 build/src/kernel/KSemaphore.o
                0x0000000080004efc                KSemaphore::KSemaphore(int)
                0x0000000080004efc                KSemaphore::KSemaphore(int)
                0x0000000080004f20                KSemaphore::addToBlocked(PCB*)
                0x0000000080004f5c                KSemaphore::block()
                0x0000000080004fa0                KSemaphore::wait()
                0x0000000080004ff8                KSemaphore::getFirstBlocked()
                0x0000000080005014                KSemaphore::removeFirstBlocked()
                0x0000000080005050                KSemaphore::~KSemaphore()
                0x0000000080005050                KSemaphore::~KSemaphore()
                0x00000000800050bc                KSemaphore::unblock()
                0x0000000080005118                KSemaphore::signal()
                0x0000000080005160                KSemaphore::operator new(unsigned long)
                0x0000000080005194                KSemaphore::semOpenHandler()
                0x0000000080005210                KSemaphore::operator delete(void*)
                0x0000000080005248                KSemaphore::semWaitHandler()
                0x000000008000529c                KSemaphore::semSignalHandler()
                0x00000000800052e0                KSemaphore::semCloseHandler()
 .text          0x0000000080005334        0x0 ./lib/hw.lib(entry.o)
 .text          0x0000000080005334      0x18c ./lib/hw.lib(start.o)
                0x0000000080005334                start
                0x0000000080005434                timerinit
 .text          0x00000000800054c0       0xd8 ./lib/hw.lib(main.o)
                0x00000000800054c0                system_main
 .text          0x0000000080005598      0x100 ./lib/hw.lib(proc.o)
                0x0000000080005598                cpuid
                0x00000000800055b8                mycpu
                0x00000000800055e8                userinit
                0x0000000080005604                either_copyout
                0x0000000080005650                either_copyin
 .text          0x0000000080005698      0x32c ./lib/hw.lib(trap.o)
                0x0000000080005698                trapinit
                0x00000000800056c4                trapinithart
                0x00000000800056e8                usertrap
                0x0000000080005700                usertrapret
                0x0000000080005718                kerneltrap
                0x0000000080005860                clockintr
                0x00000000800058b8                devintr
 *fill*         0x00000000800059c4        0xc 
 .text          0x00000000800059d0      0x150 ./lib/hw.lib(kernelvec.o)
                0x00000000800059d0                kernelvec
                0x0000000080005ae0                timervec
 .text          0x0000000080005b20       0xf0 ./lib/hw.lib(plic.o)
                0x0000000080005b20                plicinit
                0x0000000080005b48                plicinithart
                0x0000000080005b94                plic_claim
                0x0000000080005bcc                plic_complete
 .text          0x0000000080005c10        0x0 ./lib/hw.lib(support_cpp.o)
 .text          0x0000000080005c10        0x0 ./lib/hw.lib(hw.o)
 .text          0x0000000080005c10      0x36c ./lib/hw.lib(console.o)
                0x0000000080005c10                consolewrite
                0x0000000080005cb4                consoleread
                0x0000000080005df4                consputc
                0x0000000080005e44                consoleintr
                0x0000000080005ed8                consoleinit
                0x0000000080005f3c                console_read
                0x0000000080005f5c                console_write
 .text          0x0000000080005f7c      0x738 ./lib/hw.lib(printf.o)
                0x0000000080005f7c                panic
                0x0000000080005fd8                __printf
                0x000000008000666c                printfinit
 .text          0x00000000800066b4      0x344 ./lib/hw.lib(uart.o)
                0x00000000800066b4                uartinit
                0x00000000800066f8                uartputc
                0x00000000800067f0                uartputc_sync
                0x0000000080006834                uartstart
                0x00000000800068a8                uartgetc
                0x00000000800068e0                uartintr
 .text          0x00000000800069f8      0x290 ./lib/hw.lib(kalloc.o)
                0x00000000800069f8                kinit
                0x0000000080006ad0                freerange
                0x0000000080006bb0                kfree
                0x0000000080006c30                kalloc
 .text          0x0000000080006c88      0x3e0 ./lib/hw.lib(spinlock.o)
                0x0000000080006c88                initlock
                0x0000000080006cac                acquire
                0x0000000080006d78                release
                0x0000000080006e40                holding
                0x0000000080006e8c                push_off
                0x0000000080006f00                pop_off
                0x0000000080006f7c                push_on
                0x0000000080006ff0                pop_on
 .text          0x0000000080007068      0x394 ./lib/hw.lib(string.o)
                0x0000000080007068                __memset
                0x0000000080007284                __memmove
                0x0000000080008000                . = ALIGN (0x1000)
 *fill*         0x00000000800073fc      0xc04 
                0x0000000080008000                PROVIDE (kernelDataStart = .)

.rodata         0x0000000080008000      0x73f
                0x0000000080008000                . = ALIGN (0x10)
 EXCLUDE_FILE(build/src/user/*) *(.srodata .srodata.*)
 .srodata       0x0000000080008000       0x18 ./lib/hw.lib(hw.o)
                0x0000000080008000                CONSOLE_RX_DATA
                0x0000000080008008                CONSOLE_TX_DATA
                0x0000000080008010                CONSOLE_STATUS
                0x0000000080008020                . = ALIGN (0x10)
 *fill*         0x0000000080008018        0x8 
 EXCLUDE_FILE(build/src/user/*) *(.rodata .rodata.*)
 .rodata.str1.8
                0x0000000080008020      0x22e build/src/kernel/slabAllocator.o
                                        0x236 (size before relaxing)
 *fill*         0x000000008000824e        0x2 
 .rodata.str1.8
                0x0000000080008250       0xee build/src/kernel/buddyAllocator.o
                                         0xf6 (size before relaxing)
 *fill*         0x000000008000833e        0x2 
 .rodata.str1.8
                0x0000000080008340       0x11 build/src/kernel/KConsole.o
                                         0x1a (size before relaxing)
 .rodata.str1.8
                0x0000000080008351        0x2 build/src/kernel/Scheduler.o
 *fill*         0x0000000080008351        0x7 
 .rodata.str1.8
                0x0000000080008358       0x10 build/src/kernel/buddyTests.o
 .rodata.str1.8
                0x0000000080008368       0x32 build/src/kernel/Riscv.o
 *fill*         0x000000008000839a        0x2 
 .rodata        0x000000008000839c      0x150 build/src/kernel/Riscv.o
 *fill*         0x00000000800084ec        0x4 
 .rodata.str1.8
                0x00000000800084f0       0x7d build/src/kernel/slabTests.o
 *fill*         0x000000008000856d        0x3 
 .rodata.str1.8
                0x0000000080008570       0x51 ./lib/hw.lib(main.o)
                                         0x59 (size before relaxing)
 *fill*         0x00000000800085c1        0x7 
 .rodata.str1.8
                0x00000000800085c8       0x4b ./lib/hw.lib(proc.o)
 *fill*         0x0000000080008613        0x5 
 .rodata.str1.8
                0x0000000080008618       0x7b ./lib/hw.lib(trap.o)
 *fill*         0x0000000080008693        0x5 
 .rodata.str1.8
                0x0000000080008698        0x5 ./lib/hw.lib(console.o)
 *fill*         0x000000008000869d        0x3 
 .rodata.str1.8
                0x00000000800086a0       0x23 ./lib/hw.lib(printf.o)
                                         0x2b (size before relaxing)
 *fill*         0x00000000800086c3        0x5 
 .rodata        0x00000000800086c8       0x11 ./lib/hw.lib(printf.o)
 *fill*         0x00000000800086d9        0x7 
 .rodata.str1.8
                0x00000000800086e0        0x6 ./lib/hw.lib(kalloc.o)
 *fill*         0x00000000800086e6        0x2 
 .rodata.str1.8
                0x00000000800086e8       0x57 ./lib/hw.lib(spinlock.o)

.gcc_except_table
                0x000000008000873f      0x10b
 .gcc_except_table
                0x000000008000873f        0x4 build/src/kernel/PCB.o
 .gcc_except_table
                0x0000000080008743       0x52 build/src/kernel/KConsole.o
 .gcc_except_table
                0x0000000080008795        0x4 build/src/kernel/KSemaphore.o
 .gcc_except_table
                0x0000000080008799       0xa5 build/src/user/test/buffer_CPP_API.o
 .gcc_except_table
                0x000000008000883e        0x4 build/src/user/test/buffer.o
 .gcc_except_table
                0x0000000080008842        0x8 build/src/user/syscall_cpp.o

.data           0x0000000080008850       0x48
                0x0000000080008850                . = ALIGN (0x10)
 EXCLUDE_FILE(build/src/user/*) *(.sdata .sdata.*)
 .sdata         0x0000000080008850       0x10 ./lib/hw.lib(hw.o)
                0x0000000080008850                HEAP_END_ADDR
                0x0000000080008858                HEAP_START_ADDR
                0x0000000080008860                . = ALIGN (0x10)
 EXCLUDE_FILE(build/src/user/*) *(.data .data.*)
 .data          0x0000000080008860        0x0 build/src/kernel/trap.o
 .data          0x0000000080008860        0x0 build/src/kernel/registersUtil.o
 .data          0x0000000080008860        0x0 build/src/kernel/contextSwitch.o
 .data          0x0000000080008860        0x0 build/src/kernel/syscall_c_kernel.o
 .data          0x0000000080008860        0x0 build/src/kernel/slabAllocator.o
 .data          0x0000000080008860        0x0 build/src/kernel/PCB.o
 .data.rel.local.DW.ref.__gxx_personality_v0
                0x0000000080008860        0x8 build/src/kernel/PCB.o
                0x0000000080008860                DW.ref.__gxx_personality_v0
 .data          0x0000000080008868        0x0 build/src/kernel/buddyAllocator.o
 .data          0x0000000080008868        0x0 build/src/kernel/KConsole.o
 .data          0x0000000080008868        0x0 build/src/kernel/SleepPCBList.o
 .data          0x0000000080008868        0x0 build/src/kernel/Scheduler.o
 .data          0x0000000080008868        0x0 build/src/kernel/main.o
 .data          0x0000000080008868        0x0 build/src/kernel/buddyTests.o
 .data          0x0000000080008868        0x8 build/src/kernel/Riscv.o
                0x0000000080008868                Riscv::programStartAddr
 .data          0x0000000080008870        0x0 build/src/kernel/MemoryAllocator.o
 .data          0x0000000080008870        0x0 build/src/kernel/slabTests.o
 .data.rel.ro.local
                0x0000000080008870       0x28 build/src/kernel/slabTests.o
 .data          0x0000000080008898        0x0 build/src/kernel/KSemaphore.o
 .data          0x0000000080008898        0x0 ./lib/hw.lib(entry.o)
 .data          0x0000000080008898        0x0 ./lib/hw.lib(start.o)
 .data          0x0000000080008898        0x0 ./lib/hw.lib(main.o)
 .data          0x0000000080008898        0x0 ./lib/hw.lib(proc.o)
 .data          0x0000000080008898        0x0 ./lib/hw.lib(trap.o)
 .data          0x0000000080008898        0x0 ./lib/hw.lib(kernelvec.o)
 .data          0x0000000080008898        0x0 ./lib/hw.lib(plic.o)
 .data          0x0000000080008898        0x0 ./lib/hw.lib(support_cpp.o)
 .data          0x0000000080008898        0x0 ./lib/hw.lib(hw.o)
 .data          0x0000000080008898        0x0 ./lib/hw.lib(console.o)
 .data          0x0000000080008898        0x0 ./lib/hw.lib(printf.o)
 .data          0x0000000080008898        0x0 ./lib/hw.lib(uart.o)
 .data          0x0000000080008898        0x0 ./lib/hw.lib(kalloc.o)
 .data          0x0000000080008898        0x0 ./lib/hw.lib(spinlock.o)
 .data          0x0000000080008898        0x0 ./lib/hw.lib(string.o)

.got            0x0000000080008898       0xc0
 .got           0x0000000080008898       0xc0 build/src/kernel/trap.o
                0x0000000080008898                _GLOBAL_OFFSET_TABLE_

.got.plt        0x0000000080008958       0x10
 .got.plt       0x0000000080008958       0x10 build/src/kernel/trap.o

.bss            0x0000000080008970     0x9370
                0x0000000080008970                . = ALIGN (0x10)
 EXCLUDE_FILE(build/src/user/*) *(.sbss .sbss.*)
 .sbss          0x0000000080008970        0x4 ./lib/hw.lib(main.o)
 .sbss          0x0000000080008974        0x4 ./lib/hw.lib(trap.o)
                0x0000000080008974                ticks
 .sbss          0x0000000080008978        0x4 ./lib/hw.lib(printf.o)
                0x0000000080008978                panicked
 *fill*         0x000000008000897c        0x4 
 .sbss          0x0000000080008980       0x10 ./lib/hw.lib(uart.o)
                0x0000000080008980                uart_tx_r
                0x0000000080008988                uart_tx_w
 .sbss          0x0000000080008990        0x8 ./lib/hw.lib(kalloc.o)
                0x0000000080008990                kmem
                0x00000000800089a0                . = ALIGN (0x10)
 *fill*         0x0000000080008998        0x8 
 EXCLUDE_FILE(build/src/user/*) *(.bss .bss.*)
 .bss           0x00000000800089a0        0x0 build/src/kernel/trap.o
 .bss           0x00000000800089a0        0x0 build/src/kernel/registersUtil.o
 .bss           0x00000000800089a0        0x0 build/src/kernel/contextSwitch.o
 .bss           0x00000000800089a0        0x0 build/src/kernel/syscall_c_kernel.o
 .bss           0x00000000800089a0        0x8 build/src/kernel/slabAllocator.o
 .bss           0x00000000800089a8       0x28 build/src/kernel/PCB.o
                0x00000000800089a8                PCB::running
                0x00000000800089b0                PCB::consolePCB
                0x00000000800089b8                PCB::userPCB
                0x00000000800089c0                PCB::timeSliceCounter
                0x00000000800089c8                PCB::savedRegA4
 .bss           0x00000000800089d0        0x8 build/src/kernel/buddyAllocator.o
 .bss           0x00000000800089d8     0x8048 build/src/kernel/KConsole.o
                0x00000000800089d8                KConsole::hasCharactersInput
                0x00000000800089e0                KConsole::hasCharactersOutput
                0x00000000800089e8                KConsole::inputTail
                0x00000000800089f0                KConsole::inputHead
                0x00000000800089f8                KConsole::pendingGetc
                0x0000000080008a00                KConsole::outputTail
                0x0000000080008a08                KConsole::outputHead
                0x0000000080008a10                KConsole::pendingPutc
                0x0000000080008a18                KConsole::finished
                0x0000000080008a20                KConsole::outputBuffer
                0x000000008000ca20                KConsole::inputBuffer
 .bss           0x0000000080010a20        0x8 build/src/kernel/SleepPCBList.o
                0x0000000080010a20                SleepPCBList::sleepingPCBHead
 .bss           0x0000000080010a28       0x10 build/src/kernel/Scheduler.o
                0x0000000080010a28                Scheduler::schedulerPCBHead
                0x0000000080010a30                Scheduler::schedulerPCBTail
 .bss           0x0000000080010a38        0x0 build/src/kernel/main.o
 .bss           0x0000000080010a38        0x0 build/src/kernel/buddyTests.o
 .bss           0x0000000080010a38       0x30 build/src/kernel/Riscv.o
                0x0000000080010a38                Riscv::finishSystem
                0x0000000080010a40                Riscv::mainPMT
                0x0000000080010a48                Riscv::pcbCache
                0x0000000080010a50                Riscv::semaphoreCache
                0x0000000080010a58                Riscv::kernelMainCalled
                0x0000000080010a60                Riscv::totalTime
 .bss           0x0000000080010a68       0x18 build/src/kernel/MemoryAllocator.o
                0x0000000080010a68                MemoryAllocator::memoryInitiliaized
                0x0000000080010a70                MemoryAllocator::headAllocated
                0x0000000080010a78                MemoryAllocator::headFree
 .bss           0x0000000080010a80        0x0 build/src/kernel/slabTests.o
 .bss           0x0000000080010a80        0x0 build/src/kernel/KSemaphore.o
 .bss           0x0000000080010a80        0x0 ./lib/hw.lib(entry.o)
 .bss           0x0000000080010a80     0x1030 ./lib/hw.lib(start.o)
                0x0000000080010a80                timer_scratch
                0x0000000080010ab0                stack0
 .bss           0x0000000080011ab0        0x0 ./lib/hw.lib(main.o)
 .bss           0x0000000080011ab0       0x80 ./lib/hw.lib(proc.o)
                0x0000000080011ab0                cpus
 .bss           0x0000000080011b30       0x18 ./lib/hw.lib(trap.o)
                0x0000000080011b30                tickslock
 .bss           0x0000000080011b48        0x0 ./lib/hw.lib(kernelvec.o)
 .bss           0x0000000080011b48        0x0 ./lib/hw.lib(plic.o)
 .bss           0x0000000080011b48       0x10 ./lib/hw.lib(support_cpp.o)
                0x0000000080011b48                _Unwind_Resume
                0x0000000080011b50                __gxx_personality_v0
 .bss           0x0000000080011b58        0x0 ./lib/hw.lib(hw.o)
 .bss           0x0000000080011b58      0x148 ./lib/hw.lib(console.o)
                0x0000000080011b58                cons
                0x0000000080011c00                devsw
 .bss           0x0000000080011ca0       0x20 ./lib/hw.lib(printf.o)
 .bss           0x0000000080011cc0       0x20 ./lib/hw.lib(uart.o)
                0x0000000080011cc0                uart_tx_buf
 .bss           0x0000000080011ce0        0x0 ./lib/hw.lib(kalloc.o)
 .bss           0x0000000080011ce0        0x0 ./lib/hw.lib(spinlock.o)
 .bss           0x0000000080011ce0        0x0 ./lib/hw.lib(string.o)

.eh_frame       0x0000000080011ce0     0x18e8
 EXCLUDE_FILE(build/src/user/*) *(.eh_frame .eh_frame.*)
 .eh_frame      0x0000000080011ce0       0x80 build/src/kernel/syscall_c_kernel.o
 .eh_frame      0x0000000080011d60      0x5d0 build/src/kernel/slabAllocator.o
                                        0x5e0 (size before relaxing)
 .eh_frame      0x0000000080012330      0x2e0 build/src/kernel/PCB.o
                                        0x2f8 (size before relaxing)
 .eh_frame      0x0000000080012610      0x240 build/src/kernel/buddyAllocator.o
                                        0x250 (size before relaxing)
 .eh_frame      0x0000000080012850      0x260 build/src/kernel/KConsole.o
                                        0x290 (size before relaxing)
 .eh_frame      0x0000000080012ab0       0x58 build/src/kernel/SleepPCBList.o
                                         0x68 (size before relaxing)
 .eh_frame      0x0000000080012b08       0xf0 build/src/kernel/Scheduler.o
                                        0x108 (size before relaxing)
 .eh_frame      0x0000000080012bf8       0x28 build/src/kernel/main.o
                                         0x40 (size before relaxing)
 .eh_frame      0x0000000080012c20       0xe8 build/src/kernel/buddyTests.o
                                         0xf8 (size before relaxing)
 .eh_frame      0x0000000080012d08      0x298 build/src/kernel/Riscv.o
                                        0x2a8 (size before relaxing)
 .eh_frame      0x0000000080012fa0      0x200 build/src/kernel/MemoryAllocator.o
                                        0x210 (size before relaxing)
 .eh_frame      0x00000000800131a0      0x1a8 build/src/kernel/slabTests.o
                                        0x1c0 (size before relaxing)
 .eh_frame      0x0000000080013348      0x280 build/src/kernel/KSemaphore.o
                                        0x2b0 (size before relaxing)

.rela.dyn       0x00000000800135c8        0x0
 .rela.got      0x00000000800135c8        0x0 build/src/kernel/trap.o
 .rela.text     0x00000000800135c8        0x0 build/src/kernel/trap.o
 .rela.text._ZN14PeriodicThreadD2Ev
                0x00000000800135c8        0x0 build/src/kernel/trap.o
 .rela.text._ZN14PeriodicThreadD0Ev
                0x00000000800135c8        0x0 build/src/kernel/trap.o
 .rela.data.rel.ro.local._ZTV14PeriodicThread
                0x00000000800135c8        0x0 build/src/kernel/trap.o
 .rela.data.rel.ro.local._ZTV6Thread
                0x00000000800135c8        0x0 build/src/kernel/trap.o
 .rela.sdata    0x00000000800135c8        0x0 build/src/kernel/trap.o

.kernel         0x00000000800135c8     0x35e0
                0x0000000080014000                . = ALIGN (0x1000)
 *fill*         0x00000000800135c8      0xa38 
                0x0000000080014000                PROVIDE (userTextStart = .)
 *(.text .text.*)
 .text          0x0000000080014000       0x20 build/src/user/lock.o
                0x0000000080014000                copy_and_swap
 .text          0x0000000080014020      0x350 build/src/user/syscall_c.o
                0x0000000080014020                mem_alloc(unsigned long)
                0x0000000080014050                mem_free(void*)
                0x000000008001407c                thread_create(_thread**, void (*)(void*), void*)
                0x000000008001410c                thread_dispatch()
                0x000000008001412c                thread_exit()
                0x0000000080014154                sem_open(_sem**, unsigned int)
                0x000000008001418c                sem_close(_sem*)
                0x00000000800141b8                sem_wait(_sem*)
                0x00000000800141e4                sem_signal(_sem*)
                0x0000000080014210                time_sleep(unsigned long)
                0x000000008001423c                thread_start(void*)
                0x0000000080014268                thread_make_pcb(_thread**, void (*)(void*), void*)
                0x00000000800142f8                getc()
                0x0000000080014320                putc(char)
                0x0000000080014344                thread_delete_pcb(_thread*)
 .text          0x0000000080014370       0x28 build/src/user/_thread.o
                0x0000000080014370                _thread::operator delete(void*)
 .text          0x0000000080014398      0x2ac build/src/user/test/printing.o
                0x0000000080014398                printString(char const*)
                0x0000000080014414                getString(char*, int)
                0x00000000800144e0                stringToInt(char const*)
                0x0000000080014530                printInt(int, int, int)
 .text          0x0000000080014644      0x408 build/src/user/test/buffer_CPP_API.o
                0x0000000080014644                BufferCPP::BufferCPP(int)
                0x0000000080014644                BufferCPP::BufferCPP(int)
                0x00000000800147a8                BufferCPP::put(int)
                0x0000000080014838                BufferCPP::get()
                0x00000000800148c4                BufferCPP::getCnt()
                0x000000008001494c                BufferCPP::~BufferCPP()
                0x000000008001494c                BufferCPP::~BufferCPP()
 .text          0x0000000080014a4c      0x154 build/src/user/test/userMain.o
                0x0000000080014a4c                sleepyRun(void*)
                0x0000000080014af0                testSleeping()
                0x0000000080014b78                userMain()
 .text          0x0000000080014ba0      0x320 build/src/user/test/buffer.o
                0x0000000080014ba0                Buffer::Buffer(int)
                0x0000000080014ba0                Buffer::Buffer(int)
                0x0000000080014c3c                Buffer::put(int)
                0x0000000080014ccc                Buffer::get()
                0x0000000080014d58                Buffer::getCnt()
                0x0000000080014de0                Buffer::~Buffer()
                0x0000000080014de0                Buffer::~Buffer()
 .text          0x0000000080014ec0      0x448 build/src/user/syscall_cpp.o
                0x0000000080014ec0                Thread::runner(void*)
                0x0000000080014eec                Thread::~Thread()
                0x0000000080014eec                Thread::~Thread()
                0x0000000080014f2c                Semaphore::~Semaphore()
                0x0000000080014f2c                Semaphore::~Semaphore()
                0x0000000080014f6c                operator new(unsigned long)
                0x0000000080014f94                operator delete(void*)
                0x0000000080014fbc                Thread::~Thread()
                0x0000000080014ffc                Semaphore::~Semaphore()
                0x000000008001503c                Thread::start()
                0x0000000080015074                Thread::dispatch()
                0x000000008001509c                Thread::sleep(unsigned long)
                0x00000000800150c4                PeriodicThread::runner(void*)
                0x0000000080015104                Thread::Thread(void (*)(void*), void*)
                0x0000000080015104                Thread::Thread(void (*)(void*), void*)
                0x0000000080015140                Thread::Thread()
                0x0000000080015140                Thread::Thread()
                0x0000000080015188                Semaphore::wait()
                0x00000000800151c0                Semaphore::Semaphore(unsigned int)
                0x00000000800151c0                Semaphore::Semaphore(unsigned int)
                0x000000008001520c                Semaphore::signal()
                0x0000000080015244                Console::getc()
                0x000000008001526c                Console::putc(char)
                0x0000000080015294                PeriodicThread::PeriodicThread(unsigned long)
                0x0000000080015294                PeriodicThread::PeriodicThread(unsigned long)
 .text._ZN6Thread3runEv
                0x0000000080015308       0x18 build/src/user/syscall_cpp.o
                0x0000000080015308                Thread::run()
 .text._ZN14PeriodicThread18periodicActivationEv
                0x0000000080015320       0x18 build/src/user/syscall_cpp.o
                0x0000000080015320                PeriodicThread::periodicActivation()
 .text._ZN14PeriodicThreadD2Ev
                0x0000000080015338       0x34 build/src/user/syscall_cpp.o
                0x0000000080015338                PeriodicThread::~PeriodicThread()
                0x0000000080015338                PeriodicThread::~PeriodicThread()
 .text._ZN14PeriodicThreadD0Ev
                0x000000008001536c       0x4c build/src/user/syscall_cpp.o
                0x000000008001536c                PeriodicThread::~PeriodicThread()
 .text          0x00000000800153b8       0x5c build/src/user/PCBWrapperUser.o
                0x00000000800153b8                PCBWrapperUser::userMainWrapper(void*)
                0x00000000800153e0                PCBWrapperUser::wrapperUser(void (*)(void*), void*)
 .text          0x0000000080015414       0x28 build/src/user/_sem.o
                0x0000000080015414                _sem::operator delete(void*)
                0x0000000080016000                . = ALIGN (0x1000)
 *fill*         0x000000008001543c      0xbc4 
                0x0000000080016000                PROVIDE (userDataStart = .)
 *(.srodata .srodata.*)
 *(.rodata .rodata.*)
 .rodata.str1.8
                0x0000000080016000       0x11 build/src/user/test/buffer_CPP_API.o
 *fill*         0x0000000080016011        0x7 
 .rodata.str1.8
                0x0000000080016018        0xc build/src/user/test/userMain.o
 .rodata.str1.8
                0x0000000080016024       0x11 build/src/user/test/buffer.o
 *(.sdata .sdata.*)
 *(.data .data.*)
 .data          0x0000000080016024        0x0 build/src/user/lock.o
 .data          0x0000000080016024        0x0 build/src/user/syscall_c.o
 .data          0x0000000080016024        0x0 build/src/user/_thread.o
 *fill*         0x0000000080016024        0x4 
 .data          0x0000000080016028       0x11 build/src/user/test/printing.o
                0x0000000080016028                digits
 .data          0x0000000080016039        0x0 build/src/user/test/buffer_CPP_API.o
 .data          0x0000000080016039        0x0 build/src/user/test/userMain.o
 .data          0x0000000080016039        0x0 build/src/user/test/buffer.o
 .data          0x0000000080016039        0x0 build/src/user/syscall_cpp.o
 *fill*         0x0000000080016039        0x7 
 .data.rel.ro.local._ZTV14PeriodicThread
                0x0000000080016040       0x30 build/src/user/syscall_cpp.o
                0x0000000080016040                vtable for PeriodicThread
 .data.rel.ro.local._ZTV6Thread
                0x0000000080016070       0x28 build/src/user/syscall_cpp.o
                0x0000000080016070                vtable for Thread
 .data.rel.ro.local._ZTV9Semaphore
                0x0000000080016098       0x20 build/src/user/syscall_cpp.o
                0x0000000080016098                vtable for Semaphore
 .data          0x00000000800160b8        0x0 build/src/user/PCBWrapperUser.o
 .data          0x00000000800160b8        0x0 build/src/user/_sem.o
 *(.sbss .sbss.*)
 *(.bss .bss.*)
 .bss           0x00000000800160b8        0x0 build/src/user/lock.o
 .bss           0x00000000800160b8        0x0 build/src/user/syscall_c.o
 .bss           0x00000000800160b8        0x0 build/src/user/_thread.o
 .bss           0x00000000800160b8        0x8 build/src/user/test/printing.o
                0x00000000800160b8                lockPrint
 .bss           0x00000000800160c0        0x0 build/src/user/test/buffer_CPP_API.o
 .bss           0x00000000800160c0        0x2 build/src/user/test/userMain.o
                0x00000000800160c0                finished
 .bss           0x00000000800160c2        0x0 build/src/user/test/buffer.o
 .bss           0x00000000800160c2        0x0 build/src/user/syscall_cpp.o
 .bss           0x00000000800160c2        0x0 build/src/user/PCBWrapperUser.o
 .bss           0x00000000800160c2        0x0 build/src/user/_sem.o
 *(.eh_frame .eh_frame.*)
 *fill*         0x00000000800160c2        0x6 
 .eh_frame      0x00000000800160c8      0x258 build/src/user/syscall_c.o
 .eh_frame      0x0000000080016320       0x40 build/src/user/_thread.o
 .eh_frame      0x0000000080016360       0xd0 build/src/user/test/printing.o
 .eh_frame      0x0000000080016430      0x130 build/src/user/test/buffer_CPP_API.o
 .eh_frame      0x0000000080016560       0x98 build/src/user/test/userMain.o
 .eh_frame      0x00000000800165f8      0x128 build/src/user/test/buffer.o
 .eh_frame      0x0000000080016720      0x3e0 build/src/user/syscall_cpp.o
 .eh_frame      0x0000000080016b00       0x68 build/src/user/PCBWrapperUser.o
 .eh_frame      0x0000000080016b68       0x40 build/src/user/_sem.o
                0x0000000080017000                . = ALIGN (0x1000)
                0x0000000080017000                PROVIDE (end = .)
LOAD build/src/kernel/trap.o
LOAD build/src/kernel/registersUtil.o
LOAD build/src/kernel/contextSwitch.o
LOAD build/src/user/lock.o
LOAD build/src/kernel/syscall_c_kernel.o
LOAD build/src/kernel/slabAllocator.o
LOAD build/src/kernel/PCB.o
LOAD build/src/kernel/buddyAllocator.o
LOAD build/src/kernel/KConsole.o
LOAD build/src/kernel/SleepPCBList.o
LOAD build/src/kernel/Scheduler.o
LOAD build/src/kernel/main.o
LOAD build/src/kernel/buddyTests.o
LOAD build/src/kernel/Riscv.o
LOAD build/src/kernel/MemoryAllocator.o
LOAD build/src/kernel/slabTests.o
LOAD build/src/kernel/KSemaphore.o
LOAD build/src/user/syscall_c.o
LOAD build/src/user/_thread.o
LOAD build/src/user/test/printing.o
LOAD build/src/user/test/buffer_CPP_API.o
LOAD build/src/user/test/userMain.o
LOAD build/src/user/test/buffer.o
LOAD build/src/user/syscall_cpp.o
LOAD build/src/user/PCBWrapperUser.o
LOAD build/src/user/_sem.o
LOAD ./lib/hw.lib
LOAD ./lib/mem.lib
LOAD ./lib/console.lib
LOAD ./lib/hw.lib
LOAD ./lib/mem.lib
LOAD ./lib/console.lib
OUTPUT(kernel elf64-littleriscv)

.debug_line     0x0000000000000000     0x860b
 .debug_line    0x0000000000000000      0x1dc build/src/kernel/trap.o
 .debug_line    0x00000000000001dc       0x6b build/src/kernel/registersUtil.o
 .debug_line    0x0000000000000247       0x77 build/src/kernel/contextSwitch.o
 .debug_line    0x00000000000002be       0x6c build/src/user/lock.o
 .debug_line    0x000000000000032a      0x149 build/src/kernel/syscall_c_kernel.o
 .debug_line    0x0000000000000473     0x174d build/src/kernel/slabAllocator.o
 .debug_line    0x0000000000001bc0      0x812 build/src/kernel/PCB.o
 .debug_line    0x00000000000023d2      0x910 build/src/kernel/buddyAllocator.o
 .debug_line    0x0000000000002ce2      0x771 build/src/kernel/KConsole.o
 .debug_line    0x0000000000003453      0x2aa build/src/kernel/SleepPCBList.o
 .debug_line    0x00000000000036fd      0x322 build/src/kernel/Scheduler.o
 .debug_line    0x0000000000003a1f       0xb8 build/src/kernel/main.o
 .debug_line    0x0000000000003ad7      0x412 build/src/kernel/buddyTests.o
 .debug_line    0x0000000000003ee9     0x10f9 build/src/kernel/Riscv.o
 .debug_line    0x0000000000004fe2      0x9b8 build/src/kernel/MemoryAllocator.o
 .debug_line    0x000000000000599a      0x645 build/src/kernel/slabTests.o
 .debug_line    0x0000000000005fdf      0x696 build/src/kernel/KSemaphore.o
 .debug_line    0x0000000000006675      0x783 build/src/user/syscall_c.o
 .debug_line    0x0000000000006df8       0xb3 build/src/user/_thread.o
 .debug_line    0x0000000000006eab      0x3be build/src/user/test/printing.o
 .debug_line    0x0000000000007269      0x59d build/src/user/test/buffer_CPP_API.o
 .debug_line    0x0000000000007806      0x255 build/src/user/test/userMain.o
 .debug_line    0x0000000000007a5b      0x4a4 build/src/user/test/buffer.o
 .debug_line    0x0000000000007eff      0x54e build/src/user/syscall_cpp.o
 .debug_line    0x000000000000844d      0x111 build/src/user/PCBWrapperUser.o
 .debug_line    0x000000000000855e       0xad build/src/user/_sem.o

.debug_info     0x0000000000000000     0xfb50
 .debug_info    0x0000000000000000       0x2e build/src/kernel/trap.o
 .debug_info    0x000000000000002e       0x2e build/src/kernel/registersUtil.o
 .debug_info    0x000000000000005c       0x2e build/src/kernel/contextSwitch.o
 .debug_info    0x000000000000008a       0x2e build/src/user/lock.o
 .debug_info    0x00000000000000b8      0x1a6 build/src/kernel/syscall_c_kernel.o
 .debug_info    0x000000000000025e     0x1fbf build/src/kernel/slabAllocator.o
 .debug_info    0x000000000000221d     0x1390 build/src/kernel/PCB.o
 .debug_info    0x00000000000035ad     0x11b2 build/src/kernel/buddyAllocator.o
 .debug_info    0x000000000000475f     0x1306 build/src/kernel/KConsole.o
 .debug_info    0x0000000000005a65      0x72a build/src/kernel/SleepPCBList.o
 .debug_info    0x000000000000618f      0xd02 build/src/kernel/Scheduler.o
 .debug_info    0x0000000000006e91      0x4ea build/src/kernel/main.o
 .debug_info    0x000000000000737b      0xe4c build/src/kernel/buddyTests.o
 .debug_info    0x00000000000081c7     0x1d7b build/src/kernel/Riscv.o
 .debug_info    0x0000000000009f42      0xb70 build/src/kernel/MemoryAllocator.o
 .debug_info    0x000000000000aab2     0x108b build/src/kernel/slabTests.o
 .debug_info    0x000000000000bb3d     0x1094 build/src/kernel/KSemaphore.o
 .debug_info    0x000000000000cbd1      0x6d1 build/src/user/syscall_c.o
 .debug_info    0x000000000000d2a2      0x18f build/src/user/_thread.o
 .debug_info    0x000000000000d431      0x440 build/src/user/test/printing.o
 .debug_info    0x000000000000d871      0x75f build/src/user/test/buffer_CPP_API.o
 .debug_info    0x000000000000dfd0      0x36d build/src/user/test/userMain.o
 .debug_info    0x000000000000e33d      0x67d build/src/user/test/buffer.o
 .debug_info    0x000000000000e9ba      0xde8 build/src/user/syscall_cpp.o
 .debug_info    0x000000000000f7a2      0x21f build/src/user/PCBWrapperUser.o
 .debug_info    0x000000000000f9c1      0x18f build/src/user/_sem.o

.debug_abbrev   0x0000000000000000     0x3b31
 .debug_abbrev  0x0000000000000000       0x14 build/src/kernel/trap.o
 .debug_abbrev  0x0000000000000014       0x14 build/src/kernel/registersUtil.o
 .debug_abbrev  0x0000000000000028       0x14 build/src/kernel/contextSwitch.o
 .debug_abbrev  0x000000000000003c       0x14 build/src/user/lock.o
 .debug_abbrev  0x0000000000000050       0xcc build/src/kernel/syscall_c_kernel.o
 .debug_abbrev  0x000000000000011c      0x419 build/src/kernel/slabAllocator.o
 .debug_abbrev  0x0000000000000535      0x3f7 build/src/kernel/PCB.o
 .debug_abbrev  0x000000000000092c      0x392 build/src/kernel/buddyAllocator.o
 .debug_abbrev  0x0000000000000cbe      0x3a8 build/src/kernel/KConsole.o
 .debug_abbrev  0x0000000000001066      0x2d2 build/src/kernel/SleepPCBList.o
 .debug_abbrev  0x0000000000001338      0x3bb build/src/kernel/Scheduler.o
 .debug_abbrev  0x00000000000016f3      0x15d build/src/kernel/main.o
 .debug_abbrev  0x0000000000001850      0x2fa build/src/kernel/buddyTests.o
 .debug_abbrev  0x0000000000001b4a      0x495 build/src/kernel/Riscv.o
 .debug_abbrev  0x0000000000001fdf      0x274 build/src/kernel/MemoryAllocator.o
 .debug_abbrev  0x0000000000002253      0x373 build/src/kernel/slabTests.o
 .debug_abbrev  0x00000000000025c6      0x431 build/src/kernel/KSemaphore.o
 .debug_abbrev  0x00000000000029f7      0x196 build/src/user/syscall_c.o
 .debug_abbrev  0x0000000000002b8d       0xff build/src/user/_thread.o
 .debug_abbrev  0x0000000000002c8c      0x168 build/src/user/test/printing.o
 .debug_abbrev  0x0000000000002df4      0x2a2 build/src/user/test/buffer_CPP_API.o
 .debug_abbrev  0x0000000000003096      0x187 build/src/user/test/userMain.o
 .debug_abbrev  0x000000000000321d      0x259 build/src/user/test/buffer.o
 .debug_abbrev  0x0000000000003476      0x480 build/src/user/syscall_cpp.o
 .debug_abbrev  0x00000000000038f6      0x13c build/src/user/PCBWrapperUser.o
 .debug_abbrev  0x0000000000003a32       0xff build/src/user/_sem.o

.debug_aranges  0x0000000000000000      0x520
 .debug_aranges
                0x0000000000000000       0x30 build/src/kernel/trap.o
 .debug_aranges
                0x0000000000000030       0x30 build/src/kernel/registersUtil.o
 .debug_aranges
                0x0000000000000060       0x30 build/src/kernel/contextSwitch.o
 .debug_aranges
                0x0000000000000090       0x30 build/src/user/lock.o
 .debug_aranges
                0x00000000000000c0       0x30 build/src/kernel/syscall_c_kernel.o
 .debug_aranges
                0x00000000000000f0       0x30 build/src/kernel/slabAllocator.o
 .debug_aranges
                0x0000000000000120       0x30 build/src/kernel/PCB.o
 .debug_aranges
                0x0000000000000150       0x30 build/src/kernel/buddyAllocator.o
 .debug_aranges
                0x0000000000000180       0x30 build/src/kernel/KConsole.o
 .debug_aranges
                0x00000000000001b0       0x30 build/src/kernel/SleepPCBList.o
 .debug_aranges
                0x00000000000001e0       0x30 build/src/kernel/Scheduler.o
 .debug_aranges
                0x0000000000000210       0x30 build/src/kernel/main.o
 .debug_aranges
                0x0000000000000240       0x30 build/src/kernel/buddyTests.o
 .debug_aranges
                0x0000000000000270       0x30 build/src/kernel/Riscv.o
 .debug_aranges
                0x00000000000002a0       0x30 build/src/kernel/MemoryAllocator.o
 .debug_aranges
                0x00000000000002d0       0x30 build/src/kernel/slabTests.o
 .debug_aranges
                0x0000000000000300       0x30 build/src/kernel/KSemaphore.o
 .debug_aranges
                0x0000000000000330       0x30 build/src/user/syscall_c.o
 .debug_aranges
                0x0000000000000360       0x30 build/src/user/_thread.o
 .debug_aranges
                0x0000000000000390       0x30 build/src/user/test/printing.o
 .debug_aranges
                0x00000000000003c0       0x30 build/src/user/test/buffer_CPP_API.o
 .debug_aranges
                0x00000000000003f0       0x30 build/src/user/test/userMain.o
 .debug_aranges
                0x0000000000000420       0x30 build/src/user/test/buffer.o
 .debug_aranges
                0x0000000000000450       0x70 build/src/user/syscall_cpp.o
 .debug_aranges
                0x00000000000004c0       0x30 build/src/user/PCBWrapperUser.o
 .debug_aranges
                0x00000000000004f0       0x30 build/src/user/_sem.o

.debug_str      0x0000000000000000     0x349d
 .debug_str     0x0000000000000000       0x3c build/src/kernel/trap.o
 .debug_str     0x000000000000003c       0x1b build/src/kernel/registersUtil.o
                                         0x45 (size before relaxing)
 .debug_str     0x0000000000000057       0x1b build/src/kernel/contextSwitch.o
                                         0x45 (size before relaxing)
 .debug_str     0x0000000000000072       0x10 build/src/user/lock.o
                                         0x3a (size before relaxing)
 .debug_str     0x0000000000000082      0x292 build/src/kernel/syscall_c_kernel.o
                                        0x2c2 (size before relaxing)
 .debug_str     0x0000000000000314     0x1351 build/src/kernel/slabAllocator.o
                                       0x15ef (size before relaxing)
 .debug_str     0x0000000000001665      0xb37 build/src/kernel/PCB.o
                                       0x12e7 (size before relaxing)
 .debug_str     0x000000000000219c      0x17d build/src/kernel/buddyAllocator.o
                                        0xfa0 (size before relaxing)
 .debug_str     0x0000000000002319      0x184 build/src/kernel/KConsole.o
                                       0x1576 (size before relaxing)
 .debug_str     0x000000000000249d       0x40 build/src/kernel/SleepPCBList.o
                                        0x862 (size before relaxing)
 .debug_str     0x00000000000024dd       0x62 build/src/kernel/Scheduler.o
                                       0x1124 (size before relaxing)
 .debug_str     0x000000000000253f       0x19 build/src/kernel/main.o
                                        0x876 (size before relaxing)
 .debug_str     0x0000000000002558       0xee build/src/kernel/buddyTests.o
                                       0x114a (size before relaxing)
 .debug_str     0x0000000000002646      0x22e build/src/kernel/Riscv.o
                                       0x1acb (size before relaxing)
 .debug_str     0x0000000000002874       0xe3 build/src/kernel/MemoryAllocator.o
                                        0xc67 (size before relaxing)
 .debug_str     0x0000000000002957      0x167 build/src/kernel/slabTests.o
                                       0x102e (size before relaxing)
 .debug_str     0x0000000000002abe       0x5e build/src/kernel/KSemaphore.o
                                       0x1147 (size before relaxing)
 .debug_str     0x0000000000002b1c      0x260 build/src/user/syscall_c.o
                                        0x4dc (size before relaxing)
 .debug_str     0x0000000000002d7c       0x15 build/src/user/_thread.o
                                        0x281 (size before relaxing)
 .debug_str     0x0000000000002d91       0xa8 build/src/user/test/printing.o
                                        0x2e5 (size before relaxing)
 .debug_str     0x0000000000002e39      0x15b build/src/user/test/buffer_CPP_API.o
                                        0x441 (size before relaxing)
 .debug_str     0x0000000000002f94       0xa8 build/src/user/test/userMain.o
                                        0x376 (size before relaxing)
 .debug_str     0x000000000000303c       0x93 build/src/user/test/buffer.o
                                        0x3ff (size before relaxing)
 .debug_str     0x00000000000030cf      0x322 build/src/user/syscall_cpp.o
                                        0x7a7 (size before relaxing)
 .debug_str     0x00000000000033f1       0x9a build/src/user/PCBWrapperUser.o
                                        0x2e5 (size before relaxing)
 .debug_str     0x000000000000348b       0x12 build/src/user/_sem.o
                                        0x261 (size before relaxing)

.debug_loc      0x0000000000000000     0x6644
 .debug_loc     0x0000000000000000       0x46 build/src/kernel/syscall_c_kernel.o
 .debug_loc     0x0000000000000046     0x166a build/src/kernel/slabAllocator.o
 .debug_loc     0x00000000000016b0      0x53d build/src/kernel/PCB.o
 .debug_loc     0x0000000000001bed      0xb2b build/src/kernel/buddyAllocator.o
 .debug_loc     0x0000000000002718      0x462 build/src/kernel/KConsole.o
 .debug_loc     0x0000000000002b7a      0x20f build/src/kernel/SleepPCBList.o
 .debug_loc     0x0000000000002d89      0x149 build/src/kernel/Scheduler.o
 .debug_loc     0x0000000000002ed2      0x133 build/src/kernel/buddyTests.o
 .debug_loc     0x0000000000003005      0x898 build/src/kernel/Riscv.o
 .debug_loc     0x000000000000389d      0x8f0 build/src/kernel/MemoryAllocator.o
 .debug_loc     0x000000000000418d      0x525 build/src/kernel/slabTests.o
 .debug_loc     0x00000000000046b2      0x421 build/src/kernel/KSemaphore.o
 .debug_loc     0x0000000000004ad3      0x9cc build/src/user/syscall_c.o
 .debug_loc     0x000000000000549f       0x39 build/src/user/_thread.o
 .debug_loc     0x00000000000054d8      0x37a build/src/user/test/printing.o
 .debug_loc     0x0000000000005852      0x322 build/src/user/test/buffer_CPP_API.o
 .debug_loc     0x0000000000005b74       0xca build/src/user/test/userMain.o
 .debug_loc     0x0000000000005c3e      0x27e build/src/user/test/buffer.o
 .debug_loc     0x0000000000005ebc      0x691 build/src/user/syscall_cpp.o
 .debug_loc     0x000000000000654d       0xbe build/src/user/PCBWrapperUser.o
 .debug_loc     0x000000000000660b       0x39 build/src/user/_sem.o

.comment        0x0000000000000000       0x53
 .comment       0x0000000000000000       0x29 build/src/kernel/syscall_c_kernel.o
                                         0x2a (size before relaxing)
 .comment       0x0000000000000029       0x2a build/src/kernel/slabAllocator.o
 .comment       0x0000000000000029       0x2a build/src/kernel/PCB.o
 .comment       0x0000000000000029       0x2a build/src/kernel/buddyAllocator.o
 .comment       0x0000000000000029       0x2a build/src/kernel/KConsole.o
 .comment       0x0000000000000029       0x2a build/src/kernel/SleepPCBList.o
 .comment       0x0000000000000029       0x2a build/src/kernel/Scheduler.o
 .comment       0x0000000000000029       0x2a build/src/kernel/main.o
 .comment       0x0000000000000029       0x2a build/src/kernel/buddyTests.o
 .comment       0x0000000000000029       0x2a build/src/kernel/Riscv.o
 .comment       0x0000000000000029       0x2a build/src/kernel/MemoryAllocator.o
 .comment       0x0000000000000029       0x2a build/src/kernel/slabTests.o
 .comment       0x0000000000000029       0x2a build/src/kernel/KSemaphore.o
 .comment       0x0000000000000029       0x2a build/src/user/syscall_c.o
 .comment       0x0000000000000029       0x2a build/src/user/_thread.o
 .comment       0x0000000000000029       0x2a build/src/user/test/printing.o
 .comment       0x0000000000000029       0x2a build/src/user/test/buffer_CPP_API.o
 .comment       0x0000000000000029       0x2a build/src/user/test/userMain.o
 .comment       0x0000000000000029       0x2a build/src/user/test/buffer.o
 .comment       0x0000000000000029       0x2a build/src/user/syscall_cpp.o
 .comment       0x0000000000000029       0x2a build/src/user/PCBWrapperUser.o
 .comment       0x0000000000000029       0x2a build/src/user/_sem.o
 .comment       0x0000000000000029       0x2a ./lib/hw.lib(start.o)
                                         0x2b (size before relaxing)
 .comment       0x0000000000000053       0x2b ./lib/hw.lib(main.o)
 .comment       0x0000000000000053       0x2b ./lib/hw.lib(proc.o)
 .comment       0x0000000000000053       0x2b ./lib/hw.lib(trap.o)
 .comment       0x0000000000000053       0x2b ./lib/hw.lib(plic.o)
 .comment       0x0000000000000053       0x2b ./lib/hw.lib(support_cpp.o)
 .comment       0x0000000000000053       0x2b ./lib/hw.lib(hw.o)
 .comment       0x0000000000000053       0x2b ./lib/hw.lib(console.o)
 .comment       0x0000000000000053       0x2b ./lib/hw.lib(printf.o)
 .comment       0x0000000000000053       0x2b ./lib/hw.lib(uart.o)
 .comment       0x0000000000000053       0x2b ./lib/hw.lib(kalloc.o)
 .comment       0x0000000000000053       0x2b ./lib/hw.lib(spinlock.o)
 .comment       0x0000000000000053       0x2b ./lib/hw.lib(string.o)

.note.GNU-stack
                0x0000000000000000        0x0
 .note.GNU-stack
                0x0000000000000000        0x0 build/src/kernel/syscall_c_kernel.o
 .note.GNU-stack
                0x0000000000000000        0x0 build/src/kernel/slabAllocator.o
 .note.GNU-stack
                0x0000000000000000        0x0 build/src/kernel/PCB.o
 .note.GNU-stack
                0x0000000000000000        0x0 build/src/kernel/buddyAllocator.o
 .note.GNU-stack
                0x0000000000000000        0x0 build/src/kernel/KConsole.o
 .note.GNU-stack
                0x0000000000000000        0x0 build/src/kernel/SleepPCBList.o
 .note.GNU-stack
                0x0000000000000000        0x0 build/src/kernel/Scheduler.o
 .note.GNU-stack
                0x0000000000000000        0x0 build/src/kernel/main.o
 .note.GNU-stack
                0x0000000000000000        0x0 build/src/kernel/buddyTests.o
 .note.GNU-stack
                0x0000000000000000        0x0 build/src/kernel/Riscv.o
 .note.GNU-stack
                0x0000000000000000        0x0 build/src/kernel/MemoryAllocator.o
 .note.GNU-stack
                0x0000000000000000        0x0 build/src/kernel/slabTests.o
 .note.GNU-stack
                0x0000000000000000        0x0 build/src/kernel/KSemaphore.o
 .note.GNU-stack
                0x0000000000000000        0x0 build/src/user/syscall_c.o
 .note.GNU-stack
                0x0000000000000000        0x0 build/src/user/_thread.o
 .note.GNU-stack
                0x0000000000000000        0x0 build/src/user/test/printing.o
 .note.GNU-stack
                0x0000000000000000        0x0 build/src/user/test/buffer_CPP_API.o
 .note.GNU-stack
                0x0000000000000000        0x0 build/src/user/test/userMain.o
 .note.GNU-stack
                0x0000000000000000        0x0 build/src/user/test/buffer.o
 .note.GNU-stack
                0x0000000000000000        0x0 build/src/user/syscall_cpp.o
 .note.GNU-stack
                0x0000000000000000        0x0 build/src/user/PCBWrapperUser.o
 .note.GNU-stack
                0x0000000000000000        0x0 build/src/user/_sem.o
 .note.GNU-stack
                0x0000000000000000        0x0 ./lib/hw.lib(start.o)
 .note.GNU-stack
                0x0000000000000000        0x0 ./lib/hw.lib(main.o)
 .note.GNU-stack
                0x0000000000000000        0x0 ./lib/hw.lib(proc.o)
 .note.GNU-stack
                0x0000000000000000        0x0 ./lib/hw.lib(trap.o)
 .note.GNU-stack
                0x0000000000000000        0x0 ./lib/hw.lib(plic.o)
 .note.GNU-stack
                0x0000000000000000        0x0 ./lib/hw.lib(support_cpp.o)
 .note.GNU-stack
                0x0000000000000000        0x0 ./lib/hw.lib(hw.o)
 .note.GNU-stack
                0x0000000000000000        0x0 ./lib/hw.lib(console.o)
 .note.GNU-stack
                0x0000000000000000        0x0 ./lib/hw.lib(printf.o)
 .note.GNU-stack
                0x0000000000000000        0x0 ./lib/hw.lib(uart.o)
 .note.GNU-stack
                0x0000000000000000        0x0 ./lib/hw.lib(kalloc.o)
 .note.GNU-stack
                0x0000000000000000        0x0 ./lib/hw.lib(spinlock.o)
 .note.GNU-stack
                0x0000000000000000        0x0 ./lib/hw.lib(string.o)

.debug_ranges   0x0000000000000000      0x2d0
 .debug_ranges  0x0000000000000000       0xc0 build/src/kernel/slabAllocator.o
 .debug_ranges  0x00000000000000c0       0x30 build/src/kernel/buddyAllocator.o
 .debug_ranges  0x00000000000000f0       0x60 build/src/kernel/KConsole.o
 .debug_ranges  0x0000000000000150       0x30 build/src/kernel/SleepPCBList.o
 .debug_ranges  0x0000000000000180       0x60 build/src/kernel/Riscv.o
 .debug_ranges  0x00000000000001e0       0x90 build/src/kernel/slabTests.o
 .debug_ranges  0x0000000000000270       0x60 build/src/user/syscall_cpp.o
