Archive member included to satisfy reference by file (symbol)

./lib/hw.lib(entry.o)         (_entry)
./lib/hw.lib(start.o)         ./lib/hw.lib(entry.o) (start)
./lib/hw.lib(main.o)          ./lib/hw.lib(start.o) (system_main)
./lib/hw.lib(proc.o)          ./lib/hw.lib(main.o) (cpuid)
./lib/hw.lib(trap.o)          ./lib/hw.lib(main.o) (trapinit)
./lib/hw.lib(kernelvec.o)     ./lib/hw.lib(trap.o) (kernelvec)
./lib/hw.lib(plic.o)          ./lib/hw.lib(main.o) (plicinit)
./lib/hw.lib(support_cpp.o)   build/src/kernel/KConsole.o (_Unwind_Resume)
./lib/hw.lib(hw.o)            build/src/kernel/KConsole.o (CONSOLE_RX_DATA)
./lib/hw.lib(console.o)       ./lib/hw.lib(main.o) (consoleinit)
./lib/hw.lib(printf.o)        ./lib/hw.lib(main.o) (panic)
./lib/hw.lib(uart.o)          ./lib/hw.lib(console.o) (uartinit)
./lib/hw.lib(kalloc.o)        ./lib/hw.lib(main.o) (kinit)
./lib/hw.lib(spinlock.o)      ./lib/hw.lib(trap.o) (initlock)
./lib/hw.lib(string.o)        ./lib/hw.lib(kalloc.o) (__memset)

Discarded input sections

 .group         0x0000000000000000        0xc build/src/kernel/PCB.o
 .group         0x0000000000000000        0xc build/src/kernel/KConsole.o
 .data.rel.local.DW.ref.__gxx_personality_v0
                0x0000000000000000        0x8 build/src/kernel/KConsole.o
 .group         0x0000000000000000        0xc build/src/kernel/KSemaphore.o
 .data.rel.local.DW.ref.__gxx_personality_v0
                0x0000000000000000        0x8 build/src/kernel/KSemaphore.o
 .group         0x0000000000000000        0xc build/src/user/test/buffer_CPP_API.o
 .data.rel.local.DW.ref.__gxx_personality_v0
                0x0000000000000000        0x8 build/src/user/test/buffer_CPP_API.o
 .group         0x0000000000000000        0xc build/src/user/test/userMain.o
 .group         0x0000000000000000       0x14 build/src/user/test/userMain.o
 .group         0x0000000000000000       0x14 build/src/user/test/userMain.o
 .group         0x0000000000000000       0x14 build/src/user/test/userMain.o
 .group         0x0000000000000000        0xc build/src/user/test/userMain.o
 .group         0x0000000000000000        0xc build/src/user/test/userMain.o
 .group         0x0000000000000000        0xc build/src/user/test/userMain.o
 .group         0x0000000000000000        0xc build/src/user/test/userMain.o
 .group         0x0000000000000000        0xc build/src/user/test/userMain.o
 .group         0x0000000000000000        0xc build/src/user/test/userMain.o
 .data.rel.local.DW.ref.__gxx_personality_v0
                0x0000000000000000        0x8 build/src/user/test/userMain.o
 .group         0x0000000000000000        0xc build/src/user/test/buffer.o
 .data.rel.local.DW.ref.__gxx_personality_v0
                0x0000000000000000        0x8 build/src/user/test/buffer.o
 .group         0x0000000000000000        0x8 build/src/user/syscall_cpp.o
 .group         0x0000000000000000        0x8 build/src/user/syscall_cpp.o
 .group         0x0000000000000000       0x14 build/src/user/syscall_cpp.o
 .group         0x0000000000000000        0xc build/src/user/syscall_cpp.o
 .group         0x0000000000000000        0xc build/src/user/syscall_cpp.o
 .group         0x0000000000000000        0xc build/src/user/syscall_cpp.o
 .group         0x0000000000000000        0xc build/src/user/syscall_cpp.o
 .data.rel.local.DW.ref.__gxx_personality_v0
                0x0000000000000000        0x8 build/src/user/syscall_cpp.o

Memory Configuration

Name             Origin             Length             Attributes
*default*        0x0000000000000000 0xffffffffffffffff

Linker script and memory map

                0x0000000080000000                . = 0x80000000

.text           0x0000000080000000     0x8000
 *(.entry_os)
 .entry_os      0x0000000080000000       0x24 ./lib/hw.lib(entry.o)
                0x0000000080000000                _entry
                0x0000000080001000                . = ALIGN (0x1000)
 *fill*         0x0000000080000024      0xfdc 
                0x0000000080001000                PROVIDE (kernelTextStart = .)
 EXCLUDE_FILE(build/src/user/*) *(.text .text.*)
 .text          0x0000000080001000      0x120 build/src/kernel/trap.o
                0x0000000080001000                Riscv::supervisorTrap()
 .text          0x0000000080001120       0xf8 build/src/kernel/registersUtil.o
                0x0000000080001120                Riscv::pushRegisters()
                0x000000008000119c                Riscv::popRegisters()
 .text          0x0000000080001218       0x20 build/src/kernel/contextSwitch.o
                0x0000000080001218                PCB::contextSwitch(PCB::Context*, PCB::Context*)
                0x000000008000122c                PCB::contextSwitchExiting(PCB::Context*)
 .text          0x0000000080001238       0x70 build/src/kernel/syscall_c_kernel.o
                0x0000000080001238                thread_dispatch_kernel()
                0x0000000080001258                sysCallGetCharOutput()
                0x0000000080001280                thread_exit_kernel()
 .text          0x00000000800012a8     0x10d4 build/src/kernel/slabAllocator.o
                0x00000000800012a8                strcpy(char const*, char*)
                0x00000000800012dc                destroy_slab_list(slab_s**)
                0x0000000080001360                init_cache(kmem_cache_s*, char const*, unsigned long, unsigned long, void (*)(void*), void (*)(void*))
                0x00000000800013ec                slab_allocator_init(buddyAllocator*)
                0x0000000080001460                checkSetIndex(slab_s*, int)
                0x00000000800014a0                setAllocatedIndex(slab_s*, int)
                0x00000000800014e8                allocateObject(slab_s*)
                0x00000000800015a0                full(slab_s*)
                0x00000000800015c8                empty(slab_s*)
                0x00000000800015e8                insertIntoSlabList(slab_s*, slab_s**)
                0x000000008000161c                removeFromSlabList(slab_s*, slab_s**)
                0x0000000080001678                putPartialToFull(kmem_cache_s*)
                0x00000000800016d0                putEmptyToPartial(kmem_cache_s*)
                0x0000000080001728                removeFullSlab(kmem_cache_s*, slab_s*)
                0x0000000080001780                removePartialSlab(kmem_cache_s*, slab_s*)
                0x00000000800017d8                allocateSlab(kmem_cache_s*)
                0x00000000800018b8                getOptimalSlabSize(unsigned long)
                0x0000000080001970                findSlab(kmem_cache_s*, void const*)
                0x0000000080001a00                resetAllocatedIndex(slab_s*, int)
                0x0000000080001a4c                printSlabInfo(slab_s*)
                0x0000000080001ad0                free_slab_object(slab_s*, void const*)
                0x0000000080001c08                kmem_init(void*, int)
                0x0000000080001c40                kmem_cache_alloc(kmem_cache_s*)
                0x0000000080001d78                kmem_cache_create(char const*, unsigned long, void (*)(void*), void (*)(void*))
                0x0000000080001e1c                kmem_cache_free(kmem_cache_s*, void*)
                0x0000000080001e6c                kmem_cache_info(kmem_cache_s*)
                0x0000000080001fc8                printSlabAllocatorInfo()
                0x00000000800020b0                kmalloc(unsigned long)
                0x00000000800021b4                kfree(void const*)
                0x000000008000223c                kmem_cache_destroy(kmem_cache_s*)
                0x00000000800022c4                kmem_cache_shrink(kmem_cache_s*)
                0x00000000800022fc                kmem_cache_error(kmem_cache_s*)
 .text          0x000000008000237c      0x5e8 build/src/kernel/PCB.o
                0x000000008000237c                PCB::runner()
                0x00000000800023c0                PCB::PCB(void (*)(void*), void*, void*, unsigned long)
                0x00000000800023c0                PCB::PCB(void (*)(void*), void*, void*, unsigned long)
                0x0000000080002410                PCB::start()
                0x0000000080002438                PCB::dispatch()
                0x00000000800024c4                PCB::operator new(unsigned long)
                0x00000000800024f8                PCB::operator delete(void*)
                0x0000000080002530                PCB::~PCB()
                0x0000000080002530                PCB::~PCB()
                0x000000008000255c                PCB::initialize()
                0x0000000080002684                PCB::isFinished()
                0x00000000800026a8                PCB::threadExitHandler()
                0x00000000800026f4                PCB::threadDispatchHandler()
                0x0000000080002724                PCB::threadSleepHandler()
                0x0000000080002788                PCB::threadCreateHandler()
                0x000000008000282c                PCB::threadStartHandler()
                0x0000000080002870                PCB::threadMakePCBHandler()
                0x0000000080002908                PCB::threadDelPCBHandler()
 .text          0x0000000080002964      0x6ac build/src/kernel/buddyAllocator.o
                0x0000000080002964                getBlockAddr(unsigned long)
                0x0000000080002984                getNextBlockAddr(unsigned long)
                0x00000000800029b4                getDeg2Floor(unsigned long)
                0x00000000800029e8                getDeg2Ceil(unsigned long)
                0x0000000080002a1c                addBlockToLevel(void*, unsigned long)
                0x0000000080002a84                getBuddyBlockAddr(void*, unsigned long)
                0x0000000080002ac8                split(void*, unsigned long, unsigned long, bool)
                0x0000000080002b5c                buddy_alloc(unsigned long)
                0x0000000080002c30                addBlocks(void*, unsigned long)
                0x0000000080002d5c                buddy_init(void*, unsigned long)
                0x0000000080002e50                buddy_free(void*, unsigned long)
                0x0000000080002ec0                printBuddyInfo()
                0x0000000080002ff0                getBuddy()
 .text          0x0000000080003010      0x5f0 build/src/kernel/KConsole.o
                0x0000000080003010                KConsole::initialize()
                0x00000000800030c8                KConsole::putCharacterInput(char)
                0x0000000080003130                KConsole::getCharactersFromConsole()
                0x000000008000319c                KConsole::getCharacterInput()
                0x0000000080003214                KConsole::putCharacterOutput(char)
                0x000000008000328c                KConsole::getCharacterOutput()
                0x0000000080003304                KConsole::putcHandler()
                0x0000000080003334                KConsole::getcHandler()
                0x00000000800033c0                KConsole::outputBufferEmpty()
                0x00000000800033e4                KConsole::sendCharactersToConsole(void*)
                0x0000000080003490                KConsole::getCharHandler()
                0x00000000800034c4                KConsole::trapPrintString(char const*)
                0x0000000080003508                KConsole::trapPrintInt(unsigned long, int, int)
                0x000000008000359c                KConsole::trapPrintStringInt(char const*, unsigned long, int)
 .text          0x0000000080003600       0xf4 build/src/kernel/SleepPCBList.o
                0x0000000080003600                SleepPCBList::insertSleepingPCB()
                0x000000008000366c                SleepPCBList::tryToWakePCBs()
 .text          0x00000000800036f4      0x188 build/src/kernel/Scheduler.o
                0x00000000800036f4                Scheduler::operator new(unsigned long)
                0x000000008000371c                Scheduler::operator delete(void*)
                0x0000000080003744                Scheduler::getSize()
                0x000000008000377c                Scheduler::put(PCB*)
                0x00000000800037d0                Scheduler::get()
                0x000000008000381c                Scheduler::print()
 .text          0x000000008000387c       0x28 build/src/kernel/main.o
                0x000000008000387c                main
 .text          0x00000000800038a4      0x2a4 build/src/kernel/buddyTests.o
                0x00000000800038a4                buddyInitTest1()
                0x00000000800038cc                buddyOnlyAllocsTest1()
                0x0000000080003944                buddyOnlyAllocsTest2()
                0x0000000080003980                buddyAllocFreeTest1()
                0x0000000080003a70                buddyTestMixa()
 .text          0x0000000080003b48      0x9d4 build/src/kernel/Riscv.o
                0x0000000080003b48                Riscv::initVirtualMemory()
                0x0000000080003b60                Riscv::enableInterrupts()
                0x0000000080003b80                Riscv::disableInterrupts()
                0x0000000080003ba0                Riscv::endSystem()
                0x0000000080003c34                Riscv::popSppSpie()
                0x0000000080003c8c                Riscv::setVirtualAddr(unsigned long, unsigned long, unsigned long)
                0x0000000080003de0                Riscv::setVirtualAddrRange(unsigned long, unsigned long, int)
                0x0000000080003e48                Riscv::initSystem()
                0x00000000800040e0                Riscv::kernelMain()
                0x0000000080004158                Riscv::addVirtualAddr(unsigned long)
                0x0000000080004188                Riscv::addVirtualAddrInstr(unsigned long)
                0x00000000800041b8                Riscv::disableTimerInterrupts()
                0x00000000800041d8                Riscv::w_a0_sscratch()
                0x0000000080004210                Riscv::changePrivMode()
                0x0000000080004250                Riscv::handleSupervisorTrap()
 .text          0x000000008000451c      0x4c0 build/src/kernel/MemoryAllocator.o
                0x000000008000451c                MemoryAllocator::initMemory(void*)
                0x0000000080004578                MemoryAllocator::insertAllFragment(void*, unsigned long, void*)
                0x00000000800045e8                MemoryAllocator::insertNewAllocatedFragment(void*, unsigned long)
                0x000000008000464c                MemoryAllocator::tryToAllocateFragment(unsigned long)
                0x0000000080004758                MemoryAllocator::mem_alloc(unsigned long)
                0x0000000080004780                MemoryAllocator::insertNewFreeSegment(void*, unsigned long)
                0x0000000080004848                MemoryAllocator::tryToFreeSegment(void*)
                0x00000000800048e4                MemoryAllocator::mem_free(void*)
                0x000000008000490c                MemoryAllocator::kmalloc(unsigned long)
                0x0000000080004934                MemoryAllocator::memAllocHandler()
                0x000000008000497c                MemoryAllocator::kfree(void*)
                0x00000000800049a4                MemoryAllocator::memFreeHandler()
 .text          0x00000000800049dc      0x524 build/src/kernel/slabTests.o
                0x00000000800049dc                slabInitTest()
                0x0000000080004a14                slabCacheCreateTest()
                0x0000000080004acc                slabCacheCreateTest2()
                0x0000000080004b68                memset(void const*, int, int)
                0x0000000080004b98                construct(void*)
                0x0000000080004bc8                check(void*, unsigned long)
                0x0000000080004c10                work(void*)
                0x0000000080004e0c                runs(void (*)(void*), data_s*, int)
                0x0000000080004e84                testOS2()
 .text          0x0000000080004f00      0x438 build/src/kernel/KSemaphore.o
                0x0000000080004f00                KSemaphore::KSemaphore(int)
                0x0000000080004f00                KSemaphore::KSemaphore(int)
                0x0000000080004f24                KSemaphore::addToBlocked(PCB*)
                0x0000000080004f60                KSemaphore::block()
                0x0000000080004fa4                KSemaphore::wait()
                0x0000000080004ffc                KSemaphore::getFirstBlocked()
                0x0000000080005018                KSemaphore::removeFirstBlocked()
                0x0000000080005054                KSemaphore::~KSemaphore()
                0x0000000080005054                KSemaphore::~KSemaphore()
                0x00000000800050c0                KSemaphore::unblock()
                0x000000008000511c                KSemaphore::signal()
                0x0000000080005164                KSemaphore::operator new(unsigned long)
                0x0000000080005198                KSemaphore::semOpenHandler()
                0x0000000080005214                KSemaphore::operator delete(void*)
                0x000000008000524c                KSemaphore::semWaitHandler()
                0x00000000800052a0                KSemaphore::semSignalHandler()
                0x00000000800052e4                KSemaphore::semCloseHandler()
 .text          0x0000000080005338        0x0 ./lib/hw.lib(entry.o)
 .text          0x0000000080005338      0x18c ./lib/hw.lib(start.o)
                0x0000000080005338                start
                0x0000000080005438                timerinit
 .text          0x00000000800054c4       0xd8 ./lib/hw.lib(main.o)
                0x00000000800054c4                system_main
 .text          0x000000008000559c      0x100 ./lib/hw.lib(proc.o)
                0x000000008000559c                cpuid
                0x00000000800055bc                mycpu
                0x00000000800055ec                userinit
                0x0000000080005608                either_copyout
                0x0000000080005654                either_copyin
 .text          0x000000008000569c      0x32c ./lib/hw.lib(trap.o)
                0x000000008000569c                trapinit
                0x00000000800056c8                trapinithart
                0x00000000800056ec                usertrap
                0x0000000080005704                usertrapret
                0x000000008000571c                kerneltrap
                0x0000000080005864                clockintr
                0x00000000800058bc                devintr
 *fill*         0x00000000800059c8        0x8 
 .text          0x00000000800059d0      0x150 ./lib/hw.lib(kernelvec.o)
                0x00000000800059d0                kernelvec
                0x0000000080005ae0                timervec
 .text          0x0000000080005b20       0xf0 ./lib/hw.lib(plic.o)
                0x0000000080005b20                plicinit
                0x0000000080005b48                plicinithart
                0x0000000080005b94                plic_claim
                0x0000000080005bcc                plic_complete
 .text          0x0000000080005c10        0x0 ./lib/hw.lib(support_cpp.o)
 .text          0x0000000080005c10        0x0 ./lib/hw.lib(hw.o)
 .text          0x0000000080005c10      0x36c ./lib/hw.lib(console.o)
                0x0000000080005c10                consolewrite
                0x0000000080005cb4                consoleread
                0x0000000080005df4                consputc
                0x0000000080005e44                consoleintr
                0x0000000080005ed8                consoleinit
                0x0000000080005f3c                console_read
                0x0000000080005f5c                console_write
 .text          0x0000000080005f7c      0x738 ./lib/hw.lib(printf.o)
                0x0000000080005f7c                panic
                0x0000000080005fd8                __printf
                0x000000008000666c                printfinit
 .text          0x00000000800066b4      0x344 ./lib/hw.lib(uart.o)
                0x00000000800066b4                uartinit
                0x00000000800066f8                uartputc
                0x00000000800067f0                uartputc_sync
                0x0000000080006834                uartstart
                0x00000000800068a8                uartgetc
                0x00000000800068e0                uartintr
 .text          0x00000000800069f8      0x290 ./lib/hw.lib(kalloc.o)
                0x00000000800069f8                kinit
                0x0000000080006ad0                freerange
                0x0000000080006bb0                kfree
                0x0000000080006c30                kalloc
 .text          0x0000000080006c88      0x3e0 ./lib/hw.lib(spinlock.o)
                0x0000000080006c88                initlock
                0x0000000080006cac                acquire
                0x0000000080006d78                release
                0x0000000080006e40                holding
                0x0000000080006e8c                push_off
                0x0000000080006f00                pop_off
                0x0000000080006f7c                push_on
                0x0000000080006ff0                pop_on
 .text          0x0000000080007068      0x394 ./lib/hw.lib(string.o)
                0x0000000080007068                __memset
                0x0000000080007284                __memmove
                0x0000000080008000                . = ALIGN (0x1000)
 *fill*         0x00000000800073fc      0xc04 
                0x0000000080008000                PROVIDE (kernelDataStart = .)

.rodata         0x0000000080008000      0x73f
                0x0000000080008000                . = ALIGN (0x10)
 EXCLUDE_FILE(build/src/user/*) *(.srodata .srodata.*)
 .srodata       0x0000000080008000       0x18 ./lib/hw.lib(hw.o)
                0x0000000080008000                CONSOLE_RX_DATA
                0x0000000080008008                CONSOLE_TX_DATA
                0x0000000080008010                CONSOLE_STATUS
                0x0000000080008020                . = ALIGN (0x10)
 *fill*         0x0000000080008018        0x8 
 EXCLUDE_FILE(build/src/user/*) *(.rodata .rodata.*)
 .rodata.str1.8
                0x0000000080008020      0x22e build/src/kernel/slabAllocator.o
                                        0x236 (size before relaxing)
 *fill*         0x000000008000824e        0x2 
 .rodata.str1.8
                0x0000000080008250       0xee build/src/kernel/buddyAllocator.o
                                         0xf6 (size before relaxing)
 *fill*         0x000000008000833e        0x2 
 .rodata.str1.8
                0x0000000080008340       0x11 build/src/kernel/KConsole.o
                                         0x1a (size before relaxing)
 .rodata.str1.8
                0x0000000080008351        0x2 build/src/kernel/Scheduler.o
 *fill*         0x0000000080008351        0x7 
 .rodata.str1.8
                0x0000000080008358       0x10 build/src/kernel/buddyTests.o
 .rodata.str1.8
                0x0000000080008368       0x32 build/src/kernel/Riscv.o
 *fill*         0x000000008000839a        0x2 
 .rodata        0x000000008000839c      0x150 build/src/kernel/Riscv.o
 *fill*         0x00000000800084ec        0x4 
 .rodata.str1.8
                0x00000000800084f0       0x7d build/src/kernel/slabTests.o
 *fill*         0x000000008000856d        0x3 
 .rodata.str1.8
                0x0000000080008570       0x51 ./lib/hw.lib(main.o)
                                         0x59 (size before relaxing)
 *fill*         0x00000000800085c1        0x7 
 .rodata.str1.8
                0x00000000800085c8       0x4b ./lib/hw.lib(proc.o)
 *fill*         0x0000000080008613        0x5 
 .rodata.str1.8
                0x0000000080008618       0x7b ./lib/hw.lib(trap.o)
 *fill*         0x0000000080008693        0x5 
 .rodata.str1.8
                0x0000000080008698        0x5 ./lib/hw.lib(console.o)
 *fill*         0x000000008000869d        0x3 
 .rodata.str1.8
                0x00000000800086a0       0x23 ./lib/hw.lib(printf.o)
                                         0x2b (size before relaxing)
 *fill*         0x00000000800086c3        0x5 
 .rodata        0x00000000800086c8       0x11 ./lib/hw.lib(printf.o)
 *fill*         0x00000000800086d9        0x7 
 .rodata.str1.8
                0x00000000800086e0        0x6 ./lib/hw.lib(kalloc.o)
 *fill*         0x00000000800086e6        0x2 
 .rodata.str1.8
                0x00000000800086e8       0x57 ./lib/hw.lib(spinlock.o)

.gcc_except_table
                0x000000008000873f      0x1e0
 .gcc_except_table
                0x000000008000873f        0x4 build/src/kernel/PCB.o
 .gcc_except_table
                0x0000000080008743       0x52 build/src/kernel/KConsole.o
 .gcc_except_table
                0x0000000080008795        0x4 build/src/kernel/KSemaphore.o
 .gcc_except_table
                0x0000000080008799       0xa5 build/src/user/test/buffer_CPP_API.o
 .gcc_except_table
                0x000000008000883e       0xd5 build/src/user/test/userMain.o
 .gcc_except_table
                0x0000000080008913        0x4 build/src/user/test/buffer.o
 .gcc_except_table
                0x0000000080008917        0x8 build/src/user/syscall_cpp.o

.data           0x0000000080008920       0x48
                0x0000000080008920                . = ALIGN (0x10)
 EXCLUDE_FILE(build/src/user/*) *(.sdata .sdata.*)
 .sdata         0x0000000080008920       0x10 ./lib/hw.lib(hw.o)
                0x0000000080008920                HEAP_END_ADDR
                0x0000000080008928                HEAP_START_ADDR
                0x0000000080008930                . = ALIGN (0x10)
 EXCLUDE_FILE(build/src/user/*) *(.data .data.*)
 .data          0x0000000080008930        0x0 build/src/kernel/trap.o
 .data          0x0000000080008930        0x0 build/src/kernel/registersUtil.o
 .data          0x0000000080008930        0x0 build/src/kernel/contextSwitch.o
 .data          0x0000000080008930        0x0 build/src/kernel/syscall_c_kernel.o
 .data          0x0000000080008930        0x0 build/src/kernel/slabAllocator.o
 .data          0x0000000080008930        0x0 build/src/kernel/PCB.o
 .data.rel.local.DW.ref.__gxx_personality_v0
                0x0000000080008930        0x8 build/src/kernel/PCB.o
                0x0000000080008930                DW.ref.__gxx_personality_v0
 .data          0x0000000080008938        0x0 build/src/kernel/buddyAllocator.o
 .data          0x0000000080008938        0x0 build/src/kernel/KConsole.o
 .data          0x0000000080008938        0x0 build/src/kernel/SleepPCBList.o
 .data          0x0000000080008938        0x0 build/src/kernel/Scheduler.o
 .data          0x0000000080008938        0x0 build/src/kernel/main.o
 .data          0x0000000080008938        0x0 build/src/kernel/buddyTests.o
 .data          0x0000000080008938        0x8 build/src/kernel/Riscv.o
                0x0000000080008938                Riscv::programStartAddr
 .data          0x0000000080008940        0x0 build/src/kernel/MemoryAllocator.o
 .data          0x0000000080008940        0x0 build/src/kernel/slabTests.o
 .data.rel.ro.local
                0x0000000080008940       0x28 build/src/kernel/slabTests.o
 .data          0x0000000080008968        0x0 build/src/kernel/KSemaphore.o
 .data          0x0000000080008968        0x0 ./lib/hw.lib(entry.o)
 .data          0x0000000080008968        0x0 ./lib/hw.lib(start.o)
 .data          0x0000000080008968        0x0 ./lib/hw.lib(main.o)
 .data          0x0000000080008968        0x0 ./lib/hw.lib(proc.o)
 .data          0x0000000080008968        0x0 ./lib/hw.lib(trap.o)
 .data          0x0000000080008968        0x0 ./lib/hw.lib(kernelvec.o)
 .data          0x0000000080008968        0x0 ./lib/hw.lib(plic.o)
 .data          0x0000000080008968        0x0 ./lib/hw.lib(support_cpp.o)
 .data          0x0000000080008968        0x0 ./lib/hw.lib(hw.o)
 .data          0x0000000080008968        0x0 ./lib/hw.lib(console.o)
 .data          0x0000000080008968        0x0 ./lib/hw.lib(printf.o)
 .data          0x0000000080008968        0x0 ./lib/hw.lib(uart.o)
 .data          0x0000000080008968        0x0 ./lib/hw.lib(kalloc.o)
 .data          0x0000000080008968        0x0 ./lib/hw.lib(spinlock.o)
 .data          0x0000000080008968        0x0 ./lib/hw.lib(string.o)

.got            0x0000000080008968       0xc8
 .got           0x0000000080008968       0xc8 build/src/kernel/trap.o
                0x0000000080008968                _GLOBAL_OFFSET_TABLE_

.got.plt        0x0000000080008a30       0x10
 .got.plt       0x0000000080008a30       0x10 build/src/kernel/trap.o

.bss            0x0000000080008a40     0x9370
                0x0000000080008a40                . = ALIGN (0x10)
 EXCLUDE_FILE(build/src/user/*) *(.sbss .sbss.*)
 .sbss          0x0000000080008a40        0x4 ./lib/hw.lib(main.o)
 .sbss          0x0000000080008a44        0x4 ./lib/hw.lib(trap.o)
                0x0000000080008a44                ticks
 .sbss          0x0000000080008a48        0x4 ./lib/hw.lib(printf.o)
                0x0000000080008a48                panicked
 *fill*         0x0000000080008a4c        0x4 
 .sbss          0x0000000080008a50       0x10 ./lib/hw.lib(uart.o)
                0x0000000080008a50                uart_tx_r
                0x0000000080008a58                uart_tx_w
 .sbss          0x0000000080008a60        0x8 ./lib/hw.lib(kalloc.o)
                0x0000000080008a60                kmem
                0x0000000080008a70                . = ALIGN (0x10)
 *fill*         0x0000000080008a68        0x8 
 EXCLUDE_FILE(build/src/user/*) *(.bss .bss.*)
 .bss           0x0000000080008a70        0x0 build/src/kernel/trap.o
 .bss           0x0000000080008a70        0x0 build/src/kernel/registersUtil.o
 .bss           0x0000000080008a70        0x0 build/src/kernel/contextSwitch.o
 .bss           0x0000000080008a70        0x0 build/src/kernel/syscall_c_kernel.o
 .bss           0x0000000080008a70        0x8 build/src/kernel/slabAllocator.o
 .bss           0x0000000080008a78       0x28 build/src/kernel/PCB.o
                0x0000000080008a78                PCB::running
                0x0000000080008a80                PCB::consolePCB
                0x0000000080008a88                PCB::userPCB
                0x0000000080008a90                PCB::timeSliceCounter
                0x0000000080008a98                PCB::savedRegA4
 .bss           0x0000000080008aa0        0x8 build/src/kernel/buddyAllocator.o
 .bss           0x0000000080008aa8     0x8048 build/src/kernel/KConsole.o
                0x0000000080008aa8                KConsole::hasCharactersInput
                0x0000000080008ab0                KConsole::hasCharactersOutput
                0x0000000080008ab8                KConsole::inputTail
                0x0000000080008ac0                KConsole::inputHead
                0x0000000080008ac8                KConsole::pendingGetc
                0x0000000080008ad0                KConsole::outputTail
                0x0000000080008ad8                KConsole::outputHead
                0x0000000080008ae0                KConsole::pendingPutc
                0x0000000080008ae8                KConsole::finished
                0x0000000080008af0                KConsole::outputBuffer
                0x000000008000caf0                KConsole::inputBuffer
 .bss           0x0000000080010af0        0x8 build/src/kernel/SleepPCBList.o
                0x0000000080010af0                SleepPCBList::sleepingPCBHead
 .bss           0x0000000080010af8       0x10 build/src/kernel/Scheduler.o
                0x0000000080010af8                Scheduler::schedulerPCBHead
                0x0000000080010b00                Scheduler::schedulerPCBTail
 .bss           0x0000000080010b08        0x0 build/src/kernel/main.o
 .bss           0x0000000080010b08        0x0 build/src/kernel/buddyTests.o
 .bss           0x0000000080010b08       0x30 build/src/kernel/Riscv.o
                0x0000000080010b08                Riscv::finishSystem
                0x0000000080010b10                Riscv::mainPMT
                0x0000000080010b18                Riscv::pcbCache
                0x0000000080010b20                Riscv::semaphoreCache
                0x0000000080010b28                Riscv::kernelMainCalled
                0x0000000080010b30                Riscv::totalTime
 .bss           0x0000000080010b38       0x18 build/src/kernel/MemoryAllocator.o
                0x0000000080010b38                MemoryAllocator::memoryInitiliaized
                0x0000000080010b40                MemoryAllocator::headAllocated
                0x0000000080010b48                MemoryAllocator::headFree
 .bss           0x0000000080010b50        0x0 build/src/kernel/slabTests.o
 .bss           0x0000000080010b50        0x0 build/src/kernel/KSemaphore.o
 .bss           0x0000000080010b50        0x0 ./lib/hw.lib(entry.o)
 .bss           0x0000000080010b50     0x1030 ./lib/hw.lib(start.o)
                0x0000000080010b50                timer_scratch
                0x0000000080010b80                stack0
 .bss           0x0000000080011b80        0x0 ./lib/hw.lib(main.o)
 .bss           0x0000000080011b80       0x80 ./lib/hw.lib(proc.o)
                0x0000000080011b80                cpus
 .bss           0x0000000080011c00       0x18 ./lib/hw.lib(trap.o)
                0x0000000080011c00                tickslock
 .bss           0x0000000080011c18        0x0 ./lib/hw.lib(kernelvec.o)
 .bss           0x0000000080011c18        0x0 ./lib/hw.lib(plic.o)
 .bss           0x0000000080011c18       0x10 ./lib/hw.lib(support_cpp.o)
                0x0000000080011c18                _Unwind_Resume
                0x0000000080011c20                __gxx_personality_v0
 .bss           0x0000000080011c28        0x0 ./lib/hw.lib(hw.o)
 .bss           0x0000000080011c28      0x148 ./lib/hw.lib(console.o)
                0x0000000080011c28                cons
                0x0000000080011cd0                devsw
 .bss           0x0000000080011d70       0x20 ./lib/hw.lib(printf.o)
 .bss           0x0000000080011d90       0x20 ./lib/hw.lib(uart.o)
                0x0000000080011d90                uart_tx_buf
 .bss           0x0000000080011db0        0x0 ./lib/hw.lib(kalloc.o)
 .bss           0x0000000080011db0        0x0 ./lib/hw.lib(spinlock.o)
 .bss           0x0000000080011db0        0x0 ./lib/hw.lib(string.o)

.eh_frame       0x0000000080011db0     0x18e0
 EXCLUDE_FILE(build/src/user/*) *(.eh_frame .eh_frame.*)
 .eh_frame      0x0000000080011db0       0x80 build/src/kernel/syscall_c_kernel.o
 .eh_frame      0x0000000080011e30      0x5c8 build/src/kernel/slabAllocator.o
                                        0x5e0 (size before relaxing)
 .eh_frame      0x00000000800123f8      0x2e0 build/src/kernel/PCB.o
                                        0x2f8 (size before relaxing)
 .eh_frame      0x00000000800126d8      0x240 build/src/kernel/buddyAllocator.o
                                        0x250 (size before relaxing)
 .eh_frame      0x0000000080012918      0x260 build/src/kernel/KConsole.o
                                        0x290 (size before relaxing)
 .eh_frame      0x0000000080012b78       0x58 build/src/kernel/SleepPCBList.o
                                         0x68 (size before relaxing)
 .eh_frame      0x0000000080012bd0       0xf0 build/src/kernel/Scheduler.o
                                        0x108 (size before relaxing)
 .eh_frame      0x0000000080012cc0       0x28 build/src/kernel/main.o
                                         0x40 (size before relaxing)
 .eh_frame      0x0000000080012ce8       0xe8 build/src/kernel/buddyTests.o
                                         0xf8 (size before relaxing)
 .eh_frame      0x0000000080012dd0      0x298 build/src/kernel/Riscv.o
                                        0x2a8 (size before relaxing)
 .eh_frame      0x0000000080013068      0x200 build/src/kernel/MemoryAllocator.o
                                        0x210 (size before relaxing)
 .eh_frame      0x0000000080013268      0x1a8 build/src/kernel/slabTests.o
                                        0x1c0 (size before relaxing)
 .eh_frame      0x0000000080013410      0x280 build/src/kernel/KSemaphore.o
                                        0x2b0 (size before relaxing)

.rela.dyn       0x0000000080013690        0x0
 .rela.got      0x0000000080013690        0x0 build/src/kernel/trap.o
 .rela.text     0x0000000080013690        0x0 build/src/kernel/trap.o
 .rela.text._ZN19ConsumerProducerCPP8ConsumerD2Ev
                0x0000000080013690        0x0 build/src/kernel/trap.o
 .rela.text._ZN19ConsumerProducerCPP8ConsumerD0Ev
                0x0000000080013690        0x0 build/src/kernel/trap.o
 .rela.text._ZN19ConsumerProducerCPP16ProducerKeyboradD2Ev
                0x0000000080013690        0x0 build/src/kernel/trap.o
 .rela.text._ZN19ConsumerProducerCPP16ProducerKeyboradD0Ev
                0x0000000080013690        0x0 build/src/kernel/trap.o
 .rela.text._ZN19ConsumerProducerCPP8ProducerD2Ev
                0x0000000080013690        0x0 build/src/kernel/trap.o
 .rela.text._ZN19ConsumerProducerCPP8ProducerD0Ev
                0x0000000080013690        0x0 build/src/kernel/trap.o
 .rela.data.rel.ro.local._ZTVN19ConsumerProducerCPP16ProducerKeyboradE
                0x0000000080013690        0x0 build/src/kernel/trap.o
 .rela.data.rel.ro.local._ZTVN19ConsumerProducerCPP8ProducerE
                0x0000000080013690        0x0 build/src/kernel/trap.o
 .rela.data.rel.ro.local._ZTVN19ConsumerProducerCPP8ConsumerE
                0x0000000080013690        0x0 build/src/kernel/trap.o
 .rela.text._ZN14PeriodicThreadD2Ev
                0x0000000080013690        0x0 build/src/kernel/trap.o
 .rela.text._ZN14PeriodicThreadD0Ev
                0x0000000080013690        0x0 build/src/kernel/trap.o
 .rela.data.rel.ro.local._ZTV14PeriodicThread
                0x0000000080013690        0x0 build/src/kernel/trap.o
 .rela.data.rel.ro.local._ZTV6Thread
                0x0000000080013690        0x0 build/src/kernel/trap.o
 .rela.sdata    0x0000000080013690        0x0 build/src/kernel/trap.o

.kernel         0x0000000080013690     0x3818
                0x0000000080014000                . = ALIGN (0x1000)
 *fill*         0x0000000080013690      0x970 
                0x0000000080014000                PROVIDE (userTextStart = .)
 *(.text .text.*)
 .text          0x0000000080014000       0x20 build/src/user/lock.o
                0x0000000080014000                copy_and_swap
 .text          0x0000000080014020      0x330 build/src/user/syscall_c.o
                0x0000000080014020                mem_alloc(unsigned long)
                0x0000000080014050                mem_free(void*)
                0x000000008001407c                thread_create(_thread**, void (*)(void*), void*)
                0x00000000800140fc                thread_dispatch()
                0x000000008001411c                thread_exit()
                0x0000000080014144                sem_open(_sem**, unsigned int)
                0x000000008001417c                sem_close(_sem*)
                0x00000000800141a8                sem_wait(_sem*)
                0x00000000800141d4                sem_signal(_sem*)
                0x0000000080014200                time_sleep(unsigned long)
                0x000000008001422c                thread_start(void*)
                0x0000000080014258                thread_make_pcb(_thread**, void (*)(void*), void*)
                0x00000000800142d8                getc()
                0x0000000080014300                putc(char)
                0x0000000080014324                thread_delete_pcb(_thread*)
 .text          0x0000000080014350       0x28 build/src/user/_thread.o
                0x0000000080014350                _thread::operator delete(void*)
 .text          0x0000000080014378      0x2ac build/src/user/test/printing.o
                0x0000000080014378                printString(char const*)
                0x00000000800143f4                getString(char*, int)
                0x00000000800144c0                stringToInt(char const*)
                0x0000000080014510                printInt(int, int, int)
 .text          0x0000000080014624      0x408 build/src/user/test/buffer_CPP_API.o
                0x0000000080014624                BufferCPP::BufferCPP(int)
                0x0000000080014624                BufferCPP::BufferCPP(int)
                0x0000000080014788                BufferCPP::put(int)
                0x0000000080014818                BufferCPP::get()
                0x00000000800148a4                BufferCPP::getCnt()
                0x000000008001492c                BufferCPP::~BufferCPP()
                0x000000008001492c                BufferCPP::~BufferCPP()
 .text          0x0000000080014a2c      0x480 build/src/user/test/userMain.o
                0x0000000080014a2c                ConsumerProducerCPP::testConsumerProducer()
                0x0000000080014e84                userMain()
 .text._ZN19ConsumerProducerCPP8Consumer3runEv
                0x0000000080014eac       0xd0 build/src/user/test/userMain.o
                0x0000000080014eac                ConsumerProducerCPP::Consumer::run()
 .text._ZN19ConsumerProducerCPP8ConsumerD2Ev
                0x0000000080014f7c       0x34 build/src/user/test/userMain.o
                0x0000000080014f7c                ConsumerProducerCPP::Consumer::~Consumer()
                0x0000000080014f7c                ConsumerProducerCPP::Consumer::~Consumer()
 .text._ZN19ConsumerProducerCPP8ConsumerD0Ev
                0x0000000080014fb0       0x4c build/src/user/test/userMain.o
                0x0000000080014fb0                ConsumerProducerCPP::Consumer::~Consumer()
 .text._ZN19ConsumerProducerCPP16ProducerKeyboradD2Ev
                0x0000000080014ffc       0x34 build/src/user/test/userMain.o
                0x0000000080014ffc                ConsumerProducerCPP::ProducerKeyborad::~ProducerKeyborad()
                0x0000000080014ffc                ConsumerProducerCPP::ProducerKeyborad::~ProducerKeyborad()
 .text._ZN19ConsumerProducerCPP16ProducerKeyboradD0Ev
                0x0000000080015030       0x4c build/src/user/test/userMain.o
                0x0000000080015030                ConsumerProducerCPP::ProducerKeyborad::~ProducerKeyborad()
 .text._ZN19ConsumerProducerCPP8ProducerD2Ev
                0x000000008001507c       0x34 build/src/user/test/userMain.o
                0x000000008001507c                ConsumerProducerCPP::Producer::~Producer()
                0x000000008001507c                ConsumerProducerCPP::Producer::~Producer()
 .text._ZN19ConsumerProducerCPP8ProducerD0Ev
                0x00000000800150b0       0x4c build/src/user/test/userMain.o
                0x00000000800150b0                ConsumerProducerCPP::Producer::~Producer()
 .text._ZN19ConsumerProducerCPP16ProducerKeyborad3runEv
                0x00000000800150fc       0x84 build/src/user/test/userMain.o
                0x00000000800150fc                ConsumerProducerCPP::ProducerKeyborad::run()
 .text._ZN19ConsumerProducerCPP8Producer3runEv
                0x0000000080015180       0x94 build/src/user/test/userMain.o
                0x0000000080015180                ConsumerProducerCPP::Producer::run()
 .text          0x0000000080015214      0x320 build/src/user/test/buffer.o
                0x0000000080015214                Buffer::Buffer(int)
                0x0000000080015214                Buffer::Buffer(int)
                0x00000000800152b0                Buffer::put(int)
                0x0000000080015340                Buffer::get()
                0x00000000800153cc                Buffer::getCnt()
                0x0000000080015454                Buffer::~Buffer()
                0x0000000080015454                Buffer::~Buffer()
 .text          0x0000000080015534      0x448 build/src/user/syscall_cpp.o
                0x0000000080015534                Thread::runner(void*)
                0x0000000080015560                Thread::~Thread()
                0x0000000080015560                Thread::~Thread()
                0x00000000800155a0                Semaphore::~Semaphore()
                0x00000000800155a0                Semaphore::~Semaphore()
                0x00000000800155e0                operator new(unsigned long)
                0x0000000080015608                operator delete(void*)
                0x0000000080015630                Thread::~Thread()
                0x0000000080015670                Semaphore::~Semaphore()
                0x00000000800156b0                Thread::start()
                0x00000000800156e8                Thread::dispatch()
                0x0000000080015710                Thread::sleep(unsigned long)
                0x0000000080015738                PeriodicThread::runner(void*)
                0x0000000080015778                Thread::Thread(void (*)(void*), void*)
                0x0000000080015778                Thread::Thread(void (*)(void*), void*)
                0x00000000800157b4                Thread::Thread()
                0x00000000800157b4                Thread::Thread()
                0x00000000800157fc                Semaphore::wait()
                0x0000000080015834                Semaphore::Semaphore(unsigned int)
                0x0000000080015834                Semaphore::Semaphore(unsigned int)
                0x0000000080015880                Semaphore::signal()
                0x00000000800158b8                Console::getc()
                0x00000000800158e0                Console::putc(char)
                0x0000000080015908                PeriodicThread::PeriodicThread(unsigned long)
                0x0000000080015908                PeriodicThread::PeriodicThread(unsigned long)
 .text._ZN6Thread3runEv
                0x000000008001597c       0x18 build/src/user/syscall_cpp.o
                0x000000008001597c                Thread::run()
 .text._ZN14PeriodicThread18periodicActivationEv
                0x0000000080015994       0x18 build/src/user/syscall_cpp.o
                0x0000000080015994                PeriodicThread::periodicActivation()
 .text._ZN14PeriodicThreadD2Ev
                0x00000000800159ac       0x34 build/src/user/syscall_cpp.o
                0x00000000800159ac                PeriodicThread::~PeriodicThread()
                0x00000000800159ac                PeriodicThread::~PeriodicThread()
 .text._ZN14PeriodicThreadD0Ev
                0x00000000800159e0       0x4c build/src/user/syscall_cpp.o
                0x00000000800159e0                PeriodicThread::~PeriodicThread()
 .text          0x0000000080015a2c       0x5c build/src/user/PCBWrapperUser.o
                0x0000000080015a2c                PCBWrapperUser::userMainWrapper(void*)
                0x0000000080015a54                PCBWrapperUser::wrapperUser(void (*)(void*), void*)
 .text          0x0000000080015a88       0x28 build/src/user/_sem.o
                0x0000000080015a88                _sem::operator delete(void*)
                0x0000000080016000                . = ALIGN (0x1000)
 *fill*         0x0000000080015ab0      0x550 
                0x0000000080016000                PROVIDE (userDataStart = .)
 *(.srodata .srodata.*)
 *(.rodata .rodata.*)
 .rodata.str1.8
                0x0000000080016000       0x11 build/src/user/test/buffer_CPP_API.o
 *fill*         0x0000000080016011        0x7 
 .rodata.str1.8
                0x0000000080016018       0xe3 build/src/user/test/userMain.o
 .rodata.str1.8
                0x00000000800160fb       0x11 build/src/user/test/buffer.o
 *(.sdata .sdata.*)
 *(.data .data.*)
 .data          0x00000000800160fb        0x0 build/src/user/lock.o
 .data          0x00000000800160fb        0x0 build/src/user/syscall_c.o
 .data          0x00000000800160fb        0x0 build/src/user/_thread.o
 *fill*         0x00000000800160fb        0x5 
 .data          0x0000000080016100       0x11 build/src/user/test/printing.o
                0x0000000080016100                digits
 .data          0x0000000080016111        0x0 build/src/user/test/buffer_CPP_API.o
 .data          0x0000000080016111        0x0 build/src/user/test/userMain.o
 *fill*         0x0000000080016111        0x7 
 .data.rel.ro.local._ZTVN19ConsumerProducerCPP16ProducerKeyboradE
                0x0000000080016118       0x28 build/src/user/test/userMain.o
                0x0000000080016118                vtable for ConsumerProducerCPP::ProducerKeyborad
 .data.rel.ro.local._ZTVN19ConsumerProducerCPP8ProducerE
                0x0000000080016140       0x28 build/src/user/test/userMain.o
                0x0000000080016140                vtable for ConsumerProducerCPP::Producer
 .data.rel.ro.local._ZTVN19ConsumerProducerCPP8ConsumerE
                0x0000000080016168       0x28 build/src/user/test/userMain.o
                0x0000000080016168                vtable for ConsumerProducerCPP::Consumer
 .data          0x0000000080016190        0x0 build/src/user/test/buffer.o
 .data          0x0000000080016190        0x0 build/src/user/syscall_cpp.o
 .data.rel.ro.local._ZTV14PeriodicThread
                0x0000000080016190       0x30 build/src/user/syscall_cpp.o
                0x0000000080016190                vtable for PeriodicThread
 .data.rel.ro.local._ZTV6Thread
                0x00000000800161c0       0x28 build/src/user/syscall_cpp.o
                0x00000000800161c0                vtable for Thread
 .data.rel.ro.local._ZTV9Semaphore
                0x00000000800161e8       0x20 build/src/user/syscall_cpp.o
                0x00000000800161e8                vtable for Semaphore
 .data          0x0000000080016208        0x0 build/src/user/PCBWrapperUser.o
 .data          0x0000000080016208        0x0 build/src/user/_sem.o
 *(.sbss .sbss.*)
 *(.bss .bss.*)
 .bss           0x0000000080016208        0x0 build/src/user/lock.o
 .bss           0x0000000080016208        0x0 build/src/user/syscall_c.o
 .bss           0x0000000080016208        0x0 build/src/user/_thread.o
 .bss           0x0000000080016208        0x8 build/src/user/test/printing.o
                0x0000000080016208                lockPrint
 .bss           0x0000000080016210        0x0 build/src/user/test/buffer_CPP_API.o
 .bss           0x0000000080016210       0x10 build/src/user/test/userMain.o
                0x0000000080016210                ConsumerProducerCPP::threadEnd
                0x0000000080016218                ConsumerProducerCPP::waitForAll
 .bss           0x0000000080016220        0x0 build/src/user/test/buffer.o
 .bss           0x0000000080016220        0x0 build/src/user/syscall_cpp.o
 .bss           0x0000000080016220        0x0 build/src/user/PCBWrapperUser.o
 .bss           0x0000000080016220        0x0 build/src/user/_sem.o
 *(.eh_frame .eh_frame.*)
 .eh_frame      0x0000000080016220      0x258 build/src/user/syscall_c.o
 .eh_frame      0x0000000080016478       0x40 build/src/user/_thread.o
 .eh_frame      0x00000000800164b8       0xd0 build/src/user/test/printing.o
 .eh_frame      0x0000000080016588      0x130 build/src/user/test/buffer_CPP_API.o
 .eh_frame      0x00000000800166b8      0x240 build/src/user/test/userMain.o
 .eh_frame      0x00000000800168f8      0x128 build/src/user/test/buffer.o
 .eh_frame      0x0000000080016a20      0x3e0 build/src/user/syscall_cpp.o
 .eh_frame      0x0000000080016e00       0x68 build/src/user/PCBWrapperUser.o
 .eh_frame      0x0000000080016e68       0x40 build/src/user/_sem.o
                0x0000000080017000                . = ALIGN (0x1000)
                0x0000000080017000                PROVIDE (end = .)
LOAD build/src/kernel/trap.o
LOAD build/src/kernel/registersUtil.o
LOAD build/src/kernel/contextSwitch.o
LOAD build/src/user/lock.o
LOAD build/src/kernel/syscall_c_kernel.o
LOAD build/src/kernel/slabAllocator.o
LOAD build/src/kernel/PCB.o
LOAD build/src/kernel/buddyAllocator.o
LOAD build/src/kernel/KConsole.o
LOAD build/src/kernel/SleepPCBList.o
LOAD build/src/kernel/Scheduler.o
LOAD build/src/kernel/main.o
LOAD build/src/kernel/buddyTests.o
LOAD build/src/kernel/Riscv.o
LOAD build/src/kernel/MemoryAllocator.o
LOAD build/src/kernel/slabTests.o
LOAD build/src/kernel/KSemaphore.o
LOAD build/src/user/syscall_c.o
LOAD build/src/user/_thread.o
LOAD build/src/user/test/printing.o
LOAD build/src/user/test/buffer_CPP_API.o
LOAD build/src/user/test/userMain.o
LOAD build/src/user/test/buffer.o
LOAD build/src/user/syscall_cpp.o
LOAD build/src/user/PCBWrapperUser.o
LOAD build/src/user/_sem.o
LOAD ./lib/hw.lib
LOAD ./lib/mem.lib
LOAD ./lib/console.lib
LOAD ./lib/hw.lib
LOAD ./lib/mem.lib
LOAD ./lib/console.lib
OUTPUT(kernel elf64-littleriscv)

.debug_line     0x0000000000000000     0x8cd4
 .debug_line    0x0000000000000000      0x1dc build/src/kernel/trap.o
 .debug_line    0x00000000000001dc       0x6b build/src/kernel/registersUtil.o
 .debug_line    0x0000000000000247       0x77 build/src/kernel/contextSwitch.o
 .debug_line    0x00000000000002be       0x6c build/src/user/lock.o
 .debug_line    0x000000000000032a      0x149 build/src/kernel/syscall_c_kernel.o
 .debug_line    0x0000000000000473     0x1733 build/src/kernel/slabAllocator.o
 .debug_line    0x0000000000001ba6      0x812 build/src/kernel/PCB.o
 .debug_line    0x00000000000023b8      0x910 build/src/kernel/buddyAllocator.o
 .debug_line    0x0000000000002cc8      0x771 build/src/kernel/KConsole.o
 .debug_line    0x0000000000003439      0x2aa build/src/kernel/SleepPCBList.o
 .debug_line    0x00000000000036e3      0x322 build/src/kernel/Scheduler.o
 .debug_line    0x0000000000003a05       0xb8 build/src/kernel/main.o
 .debug_line    0x0000000000003abd      0x412 build/src/kernel/buddyTests.o
 .debug_line    0x0000000000003ecf     0x1153 build/src/kernel/Riscv.o
 .debug_line    0x0000000000005022      0x9b8 build/src/kernel/MemoryAllocator.o
 .debug_line    0x00000000000059da      0x645 build/src/kernel/slabTests.o
 .debug_line    0x000000000000601f      0x696 build/src/kernel/KSemaphore.o
 .debug_line    0x00000000000066b5      0x757 build/src/user/syscall_c.o
 .debug_line    0x0000000000006e0c       0xb3 build/src/user/_thread.o
 .debug_line    0x0000000000006ebf      0x3be build/src/user/test/printing.o
 .debug_line    0x000000000000727d      0x59d build/src/user/test/buffer_CPP_API.o
 .debug_line    0x000000000000781a      0x90a build/src/user/test/userMain.o
 .debug_line    0x0000000000008124      0x4a4 build/src/user/test/buffer.o
 .debug_line    0x00000000000085c8      0x54e build/src/user/syscall_cpp.o
 .debug_line    0x0000000000008b16      0x111 build/src/user/PCBWrapperUser.o
 .debug_line    0x0000000000008c27       0xad build/src/user/_sem.o

.debug_info     0x0000000000000000    0x1094b
 .debug_info    0x0000000000000000       0x2e build/src/kernel/trap.o
 .debug_info    0x000000000000002e       0x2e build/src/kernel/registersUtil.o
 .debug_info    0x000000000000005c       0x2e build/src/kernel/contextSwitch.o
 .debug_info    0x000000000000008a       0x2e build/src/user/lock.o
 .debug_info    0x00000000000000b8      0x1a6 build/src/kernel/syscall_c_kernel.o
 .debug_info    0x000000000000025e     0x1fa8 build/src/kernel/slabAllocator.o
 .debug_info    0x0000000000002206     0x1390 build/src/kernel/PCB.o
 .debug_info    0x0000000000003596     0x11b2 build/src/kernel/buddyAllocator.o
 .debug_info    0x0000000000004748     0x1306 build/src/kernel/KConsole.o
 .debug_info    0x0000000000005a4e      0x72a build/src/kernel/SleepPCBList.o
 .debug_info    0x0000000000006178      0xd02 build/src/kernel/Scheduler.o
 .debug_info    0x0000000000006e7a      0x4ea build/src/kernel/main.o
 .debug_info    0x0000000000007364      0xe4c build/src/kernel/buddyTests.o
 .debug_info    0x00000000000081b0     0x1dfe build/src/kernel/Riscv.o
 .debug_info    0x0000000000009fae      0xb70 build/src/kernel/MemoryAllocator.o
 .debug_info    0x000000000000ab1e     0x108b build/src/kernel/slabTests.o
 .debug_info    0x000000000000bba9     0x1094 build/src/kernel/KSemaphore.o
 .debug_info    0x000000000000cc3d      0x6a7 build/src/user/syscall_c.o
 .debug_info    0x000000000000d2e4      0x18f build/src/user/_thread.o
 .debug_info    0x000000000000d473      0x440 build/src/user/test/printing.o
 .debug_info    0x000000000000d8b3      0x75f build/src/user/test/buffer_CPP_API.o
 .debug_info    0x000000000000e012     0x1126 build/src/user/test/userMain.o
 .debug_info    0x000000000000f138      0x67d build/src/user/test/buffer.o
 .debug_info    0x000000000000f7b5      0xde8 build/src/user/syscall_cpp.o
 .debug_info    0x000000000001059d      0x21f build/src/user/PCBWrapperUser.o
 .debug_info    0x00000000000107bc      0x18f build/src/user/_sem.o

.debug_abbrev   0x0000000000000000     0x3da3
 .debug_abbrev  0x0000000000000000       0x14 build/src/kernel/trap.o
 .debug_abbrev  0x0000000000000014       0x14 build/src/kernel/registersUtil.o
 .debug_abbrev  0x0000000000000028       0x14 build/src/kernel/contextSwitch.o
 .debug_abbrev  0x000000000000003c       0x14 build/src/user/lock.o
 .debug_abbrev  0x0000000000000050       0xcc build/src/kernel/syscall_c_kernel.o
 .debug_abbrev  0x000000000000011c      0x419 build/src/kernel/slabAllocator.o
 .debug_abbrev  0x0000000000000535      0x3f7 build/src/kernel/PCB.o
 .debug_abbrev  0x000000000000092c      0x392 build/src/kernel/buddyAllocator.o
 .debug_abbrev  0x0000000000000cbe      0x3a8 build/src/kernel/KConsole.o
 .debug_abbrev  0x0000000000001066      0x2d2 build/src/kernel/SleepPCBList.o
 .debug_abbrev  0x0000000000001338      0x3bb build/src/kernel/Scheduler.o
 .debug_abbrev  0x00000000000016f3      0x15d build/src/kernel/main.o
 .debug_abbrev  0x0000000000001850      0x2fa build/src/kernel/buddyTests.o
 .debug_abbrev  0x0000000000001b4a      0x495 build/src/kernel/Riscv.o
 .debug_abbrev  0x0000000000001fdf      0x274 build/src/kernel/MemoryAllocator.o
 .debug_abbrev  0x0000000000002253      0x373 build/src/kernel/slabTests.o
 .debug_abbrev  0x00000000000025c6      0x431 build/src/kernel/KSemaphore.o
 .debug_abbrev  0x00000000000029f7      0x198 build/src/user/syscall_c.o
 .debug_abbrev  0x0000000000002b8f       0xff build/src/user/_thread.o
 .debug_abbrev  0x0000000000002c8e      0x168 build/src/user/test/printing.o
 .debug_abbrev  0x0000000000002df6      0x2a2 build/src/user/test/buffer_CPP_API.o
 .debug_abbrev  0x0000000000003098      0x3f7 build/src/user/test/userMain.o
 .debug_abbrev  0x000000000000348f      0x259 build/src/user/test/buffer.o
 .debug_abbrev  0x00000000000036e8      0x480 build/src/user/syscall_cpp.o
 .debug_abbrev  0x0000000000003b68      0x13c build/src/user/PCBWrapperUser.o
 .debug_abbrev  0x0000000000003ca4       0xff build/src/user/_sem.o

.debug_aranges  0x0000000000000000      0x5b0
 .debug_aranges
                0x0000000000000000       0x30 build/src/kernel/trap.o
 .debug_aranges
                0x0000000000000030       0x30 build/src/kernel/registersUtil.o
 .debug_aranges
                0x0000000000000060       0x30 build/src/kernel/contextSwitch.o
 .debug_aranges
                0x0000000000000090       0x30 build/src/user/lock.o
 .debug_aranges
                0x00000000000000c0       0x30 build/src/kernel/syscall_c_kernel.o
 .debug_aranges
                0x00000000000000f0       0x30 build/src/kernel/slabAllocator.o
 .debug_aranges
                0x0000000000000120       0x30 build/src/kernel/PCB.o
 .debug_aranges
                0x0000000000000150       0x30 build/src/kernel/buddyAllocator.o
 .debug_aranges
                0x0000000000000180       0x30 build/src/kernel/KConsole.o
 .debug_aranges
                0x00000000000001b0       0x30 build/src/kernel/SleepPCBList.o
 .debug_aranges
                0x00000000000001e0       0x30 build/src/kernel/Scheduler.o
 .debug_aranges
                0x0000000000000210       0x30 build/src/kernel/main.o
 .debug_aranges
                0x0000000000000240       0x30 build/src/kernel/buddyTests.o
 .debug_aranges
                0x0000000000000270       0x30 build/src/kernel/Riscv.o
 .debug_aranges
                0x00000000000002a0       0x30 build/src/kernel/MemoryAllocator.o
 .debug_aranges
                0x00000000000002d0       0x30 build/src/kernel/slabTests.o
 .debug_aranges
                0x0000000000000300       0x30 build/src/kernel/KSemaphore.o
 .debug_aranges
                0x0000000000000330       0x30 build/src/user/syscall_c.o
 .debug_aranges
                0x0000000000000360       0x30 build/src/user/_thread.o
 .debug_aranges
                0x0000000000000390       0x30 build/src/user/test/printing.o
 .debug_aranges
                0x00000000000003c0       0x30 build/src/user/test/buffer_CPP_API.o
 .debug_aranges
                0x00000000000003f0       0xc0 build/src/user/test/userMain.o
 .debug_aranges
                0x00000000000004b0       0x30 build/src/user/test/buffer.o
 .debug_aranges
                0x00000000000004e0       0x70 build/src/user/syscall_cpp.o
 .debug_aranges
                0x0000000000000550       0x30 build/src/user/PCBWrapperUser.o
 .debug_aranges
                0x0000000000000580       0x30 build/src/user/_sem.o

.debug_str      0x0000000000000000     0x39ab
 .debug_str     0x0000000000000000       0x3c build/src/kernel/trap.o
 .debug_str     0x000000000000003c       0x1b build/src/kernel/registersUtil.o
                                         0x45 (size before relaxing)
 .debug_str     0x0000000000000057       0x1b build/src/kernel/contextSwitch.o
                                         0x45 (size before relaxing)
 .debug_str     0x0000000000000072       0x10 build/src/user/lock.o
                                         0x3a (size before relaxing)
 .debug_str     0x0000000000000082      0x292 build/src/kernel/syscall_c_kernel.o
                                        0x2c2 (size before relaxing)
 .debug_str     0x0000000000000314     0x1351 build/src/kernel/slabAllocator.o
                                       0x15ef (size before relaxing)
 .debug_str     0x0000000000001665      0xb3c build/src/kernel/PCB.o
                                       0x12e7 (size before relaxing)
 .debug_str     0x00000000000021a1      0x17d build/src/kernel/buddyAllocator.o
                                        0xfa0 (size before relaxing)
 .debug_str     0x000000000000231e      0x184 build/src/kernel/KConsole.o
                                       0x1576 (size before relaxing)
 .debug_str     0x00000000000024a2       0x40 build/src/kernel/SleepPCBList.o
                                        0x862 (size before relaxing)
 .debug_str     0x00000000000024e2       0x62 build/src/kernel/Scheduler.o
                                       0x1124 (size before relaxing)
 .debug_str     0x0000000000002544       0x19 build/src/kernel/main.o
                                        0x876 (size before relaxing)
 .debug_str     0x000000000000255d       0xee build/src/kernel/buddyTests.o
                                       0x114a (size before relaxing)
 .debug_str     0x000000000000264b      0x221 build/src/kernel/Riscv.o
                                       0x1abe (size before relaxing)
 .debug_str     0x000000000000286c       0xe3 build/src/kernel/MemoryAllocator.o
                                        0xc67 (size before relaxing)
 .debug_str     0x000000000000294f      0x17b build/src/kernel/slabTests.o
                                       0x102e (size before relaxing)
 .debug_str     0x0000000000002aca       0x5e build/src/kernel/KSemaphore.o
                                       0x1147 (size before relaxing)
 .debug_str     0x0000000000002b28      0x260 build/src/user/syscall_c.o
                                        0x4dc (size before relaxing)
 .debug_str     0x0000000000002d88       0x15 build/src/user/_thread.o
                                        0x281 (size before relaxing)
 .debug_str     0x0000000000002d9d       0xa8 build/src/user/test/printing.o
                                        0x2e5 (size before relaxing)
 .debug_str     0x0000000000002e45      0x15b build/src/user/test/buffer_CPP_API.o
                                        0x441 (size before relaxing)
 .debug_str     0x0000000000002fa0      0x5df build/src/user/test/userMain.o
                                        0xa40 (size before relaxing)
 .debug_str     0x000000000000357f       0x93 build/src/user/test/buffer.o
                                        0x3ff (size before relaxing)
 .debug_str     0x0000000000003612      0x2ed build/src/user/syscall_cpp.o
                                        0x7a7 (size before relaxing)
 .debug_str     0x00000000000038ff       0x9a build/src/user/PCBWrapperUser.o
                                        0x2e5 (size before relaxing)
 .debug_str     0x0000000000003999       0x12 build/src/user/_sem.o
                                        0x261 (size before relaxing)

.debug_loc      0x0000000000000000     0x6ebf
 .debug_loc     0x0000000000000000       0x46 build/src/kernel/syscall_c_kernel.o
 .debug_loc     0x0000000000000046     0x167d build/src/kernel/slabAllocator.o
 .debug_loc     0x00000000000016c3      0x53d build/src/kernel/PCB.o
 .debug_loc     0x0000000000001c00      0xb2b build/src/kernel/buddyAllocator.o
 .debug_loc     0x000000000000272b      0x462 build/src/kernel/KConsole.o
 .debug_loc     0x0000000000002b8d      0x20f build/src/kernel/SleepPCBList.o
 .debug_loc     0x0000000000002d9c      0x149 build/src/kernel/Scheduler.o
 .debug_loc     0x0000000000002ee5      0x133 build/src/kernel/buddyTests.o
 .debug_loc     0x0000000000003018      0x92a build/src/kernel/Riscv.o
 .debug_loc     0x0000000000003942      0x8f0 build/src/kernel/MemoryAllocator.o
 .debug_loc     0x0000000000004232      0x525 build/src/kernel/slabTests.o
 .debug_loc     0x0000000000004757      0x421 build/src/kernel/KSemaphore.o
 .debug_loc     0x0000000000004b78      0x980 build/src/user/syscall_c.o
 .debug_loc     0x00000000000054f8       0x39 build/src/user/_thread.o
 .debug_loc     0x0000000000005531      0x37a build/src/user/test/printing.o
 .debug_loc     0x00000000000058ab      0x322 build/src/user/test/buffer_CPP_API.o
 .debug_loc     0x0000000000005bcd      0x8ec build/src/user/test/userMain.o
 .debug_loc     0x00000000000064b9      0x27e build/src/user/test/buffer.o
 .debug_loc     0x0000000000006737      0x691 build/src/user/syscall_cpp.o
 .debug_loc     0x0000000000006dc8       0xbe build/src/user/PCBWrapperUser.o
 .debug_loc     0x0000000000006e86       0x39 build/src/user/_sem.o

.comment        0x0000000000000000       0x53
 .comment       0x0000000000000000       0x29 build/src/kernel/syscall_c_kernel.o
                                         0x2a (size before relaxing)
 .comment       0x0000000000000029       0x2a build/src/kernel/slabAllocator.o
 .comment       0x0000000000000029       0x2a build/src/kernel/PCB.o
 .comment       0x0000000000000029       0x2a build/src/kernel/buddyAllocator.o
 .comment       0x0000000000000029       0x2a build/src/kernel/KConsole.o
 .comment       0x0000000000000029       0x2a build/src/kernel/SleepPCBList.o
 .comment       0x0000000000000029       0x2a build/src/kernel/Scheduler.o
 .comment       0x0000000000000029       0x2a build/src/kernel/main.o
 .comment       0x0000000000000029       0x2a build/src/kernel/buddyTests.o
 .comment       0x0000000000000029       0x2a build/src/kernel/Riscv.o
 .comment       0x0000000000000029       0x2a build/src/kernel/MemoryAllocator.o
 .comment       0x0000000000000029       0x2a build/src/kernel/slabTests.o
 .comment       0x0000000000000029       0x2a build/src/kernel/KSemaphore.o
 .comment       0x0000000000000029       0x2a build/src/user/syscall_c.o
 .comment       0x0000000000000029       0x2a build/src/user/_thread.o
 .comment       0x0000000000000029       0x2a build/src/user/test/printing.o
 .comment       0x0000000000000029       0x2a build/src/user/test/buffer_CPP_API.o
 .comment       0x0000000000000029       0x2a build/src/user/test/userMain.o
 .comment       0x0000000000000029       0x2a build/src/user/test/buffer.o
 .comment       0x0000000000000029       0x2a build/src/user/syscall_cpp.o
 .comment       0x0000000000000029       0x2a build/src/user/PCBWrapperUser.o
 .comment       0x0000000000000029       0x2a build/src/user/_sem.o
 .comment       0x0000000000000029       0x2a ./lib/hw.lib(start.o)
                                         0x2b (size before relaxing)
 .comment       0x0000000000000053       0x2b ./lib/hw.lib(main.o)
 .comment       0x0000000000000053       0x2b ./lib/hw.lib(proc.o)
 .comment       0x0000000000000053       0x2b ./lib/hw.lib(trap.o)
 .comment       0x0000000000000053       0x2b ./lib/hw.lib(plic.o)
 .comment       0x0000000000000053       0x2b ./lib/hw.lib(support_cpp.o)
 .comment       0x0000000000000053       0x2b ./lib/hw.lib(hw.o)
 .comment       0x0000000000000053       0x2b ./lib/hw.lib(console.o)
 .comment       0x0000000000000053       0x2b ./lib/hw.lib(printf.o)
 .comment       0x0000000000000053       0x2b ./lib/hw.lib(uart.o)
 .comment       0x0000000000000053       0x2b ./lib/hw.lib(kalloc.o)
 .comment       0x0000000000000053       0x2b ./lib/hw.lib(spinlock.o)
 .comment       0x0000000000000053       0x2b ./lib/hw.lib(string.o)

.note.GNU-stack
                0x0000000000000000        0x0
 .note.GNU-stack
                0x0000000000000000        0x0 build/src/kernel/syscall_c_kernel.o
 .note.GNU-stack
                0x0000000000000000        0x0 build/src/kernel/slabAllocator.o
 .note.GNU-stack
                0x0000000000000000        0x0 build/src/kernel/PCB.o
 .note.GNU-stack
                0x0000000000000000        0x0 build/src/kernel/buddyAllocator.o
 .note.GNU-stack
                0x0000000000000000        0x0 build/src/kernel/KConsole.o
 .note.GNU-stack
                0x0000000000000000        0x0 build/src/kernel/SleepPCBList.o
 .note.GNU-stack
                0x0000000000000000        0x0 build/src/kernel/Scheduler.o
 .note.GNU-stack
                0x0000000000000000        0x0 build/src/kernel/main.o
 .note.GNU-stack
                0x0000000000000000        0x0 build/src/kernel/buddyTests.o
 .note.GNU-stack
                0x0000000000000000        0x0 build/src/kernel/Riscv.o
 .note.GNU-stack
                0x0000000000000000        0x0 build/src/kernel/MemoryAllocator.o
 .note.GNU-stack
                0x0000000000000000        0x0 build/src/kernel/slabTests.o
 .note.GNU-stack
                0x0000000000000000        0x0 build/src/kernel/KSemaphore.o
 .note.GNU-stack
                0x0000000000000000        0x0 build/src/user/syscall_c.o
 .note.GNU-stack
                0x0000000000000000        0x0 build/src/user/_thread.o
 .note.GNU-stack
                0x0000000000000000        0x0 build/src/user/test/printing.o
 .note.GNU-stack
                0x0000000000000000        0x0 build/src/user/test/buffer_CPP_API.o
 .note.GNU-stack
                0x0000000000000000        0x0 build/src/user/test/userMain.o
 .note.GNU-stack
                0x0000000000000000        0x0 build/src/user/test/buffer.o
 .note.GNU-stack
                0x0000000000000000        0x0 build/src/user/syscall_cpp.o
 .note.GNU-stack
                0x0000000000000000        0x0 build/src/user/PCBWrapperUser.o
 .note.GNU-stack
                0x0000000000000000        0x0 build/src/user/_sem.o
 .note.GNU-stack
                0x0000000000000000        0x0 ./lib/hw.lib(start.o)
 .note.GNU-stack
                0x0000000000000000        0x0 ./lib/hw.lib(main.o)
 .note.GNU-stack
                0x0000000000000000        0x0 ./lib/hw.lib(proc.o)
 .note.GNU-stack
                0x0000000000000000        0x0 ./lib/hw.lib(trap.o)
 .note.GNU-stack
                0x0000000000000000        0x0 ./lib/hw.lib(plic.o)
 .note.GNU-stack
                0x0000000000000000        0x0 ./lib/hw.lib(support_cpp.o)
 .note.GNU-stack
                0x0000000000000000        0x0 ./lib/hw.lib(hw.o)
 .note.GNU-stack
                0x0000000000000000        0x0 ./lib/hw.lib(console.o)
 .note.GNU-stack
                0x0000000000000000        0x0 ./lib/hw.lib(printf.o)
 .note.GNU-stack
                0x0000000000000000        0x0 ./lib/hw.lib(uart.o)
 .note.GNU-stack
                0x0000000000000000        0x0 ./lib/hw.lib(kalloc.o)
 .note.GNU-stack
                0x0000000000000000        0x0 ./lib/hw.lib(spinlock.o)
 .note.GNU-stack
                0x0000000000000000        0x0 ./lib/hw.lib(string.o)

.debug_ranges   0x0000000000000000      0x440
 .debug_ranges  0x0000000000000000       0xc0 build/src/kernel/slabAllocator.o
 .debug_ranges  0x00000000000000c0       0x30 build/src/kernel/buddyAllocator.o
 .debug_ranges  0x00000000000000f0       0x60 build/src/kernel/KConsole.o
 .debug_ranges  0x0000000000000150       0x30 build/src/kernel/SleepPCBList.o
 .debug_ranges  0x0000000000000180       0x60 build/src/kernel/Riscv.o
 .debug_ranges  0x00000000000001e0       0x90 build/src/kernel/slabTests.o
 .debug_ranges  0x0000000000000270      0x170 build/src/user/test/userMain.o
 .debug_ranges  0x00000000000003e0       0x60 build/src/user/syscall_cpp.o
