Archive member included to satisfy reference by file (symbol)

./lib/hw.lib(entry.o)         (_entry)
./lib/hw.lib(start.o)         ./lib/hw.lib(entry.o) (start)
./lib/hw.lib(main.o)          ./lib/hw.lib(start.o) (system_main)
./lib/hw.lib(proc.o)          ./lib/hw.lib(main.o) (cpuid)
./lib/hw.lib(trap.o)          ./lib/hw.lib(main.o) (trapinit)
./lib/hw.lib(kernelvec.o)     ./lib/hw.lib(trap.o) (kernelvec)
./lib/hw.lib(plic.o)          ./lib/hw.lib(main.o) (plicinit)
./lib/hw.lib(support_cpp.o)   build/src/kernel/KConsole.o (_Unwind_Resume)
./lib/hw.lib(hw.o)            build/src/kernel/KConsole.o (CONSOLE_RX_DATA)
./lib/hw.lib(console.o)       ./lib/hw.lib(main.o) (consoleinit)
./lib/hw.lib(printf.o)        ./lib/hw.lib(main.o) (panic)
./lib/hw.lib(uart.o)          ./lib/hw.lib(console.o) (uartinit)
./lib/hw.lib(kalloc.o)        ./lib/hw.lib(main.o) (kinit)
./lib/hw.lib(spinlock.o)      ./lib/hw.lib(trap.o) (initlock)
./lib/hw.lib(string.o)        ./lib/hw.lib(kalloc.o) (__memset)

Discarded input sections

 .group         0x0000000000000000        0xc build/src/kernel/PCB.o
 .group         0x0000000000000000        0xc build/src/kernel/KConsole.o
 .data.rel.local.DW.ref.__gxx_personality_v0
                0x0000000000000000        0x8 build/src/kernel/KConsole.o
 .group         0x0000000000000000        0xc build/src/kernel/KSemaphore.o
 .data.rel.local.DW.ref.__gxx_personality_v0
                0x0000000000000000        0x8 build/src/kernel/KSemaphore.o
 .group         0x0000000000000000        0xc build/src/user/test/buffer_CPP_API.o
 .data.rel.local.DW.ref.__gxx_personality_v0
                0x0000000000000000        0x8 build/src/user/test/buffer_CPP_API.o
 .group         0x0000000000000000        0xc build/src/user/test/userMain.o
 .group         0x0000000000000000       0x14 build/src/user/test/userMain.o
 .group         0x0000000000000000       0x14 build/src/user/test/userMain.o
 .group         0x0000000000000000       0x14 build/src/user/test/userMain.o
 .group         0x0000000000000000        0xc build/src/user/test/userMain.o
 .group         0x0000000000000000        0xc build/src/user/test/userMain.o
 .group         0x0000000000000000        0xc build/src/user/test/userMain.o
 .group         0x0000000000000000        0xc build/src/user/test/userMain.o
 .group         0x0000000000000000        0xc build/src/user/test/userMain.o
 .group         0x0000000000000000        0xc build/src/user/test/userMain.o
 .data.rel.local.DW.ref.__gxx_personality_v0
                0x0000000000000000        0x8 build/src/user/test/userMain.o
 .group         0x0000000000000000        0xc build/src/user/test/buffer.o
 .data.rel.local.DW.ref.__gxx_personality_v0
                0x0000000000000000        0x8 build/src/user/test/buffer.o
 .group         0x0000000000000000        0x8 build/src/user/syscall_cpp.o
 .group         0x0000000000000000        0x8 build/src/user/syscall_cpp.o
 .group         0x0000000000000000       0x14 build/src/user/syscall_cpp.o
 .group         0x0000000000000000        0xc build/src/user/syscall_cpp.o
 .group         0x0000000000000000        0xc build/src/user/syscall_cpp.o
 .group         0x0000000000000000        0xc build/src/user/syscall_cpp.o
 .group         0x0000000000000000        0xc build/src/user/syscall_cpp.o
 .data.rel.local.DW.ref.__gxx_personality_v0
                0x0000000000000000        0x8 build/src/user/syscall_cpp.o

Memory Configuration

Name             Origin             Length             Attributes
*default*        0x0000000000000000 0xffffffffffffffff

Linker script and memory map

                0x0000000080000000                . = 0x80000000

.text           0x0000000080000000     0x8000
 *(.entry_os)
 .entry_os      0x0000000080000000       0x24 ./lib/hw.lib(entry.o)
                0x0000000080000000                _entry
                0x0000000080001000                . = ALIGN (0x1000)
 *fill*         0x0000000080000024      0xfdc 
                0x0000000080001000                PROVIDE (kernelTextStart = .)
 EXCLUDE_FILE(build/src/user/*) *(.text .text.*)
 .text          0x0000000080001000      0x120 build/src/kernel/trap.o
                0x0000000080001000                Riscv::supervisorTrap()
 .text          0x0000000080001120       0xf8 build/src/kernel/registersUtil.o
                0x0000000080001120                Riscv::pushRegisters()
                0x000000008000119c                Riscv::popRegisters()
 .text          0x0000000080001218       0x20 build/src/kernel/contextSwitch.o
                0x0000000080001218                PCB::contextSwitch(PCB::Context*, PCB::Context*)
                0x000000008000122c                PCB::contextSwitchExiting(PCB::Context*)
 .text          0x0000000080001238       0x70 build/src/kernel/syscall_c_kernel.o
                0x0000000080001238                thread_dispatch_kernel()
                0x0000000080001258                sysCallGetCharOutput()
                0x0000000080001280                thread_exit_kernel()
 .text          0x00000000800012a8     0x14b8 build/src/kernel/slabAllocator.o
                0x00000000800012a8                strcpy(char const*, char*)
                0x00000000800012dc                destroy_slab_list(slab_s**)
                0x0000000080001360                init_cache(kmem_cache_s*, char const*, unsigned long, unsigned long, void (*)(void*), void (*)(void*))
                0x00000000800013ec                slab_allocator_init(buddyAllocator*)
                0x0000000080001460                checkSetIndex(slab_s*, int)
                0x00000000800014a0                setAllocatedIndex(slab_s*, int)
                0x00000000800014e8                allocateObject(slab_s*)
                0x00000000800015a0                full(slab_s*)
                0x00000000800015c8                empty(slab_s*)
                0x00000000800015e8                insertIntoSlabList(slab_s*, slab_s**)
                0x000000008000161c                removeFromSlabList(slab_s*, slab_s**)
                0x0000000080001678                putPartialToFull(kmem_cache_s*)
                0x00000000800016d0                putEmptyToPartial(kmem_cache_s*)
                0x0000000080001728                removeFullSlab(kmem_cache_s*, slab_s*)
                0x0000000080001780                removePartialSlab(kmem_cache_s*, slab_s*)
                0x00000000800017d8                allocateSlab(kmem_cache_s*)
                0x00000000800018c0                getOptimalSlabSize(unsigned long)
                0x0000000080001938                findSlab(kmem_cache_s*, void const*)
                0x00000000800019c8                resetAllocatedIndex(slab_s*, int)
                0x0000000080001a14                printSlabInfo(slab_s*)
                0x0000000080001ab0                free_slab_object(slab_s*, void const*)
                0x0000000080001be4                kmem_cache_alloc(kmem_cache_s*)
                0x0000000080001d1c                kmem_cache_create(char const*, unsigned long, void (*)(void*), void (*)(void*))
                0x0000000080001dc0                kmem_init(void*, int)
                0x0000000080001e24                kmem_cache_free(kmem_cache_s*, void*)
                0x0000000080001e74                bigCacheKmalloc(kmem_cache_s*)
                0x0000000080002044                big_kfree(slab_s*, void const*)
                0x00000000800020d0                kmem_cache_info(kmem_cache_s*)
                0x000000008000222c                printSlabAllocatorInfo()
                0x0000000080002314                kmalloc(unsigned long)
                0x0000000080002494                kfree(void const*)
                0x000000008000251c                kmem_cache_destroy(kmem_cache_s*)
                0x00000000800025a4                kmem_cache_shrink(kmem_cache_s*)
                0x00000000800025dc                shrink_caches_on_slab(slab_s*)
                0x0000000080002658                shrink_all_caches()
                0x00000000800026e0                kmem_cache_error(kmem_cache_s*)
 .text          0x0000000080002760      0x5e8 build/src/kernel/PCB.o
                0x0000000080002760                PCB::runner()
                0x00000000800027a4                PCB::PCB(void (*)(void*), void*, void*, unsigned long)
                0x00000000800027a4                PCB::PCB(void (*)(void*), void*, void*, unsigned long)
                0x00000000800027f4                PCB::start()
                0x000000008000281c                PCB::dispatch()
                0x00000000800028a8                PCB::operator new(unsigned long)
                0x00000000800028dc                PCB::operator delete(void*)
                0x0000000080002914                PCB::~PCB()
                0x0000000080002914                PCB::~PCB()
                0x0000000080002940                PCB::initialize()
                0x0000000080002a68                PCB::isFinished()
                0x0000000080002a8c                PCB::threadExitHandler()
                0x0000000080002ad8                PCB::threadDispatchHandler()
                0x0000000080002b08                PCB::threadSleepHandler()
                0x0000000080002b6c                PCB::threadCreateHandler()
                0x0000000080002c10                PCB::threadStartHandler()
                0x0000000080002c54                PCB::threadMakePCBHandler()
                0x0000000080002cec                PCB::threadDelPCBHandler()
 .text          0x0000000080002d48      0x6ac build/src/kernel/buddyAllocator.o
                0x0000000080002d48                getBlockAddr(unsigned long)
                0x0000000080002d68                getNextBlockAddr(unsigned long)
                0x0000000080002d98                getDeg2Floor(unsigned long)
                0x0000000080002dcc                getDeg2Ceil(unsigned long)
                0x0000000080002e00                addBlockToLevel(void*, unsigned long)
                0x0000000080002e68                getBuddyBlockAddr(void*, unsigned long)
                0x0000000080002eac                addBlocks(void*, unsigned long)
                0x0000000080002fd8                printBuddyInfo()
                0x0000000080003108                getBuddy()
                0x0000000080003128                split(void*, unsigned long, unsigned long, bool)
                0x00000000800031bc                buddy_init(void*, unsigned long)
                0x00000000800032b0                buddy_alloc(unsigned long)
                0x0000000080003384                buddy_free(void*, unsigned long)
 .text          0x00000000800033f4      0x628 build/src/kernel/KConsole.o
                0x00000000800033f4                KConsole::initialize()
                0x00000000800034d0                KConsole::putCharacterInput(char)
                0x000000008000354c                KConsole::getCharactersFromConsole()
                0x00000000800035b8                KConsole::getCharacterInput()
                0x0000000080003628                KConsole::putCharacterOutput(char)
                0x00000000800036b0                KConsole::getCharacterOutput()
                0x0000000080003720                KConsole::putcHandler()
                0x0000000080003750                KConsole::getcHandler()
                0x00000000800037dc                KConsole::outputBufferEmpty()
                0x0000000080003800                KConsole::sendCharactersToConsole(void*)
                0x00000000800038ac                KConsole::getCharHandler()
                0x00000000800038e0                KConsole::trapPrintString(char const*)
                0x0000000080003924                KConsole::trapPrintInt(unsigned long, int, int)
                0x00000000800039b8                KConsole::trapPrintStringInt(char const*, unsigned long, int)
 .text          0x0000000080003a1c       0xf4 build/src/kernel/SleepPCBList.o
                0x0000000080003a1c                SleepPCBList::insertSleepingPCB()
                0x0000000080003a88                SleepPCBList::tryToWakePCBs()
 .text          0x0000000080003b10      0x188 build/src/kernel/Scheduler.o
                0x0000000080003b10                Scheduler::operator new(unsigned long)
                0x0000000080003b38                Scheduler::operator delete(void*)
                0x0000000080003b60                Scheduler::getSize()
                0x0000000080003b98                Scheduler::put(PCB*)
                0x0000000080003bec                Scheduler::get()
                0x0000000080003c38                Scheduler::print()
 .text          0x0000000080003c98       0x28 build/src/kernel/main.o
                0x0000000080003c98                main
 .text          0x0000000080003cc0      0x2a4 build/src/kernel/buddyTests.o
                0x0000000080003cc0                buddyInitTest1()
                0x0000000080003ce8                buddyOnlyAllocsTest1()
                0x0000000080003d60                buddyOnlyAllocsTest2()
                0x0000000080003d9c                buddyAllocFreeTest1()
                0x0000000080003e8c                buddyTestMixa()
 .text          0x0000000080003f64      0x95c build/src/kernel/Riscv.o
                0x0000000080003f64                Riscv::enableInterrupts()
                0x0000000080003f84                Riscv::disableInterrupts()
                0x0000000080003fa4                Riscv::endSystem()
                0x0000000080004038                Riscv::popSppSpie()
                0x0000000080004090                Riscv::setVirtualAddr(unsigned long, unsigned long, unsigned long)
                0x00000000800041e4                Riscv::setVirtualAddrRange(unsigned long, unsigned long, int)
                0x000000008000424c                Riscv::initSystem()
                0x00000000800044e4                Riscv::kernelMain()
                0x000000008000455c                Riscv::disableTimerInterrupts()
                0x000000008000457c                Riscv::w_a0_sscratch()
                0x00000000800045b4                Riscv::changePrivMode()
                0x00000000800045f4                Riscv::handleSupervisorTrap()
 .text          0x00000000800048c0      0x4c0 build/src/kernel/MemoryAllocator.o
                0x00000000800048c0                MemoryAllocator::initMemory(void*)
                0x000000008000491c                MemoryAllocator::insertAllFragment(void*, unsigned long, void*)
                0x000000008000498c                MemoryAllocator::insertNewAllocatedFragment(void*, unsigned long)
                0x00000000800049f0                MemoryAllocator::tryToAllocateFragment(unsigned long)
                0x0000000080004afc                MemoryAllocator::mem_alloc(unsigned long)
                0x0000000080004b24                MemoryAllocator::insertNewFreeSegment(void*, unsigned long)
                0x0000000080004bec                MemoryAllocator::tryToFreeSegment(void*)
                0x0000000080004c88                MemoryAllocator::mem_free(void*)
                0x0000000080004cb0                MemoryAllocator::kmalloc(unsigned long)
                0x0000000080004cd8                MemoryAllocator::memAllocHandler()
                0x0000000080004d20                MemoryAllocator::kfree(void*)
                0x0000000080004d48                MemoryAllocator::memFreeHandler()
 .text          0x0000000080004d80      0x6fc build/src/kernel/slabTests.o
                0x0000000080004d80                slabInitTest()
                0x0000000080004db8                slabCacheCreateTest()
                0x0000000080004e70                slabCacheCreateTest2()
                0x0000000080004f0c                testKmalloc()
                0x0000000080005028                testKmalloc2()
                0x00000000800050e0                memset(void const*, int, int)
                0x0000000080005110                construct(void*)
                0x0000000080005140                check(void*, unsigned long)
                0x0000000080005188                work(void*)
                0x0000000080005388                runs(void (*)(void*), data_s*, int)
                0x0000000080005400                testOS2()
 .text          0x000000008000547c      0x438 build/src/kernel/KSemaphore.o
                0x000000008000547c                KSemaphore::KSemaphore(int)
                0x000000008000547c                KSemaphore::KSemaphore(int)
                0x00000000800054a0                KSemaphore::addToBlocked(PCB*)
                0x00000000800054dc                KSemaphore::block()
                0x0000000080005520                KSemaphore::wait()
                0x0000000080005578                KSemaphore::getFirstBlocked()
                0x0000000080005594                KSemaphore::removeFirstBlocked()
                0x00000000800055d0                KSemaphore::~KSemaphore()
                0x00000000800055d0                KSemaphore::~KSemaphore()
                0x000000008000563c                KSemaphore::unblock()
                0x0000000080005698                KSemaphore::signal()
                0x00000000800056e0                KSemaphore::operator new(unsigned long)
                0x0000000080005714                KSemaphore::semOpenHandler()
                0x0000000080005790                KSemaphore::operator delete(void*)
                0x00000000800057c8                KSemaphore::semWaitHandler()
                0x000000008000581c                KSemaphore::semSignalHandler()
                0x0000000080005860                KSemaphore::semCloseHandler()
 .text          0x00000000800058b4        0x0 ./lib/hw.lib(entry.o)
 .text          0x00000000800058b4      0x18c ./lib/hw.lib(start.o)
                0x00000000800058b4                start
                0x00000000800059b4                timerinit
 .text          0x0000000080005a40       0xd8 ./lib/hw.lib(main.o)
                0x0000000080005a40                system_main
 .text          0x0000000080005b18      0x100 ./lib/hw.lib(proc.o)
                0x0000000080005b18                cpuid
                0x0000000080005b38                mycpu
                0x0000000080005b68                userinit
                0x0000000080005b84                either_copyout
                0x0000000080005bd0                either_copyin
 .text          0x0000000080005c18      0x32c ./lib/hw.lib(trap.o)
                0x0000000080005c18                trapinit
                0x0000000080005c44                trapinithart
                0x0000000080005c68                usertrap
                0x0000000080005c80                usertrapret
                0x0000000080005c98                kerneltrap
                0x0000000080005de0                clockintr
                0x0000000080005e38                devintr
 *fill*         0x0000000080005f44        0xc 
 .text          0x0000000080005f50      0x150 ./lib/hw.lib(kernelvec.o)
                0x0000000080005f50                kernelvec
                0x0000000080006060                timervec
 .text          0x00000000800060a0       0xf0 ./lib/hw.lib(plic.o)
                0x00000000800060a0                plicinit
                0x00000000800060c8                plicinithart
                0x0000000080006114                plic_claim
                0x000000008000614c                plic_complete
 .text          0x0000000080006190        0x0 ./lib/hw.lib(support_cpp.o)
 .text          0x0000000080006190        0x0 ./lib/hw.lib(hw.o)
 .text          0x0000000080006190      0x36c ./lib/hw.lib(console.o)
                0x0000000080006190                consolewrite
                0x0000000080006234                consoleread
                0x0000000080006374                consputc
                0x00000000800063c4                consoleintr
                0x0000000080006458                consoleinit
                0x00000000800064bc                console_read
                0x00000000800064dc                console_write
 .text          0x00000000800064fc      0x738 ./lib/hw.lib(printf.o)
                0x00000000800064fc                panic
                0x0000000080006558                __printf
                0x0000000080006bec                printfinit
 .text          0x0000000080006c34      0x344 ./lib/hw.lib(uart.o)
                0x0000000080006c34                uartinit
                0x0000000080006c78                uartputc
                0x0000000080006d70                uartputc_sync
                0x0000000080006db4                uartstart
                0x0000000080006e28                uartgetc
                0x0000000080006e60                uartintr
 .text          0x0000000080006f78      0x290 ./lib/hw.lib(kalloc.o)
                0x0000000080006f78                kinit
                0x0000000080007050                freerange
                0x0000000080007130                kfree
                0x00000000800071b0                kalloc
 .text          0x0000000080007208      0x3e0 ./lib/hw.lib(spinlock.o)
                0x0000000080007208                initlock
                0x000000008000722c                acquire
                0x00000000800072f8                release
                0x00000000800073c0                holding
                0x000000008000740c                push_off
                0x0000000080007480                pop_off
                0x00000000800074fc                push_on
                0x0000000080007570                pop_on
 .text          0x00000000800075e8      0x394 ./lib/hw.lib(string.o)
                0x00000000800075e8                __memset
                0x0000000080007804                __memmove
                0x0000000080008000                . = ALIGN (0x1000)
 *fill*         0x000000008000797c      0x684 
                0x0000000080008000                PROVIDE (kernelDataStart = .)

.rodata         0x0000000080008000      0x787
                0x0000000080008000                . = ALIGN (0x10)
 EXCLUDE_FILE(build/src/user/*) *(.srodata .srodata.*)
 .srodata       0x0000000080008000       0x18 ./lib/hw.lib(hw.o)
                0x0000000080008000                CONSOLE_RX_DATA
                0x0000000080008008                CONSOLE_TX_DATA
                0x0000000080008010                CONSOLE_STATUS
                0x0000000080008020                . = ALIGN (0x10)
 *fill*         0x0000000080008018        0x8 
 EXCLUDE_FILE(build/src/user/*) *(.rodata .rodata.*)
 .rodata.str1.8
                0x0000000080008020      0x256 build/src/kernel/slabAllocator.o
                                        0x25e (size before relaxing)
 *fill*         0x0000000080008276        0x2 
 .rodata.str1.8
                0x0000000080008278       0xee build/src/kernel/buddyAllocator.o
                                         0xf6 (size before relaxing)
 *fill*         0x0000000080008366        0x2 
 .rodata.str1.8
                0x0000000080008368       0x11 build/src/kernel/KConsole.o
                                         0x1a (size before relaxing)
 .rodata.str1.8
                0x0000000080008379        0x2 build/src/kernel/Scheduler.o
 *fill*         0x0000000080008379        0x7 
 .rodata.str1.8
                0x0000000080008380       0x10 build/src/kernel/buddyTests.o
 .rodata.str1.8
                0x0000000080008390       0x32 build/src/kernel/Riscv.o
 *fill*         0x00000000800083c2        0x2 
 .rodata        0x00000000800083c4      0x150 build/src/kernel/Riscv.o
 *fill*         0x0000000080008514        0x4 
 .rodata.str1.8
                0x0000000080008518       0x9d build/src/kernel/slabTests.o
 *fill*         0x00000000800085b5        0x3 
 .rodata.str1.8
                0x00000000800085b8       0x51 ./lib/hw.lib(main.o)
                                         0x59 (size before relaxing)
 *fill*         0x0000000080008609        0x7 
 .rodata.str1.8
                0x0000000080008610       0x4b ./lib/hw.lib(proc.o)
 *fill*         0x000000008000865b        0x5 
 .rodata.str1.8
                0x0000000080008660       0x7b ./lib/hw.lib(trap.o)
 *fill*         0x00000000800086db        0x5 
 .rodata.str1.8
                0x00000000800086e0        0x5 ./lib/hw.lib(console.o)
 *fill*         0x00000000800086e5        0x3 
 .rodata.str1.8
                0x00000000800086e8       0x23 ./lib/hw.lib(printf.o)
                                         0x2b (size before relaxing)
 *fill*         0x000000008000870b        0x5 
 .rodata        0x0000000080008710       0x11 ./lib/hw.lib(printf.o)
 *fill*         0x0000000080008721        0x7 
 .rodata.str1.8
                0x0000000080008728        0x6 ./lib/hw.lib(kalloc.o)
 *fill*         0x000000008000872e        0x2 
 .rodata.str1.8
                0x0000000080008730       0x57 ./lib/hw.lib(spinlock.o)

.gcc_except_table
                0x0000000080008787      0x1ed
 .gcc_except_table
                0x0000000080008787        0x4 build/src/kernel/PCB.o
 .gcc_except_table
                0x000000008000878b       0x5f build/src/kernel/KConsole.o
 .gcc_except_table
                0x00000000800087ea        0x4 build/src/kernel/KSemaphore.o
 .gcc_except_table
                0x00000000800087ee       0xa5 build/src/user/test/buffer_CPP_API.o
 .gcc_except_table
                0x0000000080008893       0xd5 build/src/user/test/userMain.o
 .gcc_except_table
                0x0000000080008968        0x4 build/src/user/test/buffer.o
 .gcc_except_table
                0x000000008000896c        0x8 build/src/user/syscall_cpp.o

.data           0x0000000080008978       0x50
                0x0000000080008980                . = ALIGN (0x10)
 *fill*         0x0000000080008978        0x8 
 EXCLUDE_FILE(build/src/user/*) *(.sdata .sdata.*)
 .sdata         0x0000000080008980       0x10 ./lib/hw.lib(hw.o)
                0x0000000080008980                HEAP_END_ADDR
                0x0000000080008988                HEAP_START_ADDR
                0x0000000080008990                . = ALIGN (0x10)
 EXCLUDE_FILE(build/src/user/*) *(.data .data.*)
 .data          0x0000000080008990        0x0 build/src/kernel/trap.o
 .data          0x0000000080008990        0x0 build/src/kernel/registersUtil.o
 .data          0x0000000080008990        0x0 build/src/kernel/contextSwitch.o
 .data          0x0000000080008990        0x0 build/src/kernel/syscall_c_kernel.o
 .data          0x0000000080008990        0x0 build/src/kernel/slabAllocator.o
 .data          0x0000000080008990        0x0 build/src/kernel/PCB.o
 .data.rel.local.DW.ref.__gxx_personality_v0
                0x0000000080008990        0x8 build/src/kernel/PCB.o
                0x0000000080008990                DW.ref.__gxx_personality_v0
 .data          0x0000000080008998        0x0 build/src/kernel/buddyAllocator.o
 .data          0x0000000080008998        0x0 build/src/kernel/KConsole.o
 .data          0x0000000080008998        0x0 build/src/kernel/SleepPCBList.o
 .data          0x0000000080008998        0x0 build/src/kernel/Scheduler.o
 .data          0x0000000080008998        0x0 build/src/kernel/main.o
 .data          0x0000000080008998        0x0 build/src/kernel/buddyTests.o
 .data          0x0000000080008998        0x8 build/src/kernel/Riscv.o
                0x0000000080008998                Riscv::programStartAddr
 .data          0x00000000800089a0        0x0 build/src/kernel/MemoryAllocator.o
 .data          0x00000000800089a0        0x0 build/src/kernel/slabTests.o
 .data.rel.ro.local
                0x00000000800089a0       0x28 build/src/kernel/slabTests.o
 .data          0x00000000800089c8        0x0 build/src/kernel/KSemaphore.o
 .data          0x00000000800089c8        0x0 ./lib/hw.lib(entry.o)
 .data          0x00000000800089c8        0x0 ./lib/hw.lib(start.o)
 .data          0x00000000800089c8        0x0 ./lib/hw.lib(main.o)
 .data          0x00000000800089c8        0x0 ./lib/hw.lib(proc.o)
 .data          0x00000000800089c8        0x0 ./lib/hw.lib(trap.o)
 .data          0x00000000800089c8        0x0 ./lib/hw.lib(kernelvec.o)
 .data          0x00000000800089c8        0x0 ./lib/hw.lib(plic.o)
 .data          0x00000000800089c8        0x0 ./lib/hw.lib(support_cpp.o)
 .data          0x00000000800089c8        0x0 ./lib/hw.lib(hw.o)
 .data          0x00000000800089c8        0x0 ./lib/hw.lib(console.o)
 .data          0x00000000800089c8        0x0 ./lib/hw.lib(printf.o)
 .data          0x00000000800089c8        0x0 ./lib/hw.lib(uart.o)
 .data          0x00000000800089c8        0x0 ./lib/hw.lib(kalloc.o)
 .data          0x00000000800089c8        0x0 ./lib/hw.lib(spinlock.o)
 .data          0x00000000800089c8        0x0 ./lib/hw.lib(string.o)

.got            0x00000000800089c8       0xc8
 .got           0x00000000800089c8       0xc8 build/src/kernel/trap.o
                0x00000000800089c8                _GLOBAL_OFFSET_TABLE_

.got.plt        0x0000000080008a90       0x10
 .got.plt       0x0000000080008a90       0x10 build/src/kernel/trap.o

.bss            0x0000000080008aa0     0x1390
                0x0000000080008aa0                . = ALIGN (0x10)
 EXCLUDE_FILE(build/src/user/*) *(.sbss .sbss.*)
 .sbss          0x0000000080008aa0        0x4 ./lib/hw.lib(main.o)
 .sbss          0x0000000080008aa4        0x4 ./lib/hw.lib(trap.o)
                0x0000000080008aa4                ticks
 .sbss          0x0000000080008aa8        0x4 ./lib/hw.lib(printf.o)
                0x0000000080008aa8                panicked
 *fill*         0x0000000080008aac        0x4 
 .sbss          0x0000000080008ab0       0x10 ./lib/hw.lib(uart.o)
                0x0000000080008ab0                uart_tx_r
                0x0000000080008ab8                uart_tx_w
 .sbss          0x0000000080008ac0        0x8 ./lib/hw.lib(kalloc.o)
                0x0000000080008ac0                kmem
                0x0000000080008ad0                . = ALIGN (0x10)
 *fill*         0x0000000080008ac8        0x8 
 EXCLUDE_FILE(build/src/user/*) *(.bss .bss.*)
 .bss           0x0000000080008ad0        0x0 build/src/kernel/trap.o
 .bss           0x0000000080008ad0        0x0 build/src/kernel/registersUtil.o
 .bss           0x0000000080008ad0        0x0 build/src/kernel/contextSwitch.o
 .bss           0x0000000080008ad0        0x0 build/src/kernel/syscall_c_kernel.o
 .bss           0x0000000080008ad0       0x10 build/src/kernel/slabAllocator.o
 .bss           0x0000000080008ae0       0x28 build/src/kernel/PCB.o
                0x0000000080008ae0                PCB::running
                0x0000000080008ae8                PCB::consolePCB
                0x0000000080008af0                PCB::userPCB
                0x0000000080008af8                PCB::timeSliceCounter
                0x0000000080008b00                PCB::savedRegA4
 .bss           0x0000000080008b08        0x8 build/src/kernel/buddyAllocator.o
 .bss           0x0000000080008b10       0x51 build/src/kernel/KConsole.o
                0x0000000080008b10                KConsole::hasCharactersInput
                0x0000000080008b18                KConsole::hasCharactersOutput
                0x0000000080008b20                KConsole::inputBuffer
                0x0000000080008b28                KConsole::outputBuffer
                0x0000000080008b30                KConsole::inputTail
                0x0000000080008b38                KConsole::inputHead
                0x0000000080008b40                KConsole::pendingGetc
                0x0000000080008b48                KConsole::outputTail
                0x0000000080008b50                KConsole::outputHead
                0x0000000080008b58                KConsole::pendingPutc
                0x0000000080008b60                KConsole::finished
 *fill*         0x0000000080008b61        0x7 
 .bss           0x0000000080008b68        0x8 build/src/kernel/SleepPCBList.o
                0x0000000080008b68                SleepPCBList::sleepingPCBHead
 .bss           0x0000000080008b70       0x10 build/src/kernel/Scheduler.o
                0x0000000080008b70                Scheduler::schedulerPCBHead
                0x0000000080008b78                Scheduler::schedulerPCBTail
 .bss           0x0000000080008b80        0x0 build/src/kernel/main.o
 .bss           0x0000000080008b80        0x0 build/src/kernel/buddyTests.o
 .bss           0x0000000080008b80       0x30 build/src/kernel/Riscv.o
                0x0000000080008b80                Riscv::finishSystem
                0x0000000080008b88                Riscv::mainPMT
                0x0000000080008b90                Riscv::pcbCache
                0x0000000080008b98                Riscv::semaphoreCache
                0x0000000080008ba0                Riscv::kernelMainCalled
                0x0000000080008ba8                Riscv::totalTime
 .bss           0x0000000080008bb0       0x18 build/src/kernel/MemoryAllocator.o
                0x0000000080008bb0                MemoryAllocator::memoryInitiliaized
                0x0000000080008bb8                MemoryAllocator::headAllocated
                0x0000000080008bc0                MemoryAllocator::headFree
 .bss           0x0000000080008bc8        0x0 build/src/kernel/slabTests.o
 .bss           0x0000000080008bc8        0x0 build/src/kernel/KSemaphore.o
 .bss           0x0000000080008bc8        0x0 ./lib/hw.lib(entry.o)
 *fill*         0x0000000080008bc8        0x8 
 .bss           0x0000000080008bd0     0x1030 ./lib/hw.lib(start.o)
                0x0000000080008bd0                timer_scratch
                0x0000000080008c00                stack0
 .bss           0x0000000080009c00        0x0 ./lib/hw.lib(main.o)
 .bss           0x0000000080009c00       0x80 ./lib/hw.lib(proc.o)
                0x0000000080009c00                cpus
 .bss           0x0000000080009c80       0x18 ./lib/hw.lib(trap.o)
                0x0000000080009c80                tickslock
 .bss           0x0000000080009c98        0x0 ./lib/hw.lib(kernelvec.o)
 .bss           0x0000000080009c98        0x0 ./lib/hw.lib(plic.o)
 .bss           0x0000000080009c98       0x10 ./lib/hw.lib(support_cpp.o)
                0x0000000080009c98                _Unwind_Resume
                0x0000000080009ca0                __gxx_personality_v0
 .bss           0x0000000080009ca8        0x0 ./lib/hw.lib(hw.o)
 .bss           0x0000000080009ca8      0x148 ./lib/hw.lib(console.o)
                0x0000000080009ca8                cons
                0x0000000080009d50                devsw
 .bss           0x0000000080009df0       0x20 ./lib/hw.lib(printf.o)
 .bss           0x0000000080009e10       0x20 ./lib/hw.lib(uart.o)
                0x0000000080009e10                uart_tx_buf
 .bss           0x0000000080009e30        0x0 ./lib/hw.lib(kalloc.o)
 .bss           0x0000000080009e30        0x0 ./lib/hw.lib(spinlock.o)
 .bss           0x0000000080009e30        0x0 ./lib/hw.lib(string.o)

.eh_frame       0x0000000080009e30     0x19b0
 EXCLUDE_FILE(build/src/user/*) *(.eh_frame .eh_frame.*)
 .eh_frame      0x0000000080009e30       0x80 build/src/kernel/syscall_c_kernel.o
 .eh_frame      0x0000000080009eb0      0x6a0 build/src/kernel/slabAllocator.o
                                        0x6b0 (size before relaxing)
 .eh_frame      0x000000008000a550      0x2e0 build/src/kernel/PCB.o
                                        0x2f8 (size before relaxing)
 .eh_frame      0x000000008000a830      0x240 build/src/kernel/buddyAllocator.o
                                        0x250 (size before relaxing)
 .eh_frame      0x000000008000aa70      0x260 build/src/kernel/KConsole.o
                                        0x290 (size before relaxing)
 .eh_frame      0x000000008000acd0       0x58 build/src/kernel/SleepPCBList.o
                                         0x68 (size before relaxing)
 .eh_frame      0x000000008000ad28       0xf0 build/src/kernel/Scheduler.o
                                        0x108 (size before relaxing)
 .eh_frame      0x000000008000ae18       0x28 build/src/kernel/main.o
                                         0x40 (size before relaxing)
 .eh_frame      0x000000008000ae40       0xe8 build/src/kernel/buddyTests.o
                                         0xf8 (size before relaxing)
 .eh_frame      0x000000008000af28      0x220 build/src/kernel/Riscv.o
                                        0x238 (size before relaxing)
 .eh_frame      0x000000008000b148      0x200 build/src/kernel/MemoryAllocator.o
                                        0x210 (size before relaxing)
 .eh_frame      0x000000008000b348      0x218 build/src/kernel/slabTests.o
                                        0x230 (size before relaxing)
 .eh_frame      0x000000008000b560      0x280 build/src/kernel/KSemaphore.o
                                        0x2b0 (size before relaxing)

.rela.dyn       0x000000008000b7e0        0x0
 .rela.got      0x000000008000b7e0        0x0 build/src/kernel/trap.o
 .rela.text     0x000000008000b7e0        0x0 build/src/kernel/trap.o
 .rela.text._ZN19ConsumerProducerCPP8ConsumerD2Ev
                0x000000008000b7e0        0x0 build/src/kernel/trap.o
 .rela.text._ZN19ConsumerProducerCPP8ConsumerD0Ev
                0x000000008000b7e0        0x0 build/src/kernel/trap.o
 .rela.text._ZN19ConsumerProducerCPP16ProducerKeyboradD2Ev
                0x000000008000b7e0        0x0 build/src/kernel/trap.o
 .rela.text._ZN19ConsumerProducerCPP16ProducerKeyboradD0Ev
                0x000000008000b7e0        0x0 build/src/kernel/trap.o
 .rela.text._ZN19ConsumerProducerCPP8ProducerD2Ev
                0x000000008000b7e0        0x0 build/src/kernel/trap.o
 .rela.text._ZN19ConsumerProducerCPP8ProducerD0Ev
                0x000000008000b7e0        0x0 build/src/kernel/trap.o
 .rela.data.rel.ro.local._ZTVN19ConsumerProducerCPP16ProducerKeyboradE
                0x000000008000b7e0        0x0 build/src/kernel/trap.o
 .rela.data.rel.ro.local._ZTVN19ConsumerProducerCPP8ProducerE
                0x000000008000b7e0        0x0 build/src/kernel/trap.o
 .rela.data.rel.ro.local._ZTVN19ConsumerProducerCPP8ConsumerE
                0x000000008000b7e0        0x0 build/src/kernel/trap.o
 .rela.text._ZN14PeriodicThreadD2Ev
                0x000000008000b7e0        0x0 build/src/kernel/trap.o
 .rela.text._ZN14PeriodicThreadD0Ev
                0x000000008000b7e0        0x0 build/src/kernel/trap.o
 .rela.data.rel.ro.local._ZTV14PeriodicThread
                0x000000008000b7e0        0x0 build/src/kernel/trap.o
 .rela.data.rel.ro.local._ZTV6Thread
                0x000000008000b7e0        0x0 build/src/kernel/trap.o
 .rela.sdata    0x000000008000b7e0        0x0 build/src/kernel/trap.o

.user           0x000000008000b7e0     0x36c8
                0x000000008000c000                . = ALIGN (0x1000)
 *fill*         0x000000008000b7e0      0x820 
                0x000000008000c000                PROVIDE (userTextStart = .)
 *(.text .text.*)
 .text          0x000000008000c000       0x20 build/src/user/lock.o
                0x000000008000c000                copy_and_swap
 .text          0x000000008000c020      0x350 build/src/user/syscall_c.o
                0x000000008000c020                mem_alloc(unsigned long)
                0x000000008000c050                mem_free(void*)
                0x000000008000c07c                thread_create(_thread**, void (*)(void*), void*)
                0x000000008000c10c                thread_dispatch()
                0x000000008000c12c                thread_exit()
                0x000000008000c154                sem_open(_sem**, unsigned int)
                0x000000008000c18c                sem_close(_sem*)
                0x000000008000c1b8                sem_wait(_sem*)
                0x000000008000c1e4                sem_signal(_sem*)
                0x000000008000c210                time_sleep(unsigned long)
                0x000000008000c23c                thread_start(void*)
                0x000000008000c268                thread_make_pcb(_thread**, void (*)(void*), void*)
                0x000000008000c2f8                getc()
                0x000000008000c320                putc(char)
                0x000000008000c344                thread_delete_pcb(_thread*)
 .text          0x000000008000c370       0x28 build/src/user/_thread.o
                0x000000008000c370                _thread::operator delete(void*)
 .text          0x000000008000c398      0x2ac build/src/user/test/printing.o
                0x000000008000c398                printString(char const*)
                0x000000008000c414                getString(char*, int)
                0x000000008000c4e0                stringToInt(char const*)
                0x000000008000c530                printInt(int, int, int)
 .text          0x000000008000c644      0x408 build/src/user/test/buffer_CPP_API.o
                0x000000008000c644                BufferCPP::BufferCPP(int)
                0x000000008000c644                BufferCPP::BufferCPP(int)
                0x000000008000c7a8                BufferCPP::put(int)
                0x000000008000c838                BufferCPP::get()
                0x000000008000c8c4                BufferCPP::getCnt()
                0x000000008000c94c                BufferCPP::~BufferCPP()
                0x000000008000c94c                BufferCPP::~BufferCPP()
 .text          0x000000008000ca4c      0x480 build/src/user/test/userMain.o
                0x000000008000ca4c                ConsumerProducerCPP::testConsumerProducer()
                0x000000008000cea4                userMain()
 .text._ZN19ConsumerProducerCPP8Consumer3runEv
                0x000000008000cecc       0xd0 build/src/user/test/userMain.o
                0x000000008000cecc                ConsumerProducerCPP::Consumer::run()
 .text._ZN19ConsumerProducerCPP8ConsumerD2Ev
                0x000000008000cf9c       0x34 build/src/user/test/userMain.o
                0x000000008000cf9c                ConsumerProducerCPP::Consumer::~Consumer()
                0x000000008000cf9c                ConsumerProducerCPP::Consumer::~Consumer()
 .text._ZN19ConsumerProducerCPP8ConsumerD0Ev
                0x000000008000cfd0       0x4c build/src/user/test/userMain.o
                0x000000008000cfd0                ConsumerProducerCPP::Consumer::~Consumer()
 .text._ZN19ConsumerProducerCPP16ProducerKeyboradD2Ev
                0x000000008000d01c       0x34 build/src/user/test/userMain.o
                0x000000008000d01c                ConsumerProducerCPP::ProducerKeyborad::~ProducerKeyborad()
                0x000000008000d01c                ConsumerProducerCPP::ProducerKeyborad::~ProducerKeyborad()
 .text._ZN19ConsumerProducerCPP16ProducerKeyboradD0Ev
                0x000000008000d050       0x4c build/src/user/test/userMain.o
                0x000000008000d050                ConsumerProducerCPP::ProducerKeyborad::~ProducerKeyborad()
 .text._ZN19ConsumerProducerCPP8ProducerD2Ev
                0x000000008000d09c       0x34 build/src/user/test/userMain.o
                0x000000008000d09c                ConsumerProducerCPP::Producer::~Producer()
                0x000000008000d09c                ConsumerProducerCPP::Producer::~Producer()
 .text._ZN19ConsumerProducerCPP8ProducerD0Ev
                0x000000008000d0d0       0x4c build/src/user/test/userMain.o
                0x000000008000d0d0                ConsumerProducerCPP::Producer::~Producer()
 .text._ZN19ConsumerProducerCPP16ProducerKeyborad3runEv
                0x000000008000d11c       0x84 build/src/user/test/userMain.o
                0x000000008000d11c                ConsumerProducerCPP::ProducerKeyborad::run()
 .text._ZN19ConsumerProducerCPP8Producer3runEv
                0x000000008000d1a0       0x94 build/src/user/test/userMain.o
                0x000000008000d1a0                ConsumerProducerCPP::Producer::run()
 .text          0x000000008000d234      0x320 build/src/user/test/buffer.o
                0x000000008000d234                Buffer::Buffer(int)
                0x000000008000d234                Buffer::Buffer(int)
                0x000000008000d2d0                Buffer::put(int)
                0x000000008000d360                Buffer::get()
                0x000000008000d3ec                Buffer::getCnt()
                0x000000008000d474                Buffer::~Buffer()
                0x000000008000d474                Buffer::~Buffer()
 .text          0x000000008000d554      0x448 build/src/user/syscall_cpp.o
                0x000000008000d554                Thread::runner(void*)
                0x000000008000d580                Thread::~Thread()
                0x000000008000d580                Thread::~Thread()
                0x000000008000d5c0                Semaphore::~Semaphore()
                0x000000008000d5c0                Semaphore::~Semaphore()
                0x000000008000d600                operator new(unsigned long)
                0x000000008000d628                operator delete(void*)
                0x000000008000d650                Thread::~Thread()
                0x000000008000d690                Semaphore::~Semaphore()
                0x000000008000d6d0                Thread::start()
                0x000000008000d708                Thread::dispatch()
                0x000000008000d730                Thread::sleep(unsigned long)
                0x000000008000d758                PeriodicThread::runner(void*)
                0x000000008000d798                Thread::Thread(void (*)(void*), void*)
                0x000000008000d798                Thread::Thread(void (*)(void*), void*)
                0x000000008000d7d4                Thread::Thread()
                0x000000008000d7d4                Thread::Thread()
                0x000000008000d81c                Semaphore::wait()
                0x000000008000d854                Semaphore::Semaphore(unsigned int)
                0x000000008000d854                Semaphore::Semaphore(unsigned int)
                0x000000008000d8a0                Semaphore::signal()
                0x000000008000d8d8                Console::getc()
                0x000000008000d900                Console::putc(char)
                0x000000008000d928                PeriodicThread::PeriodicThread(unsigned long)
                0x000000008000d928                PeriodicThread::PeriodicThread(unsigned long)
 .text._ZN6Thread3runEv
                0x000000008000d99c       0x18 build/src/user/syscall_cpp.o
                0x000000008000d99c                Thread::run()
 .text._ZN14PeriodicThread18periodicActivationEv
                0x000000008000d9b4       0x18 build/src/user/syscall_cpp.o
                0x000000008000d9b4                PeriodicThread::periodicActivation()
 .text._ZN14PeriodicThreadD2Ev
                0x000000008000d9cc       0x34 build/src/user/syscall_cpp.o
                0x000000008000d9cc                PeriodicThread::~PeriodicThread()
                0x000000008000d9cc                PeriodicThread::~PeriodicThread()
 .text._ZN14PeriodicThreadD0Ev
                0x000000008000da00       0x4c build/src/user/syscall_cpp.o
                0x000000008000da00                PeriodicThread::~PeriodicThread()
 .text          0x000000008000da4c       0x5c build/src/user/PCBWrapperUser.o
                0x000000008000da4c                PCBWrapperUser::userMainWrapper(void*)
                0x000000008000da74                PCBWrapperUser::wrapperUser(void (*)(void*), void*)
 .text          0x000000008000daa8       0x28 build/src/user/_sem.o
                0x000000008000daa8                _sem::operator delete(void*)
                0x000000008000e000                . = ALIGN (0x1000)
 *fill*         0x000000008000dad0      0x530 
                0x000000008000e000                PROVIDE (userDataStart = .)
 *(.srodata .srodata.*)
 *(.rodata .rodata.*)
 .rodata.str1.8
                0x000000008000e000       0x11 build/src/user/test/buffer_CPP_API.o
 *fill*         0x000000008000e011        0x7 
 .rodata.str1.8
                0x000000008000e018       0xe3 build/src/user/test/userMain.o
 .rodata.str1.8
                0x000000008000e0fb       0x11 build/src/user/test/buffer.o
 *(.sdata .sdata.*)
 *(.data .data.*)
 .data          0x000000008000e0fb        0x0 build/src/user/lock.o
 .data          0x000000008000e0fb        0x0 build/src/user/syscall_c.o
 .data          0x000000008000e0fb        0x0 build/src/user/_thread.o
 *fill*         0x000000008000e0fb        0x5 
 .data          0x000000008000e100       0x11 build/src/user/test/printing.o
                0x000000008000e100                digits
 .data          0x000000008000e111        0x0 build/src/user/test/buffer_CPP_API.o
 .data          0x000000008000e111        0x0 build/src/user/test/userMain.o
 *fill*         0x000000008000e111        0x7 
 .data.rel.ro.local._ZTVN19ConsumerProducerCPP16ProducerKeyboradE
                0x000000008000e118       0x28 build/src/user/test/userMain.o
                0x000000008000e118                vtable for ConsumerProducerCPP::ProducerKeyborad
 .data.rel.ro.local._ZTVN19ConsumerProducerCPP8ProducerE
                0x000000008000e140       0x28 build/src/user/test/userMain.o
                0x000000008000e140                vtable for ConsumerProducerCPP::Producer
 .data.rel.ro.local._ZTVN19ConsumerProducerCPP8ConsumerE
                0x000000008000e168       0x28 build/src/user/test/userMain.o
                0x000000008000e168                vtable for ConsumerProducerCPP::Consumer
 .data          0x000000008000e190        0x0 build/src/user/test/buffer.o
 .data          0x000000008000e190        0x0 build/src/user/syscall_cpp.o
 .data.rel.ro.local._ZTV14PeriodicThread
                0x000000008000e190       0x30 build/src/user/syscall_cpp.o
                0x000000008000e190                vtable for PeriodicThread
 .data.rel.ro.local._ZTV6Thread
                0x000000008000e1c0       0x28 build/src/user/syscall_cpp.o
                0x000000008000e1c0                vtable for Thread
 .data.rel.ro.local._ZTV9Semaphore
                0x000000008000e1e8       0x20 build/src/user/syscall_cpp.o
                0x000000008000e1e8                vtable for Semaphore
 .data          0x000000008000e208        0x0 build/src/user/PCBWrapperUser.o
 .data          0x000000008000e208        0x0 build/src/user/_sem.o
 *(.sbss .sbss.*)
 *(.bss .bss.*)
 .bss           0x000000008000e208        0x0 build/src/user/lock.o
 .bss           0x000000008000e208        0x0 build/src/user/syscall_c.o
 .bss           0x000000008000e208        0x0 build/src/user/_thread.o
 .bss           0x000000008000e208        0x8 build/src/user/test/printing.o
                0x000000008000e208                lockPrint
 .bss           0x000000008000e210        0x0 build/src/user/test/buffer_CPP_API.o
 .bss           0x000000008000e210       0x10 build/src/user/test/userMain.o
                0x000000008000e210                ConsumerProducerCPP::threadEnd
                0x000000008000e218                ConsumerProducerCPP::waitForAll
 .bss           0x000000008000e220        0x0 build/src/user/test/buffer.o
 .bss           0x000000008000e220        0x0 build/src/user/syscall_cpp.o
 .bss           0x000000008000e220        0x0 build/src/user/PCBWrapperUser.o
 .bss           0x000000008000e220        0x0 build/src/user/_sem.o
 *(.eh_frame .eh_frame.*)
 .eh_frame      0x000000008000e220      0x258 build/src/user/syscall_c.o
 .eh_frame      0x000000008000e478       0x40 build/src/user/_thread.o
 .eh_frame      0x000000008000e4b8       0xd0 build/src/user/test/printing.o
 .eh_frame      0x000000008000e588      0x130 build/src/user/test/buffer_CPP_API.o
 .eh_frame      0x000000008000e6b8      0x240 build/src/user/test/userMain.o
 .eh_frame      0x000000008000e8f8      0x128 build/src/user/test/buffer.o
 .eh_frame      0x000000008000ea20      0x3e0 build/src/user/syscall_cpp.o
 .eh_frame      0x000000008000ee00       0x68 build/src/user/PCBWrapperUser.o
 .eh_frame      0x000000008000ee68       0x40 build/src/user/_sem.o
                0x000000008000f000                . = ALIGN (0x1000)
                0x000000008000f000                PROVIDE (end = .)
LOAD build/src/kernel/trap.o
LOAD build/src/kernel/registersUtil.o
LOAD build/src/kernel/contextSwitch.o
LOAD build/src/user/lock.o
LOAD build/src/kernel/syscall_c_kernel.o
LOAD build/src/kernel/slabAllocator.o
LOAD build/src/kernel/PCB.o
LOAD build/src/kernel/buddyAllocator.o
LOAD build/src/kernel/KConsole.o
LOAD build/src/kernel/SleepPCBList.o
LOAD build/src/kernel/Scheduler.o
LOAD build/src/kernel/main.o
LOAD build/src/kernel/buddyTests.o
LOAD build/src/kernel/Riscv.o
LOAD build/src/kernel/MemoryAllocator.o
LOAD build/src/kernel/slabTests.o
LOAD build/src/kernel/KSemaphore.o
LOAD build/src/user/syscall_c.o
LOAD build/src/user/_thread.o
LOAD build/src/user/test/printing.o
LOAD build/src/user/test/buffer_CPP_API.o
LOAD build/src/user/test/userMain.o
LOAD build/src/user/test/buffer.o
LOAD build/src/user/syscall_cpp.o
LOAD build/src/user/PCBWrapperUser.o
LOAD build/src/user/_sem.o
LOAD ./lib/hw.lib
LOAD ./lib/mem.lib
LOAD ./lib/console.lib
LOAD ./lib/hw.lib
LOAD ./lib/mem.lib
LOAD ./lib/console.lib
OUTPUT(kernel elf64-littleriscv)

.debug_line     0x0000000000000000     0x94c5
 .debug_line    0x0000000000000000      0x1dc build/src/kernel/trap.o
 .debug_line    0x00000000000001dc       0x6b build/src/kernel/registersUtil.o
 .debug_line    0x0000000000000247       0x77 build/src/kernel/contextSwitch.o
 .debug_line    0x00000000000002be       0x6c build/src/user/lock.o
 .debug_line    0x000000000000032a      0x149 build/src/kernel/syscall_c_kernel.o
 .debug_line    0x0000000000000473     0x1cd2 build/src/kernel/slabAllocator.o
 .debug_line    0x0000000000002145      0x812 build/src/kernel/PCB.o
 .debug_line    0x0000000000002957      0x909 build/src/kernel/buddyAllocator.o
 .debug_line    0x0000000000003260      0x7fd build/src/kernel/KConsole.o
 .debug_line    0x0000000000003a5d      0x2aa build/src/kernel/SleepPCBList.o
 .debug_line    0x0000000000003d07      0x322 build/src/kernel/Scheduler.o
 .debug_line    0x0000000000004029       0xb8 build/src/kernel/main.o
 .debug_line    0x00000000000040e1      0x412 build/src/kernel/buddyTests.o
 .debug_line    0x00000000000044f3     0x10d2 build/src/kernel/Riscv.o
 .debug_line    0x00000000000055c5      0x9b8 build/src/kernel/MemoryAllocator.o
 .debug_line    0x0000000000005f7d      0x867 build/src/kernel/slabTests.o
 .debug_line    0x00000000000067e4      0x696 build/src/kernel/KSemaphore.o
 .debug_line    0x0000000000006e7a      0x783 build/src/user/syscall_c.o
 .debug_line    0x00000000000075fd       0xb3 build/src/user/_thread.o
 .debug_line    0x00000000000076b0      0x3be build/src/user/test/printing.o
 .debug_line    0x0000000000007a6e      0x59d build/src/user/test/buffer_CPP_API.o
 .debug_line    0x000000000000800b      0x90a build/src/user/test/userMain.o
 .debug_line    0x0000000000008915      0x4a4 build/src/user/test/buffer.o
 .debug_line    0x0000000000008db9      0x54e build/src/user/syscall_cpp.o
 .debug_line    0x0000000000009307      0x111 build/src/user/PCBWrapperUser.o
 .debug_line    0x0000000000009418       0xad build/src/user/_sem.o

.debug_info     0x0000000000000000    0x10da9
 .debug_info    0x0000000000000000       0x2e build/src/kernel/trap.o
 .debug_info    0x000000000000002e       0x2e build/src/kernel/registersUtil.o
 .debug_info    0x000000000000005c       0x2e build/src/kernel/contextSwitch.o
 .debug_info    0x000000000000008a       0x2e build/src/user/lock.o
 .debug_info    0x00000000000000b8      0x1a6 build/src/kernel/syscall_c_kernel.o
 .debug_info    0x000000000000025e     0x23ee build/src/kernel/slabAllocator.o
 .debug_info    0x000000000000264c     0x1358 build/src/kernel/PCB.o
 .debug_info    0x00000000000039a4     0x11a7 build/src/kernel/buddyAllocator.o
 .debug_info    0x0000000000004b4b     0x1301 build/src/kernel/KConsole.o
 .debug_info    0x0000000000005e4c      0x72a build/src/kernel/SleepPCBList.o
 .debug_info    0x0000000000006576      0xcf7 build/src/kernel/Scheduler.o
 .debug_info    0x000000000000726d      0x4b2 build/src/kernel/main.o
 .debug_info    0x000000000000771f      0xe41 build/src/kernel/buddyTests.o
 .debug_info    0x0000000000008560     0x1c8a build/src/kernel/Riscv.o
 .debug_info    0x000000000000a1ea      0xb38 build/src/kernel/MemoryAllocator.o
 .debug_info    0x000000000000ad22     0x12f3 build/src/kernel/slabTests.o
 .debug_info    0x000000000000c015     0x105c build/src/kernel/KSemaphore.o
 .debug_info    0x000000000000d071      0x6d1 build/src/user/syscall_c.o
 .debug_info    0x000000000000d742      0x18f build/src/user/_thread.o
 .debug_info    0x000000000000d8d1      0x440 build/src/user/test/printing.o
 .debug_info    0x000000000000dd11      0x75f build/src/user/test/buffer_CPP_API.o
 .debug_info    0x000000000000e470     0x1126 build/src/user/test/userMain.o
 .debug_info    0x000000000000f596      0x67d build/src/user/test/buffer.o
 .debug_info    0x000000000000fc13      0xde8 build/src/user/syscall_cpp.o
 .debug_info    0x00000000000109fb      0x21f build/src/user/PCBWrapperUser.o
 .debug_info    0x0000000000010c1a      0x18f build/src/user/_sem.o

.debug_abbrev   0x0000000000000000     0x3d32
 .debug_abbrev  0x0000000000000000       0x14 build/src/kernel/trap.o
 .debug_abbrev  0x0000000000000014       0x14 build/src/kernel/registersUtil.o
 .debug_abbrev  0x0000000000000028       0x14 build/src/kernel/contextSwitch.o
 .debug_abbrev  0x000000000000003c       0x14 build/src/user/lock.o
 .debug_abbrev  0x0000000000000050       0xcc build/src/kernel/syscall_c_kernel.o
 .debug_abbrev  0x000000000000011c      0x408 build/src/kernel/slabAllocator.o
 .debug_abbrev  0x0000000000000524      0x3f7 build/src/kernel/PCB.o
 .debug_abbrev  0x000000000000091b      0x392 build/src/kernel/buddyAllocator.o
 .debug_abbrev  0x0000000000000cad      0x39f build/src/kernel/KConsole.o
 .debug_abbrev  0x000000000000104c      0x2d2 build/src/kernel/SleepPCBList.o
 .debug_abbrev  0x000000000000131e      0x3a9 build/src/kernel/Scheduler.o
 .debug_abbrev  0x00000000000016c7      0x15d build/src/kernel/main.o
 .debug_abbrev  0x0000000000001824      0x2e8 build/src/kernel/buddyTests.o
 .debug_abbrev  0x0000000000001b0c      0x46d build/src/kernel/Riscv.o
 .debug_abbrev  0x0000000000001f79      0x274 build/src/kernel/MemoryAllocator.o
 .debug_abbrev  0x00000000000021ed      0x36a build/src/kernel/slabTests.o
 .debug_abbrev  0x0000000000002557      0x431 build/src/kernel/KSemaphore.o
 .debug_abbrev  0x0000000000002988      0x196 build/src/user/syscall_c.o
 .debug_abbrev  0x0000000000002b1e       0xff build/src/user/_thread.o
 .debug_abbrev  0x0000000000002c1d      0x168 build/src/user/test/printing.o
 .debug_abbrev  0x0000000000002d85      0x2a2 build/src/user/test/buffer_CPP_API.o
 .debug_abbrev  0x0000000000003027      0x3f7 build/src/user/test/userMain.o
 .debug_abbrev  0x000000000000341e      0x259 build/src/user/test/buffer.o
 .debug_abbrev  0x0000000000003677      0x480 build/src/user/syscall_cpp.o
 .debug_abbrev  0x0000000000003af7      0x13c build/src/user/PCBWrapperUser.o
 .debug_abbrev  0x0000000000003c33       0xff build/src/user/_sem.o

.debug_aranges  0x0000000000000000      0x5b0
 .debug_aranges
                0x0000000000000000       0x30 build/src/kernel/trap.o
 .debug_aranges
                0x0000000000000030       0x30 build/src/kernel/registersUtil.o
 .debug_aranges
                0x0000000000000060       0x30 build/src/kernel/contextSwitch.o
 .debug_aranges
                0x0000000000000090       0x30 build/src/user/lock.o
 .debug_aranges
                0x00000000000000c0       0x30 build/src/kernel/syscall_c_kernel.o
 .debug_aranges
                0x00000000000000f0       0x30 build/src/kernel/slabAllocator.o
 .debug_aranges
                0x0000000000000120       0x30 build/src/kernel/PCB.o
 .debug_aranges
                0x0000000000000150       0x30 build/src/kernel/buddyAllocator.o
 .debug_aranges
                0x0000000000000180       0x30 build/src/kernel/KConsole.o
 .debug_aranges
                0x00000000000001b0       0x30 build/src/kernel/SleepPCBList.o
 .debug_aranges
                0x00000000000001e0       0x30 build/src/kernel/Scheduler.o
 .debug_aranges
                0x0000000000000210       0x30 build/src/kernel/main.o
 .debug_aranges
                0x0000000000000240       0x30 build/src/kernel/buddyTests.o
 .debug_aranges
                0x0000000000000270       0x30 build/src/kernel/Riscv.o
 .debug_aranges
                0x00000000000002a0       0x30 build/src/kernel/MemoryAllocator.o
 .debug_aranges
                0x00000000000002d0       0x30 build/src/kernel/slabTests.o
 .debug_aranges
                0x0000000000000300       0x30 build/src/kernel/KSemaphore.o
 .debug_aranges
                0x0000000000000330       0x30 build/src/user/syscall_c.o
 .debug_aranges
                0x0000000000000360       0x30 build/src/user/_thread.o
 .debug_aranges
                0x0000000000000390       0x30 build/src/user/test/printing.o
 .debug_aranges
                0x00000000000003c0       0x30 build/src/user/test/buffer_CPP_API.o
 .debug_aranges
                0x00000000000003f0       0xc0 build/src/user/test/userMain.o
 .debug_aranges
                0x00000000000004b0       0x30 build/src/user/test/buffer.o
 .debug_aranges
                0x00000000000004e0       0x70 build/src/user/syscall_cpp.o
 .debug_aranges
                0x0000000000000550       0x30 build/src/user/PCBWrapperUser.o
 .debug_aranges
                0x0000000000000580       0x30 build/src/user/_sem.o

.debug_str      0x0000000000000000     0x3a20
 .debug_str     0x0000000000000000       0x3c build/src/kernel/trap.o
 .debug_str     0x000000000000003c       0x1b build/src/kernel/registersUtil.o
                                         0x45 (size before relaxing)
 .debug_str     0x0000000000000057       0x1b build/src/kernel/contextSwitch.o
                                         0x45 (size before relaxing)
 .debug_str     0x0000000000000072       0x10 build/src/user/lock.o
                                         0x3a (size before relaxing)
 .debug_str     0x0000000000000082      0x292 build/src/kernel/syscall_c_kernel.o
                                        0x2c2 (size before relaxing)
 .debug_str     0x0000000000000314     0x1416 build/src/kernel/slabAllocator.o
                                       0x16bf (size before relaxing)
 .debug_str     0x000000000000172a      0xaab build/src/kernel/PCB.o
                                       0x1256 (size before relaxing)
 .debug_str     0x00000000000021d5      0x17d build/src/kernel/buddyAllocator.o
                                        0xfa0 (size before relaxing)
 .debug_str     0x0000000000002352      0x184 build/src/kernel/KConsole.o
                                       0x14f9 (size before relaxing)
 .debug_str     0x00000000000024d6       0x40 build/src/kernel/SleepPCBList.o
                                        0x862 (size before relaxing)
 .debug_str     0x0000000000002516       0x62 build/src/kernel/Scheduler.o
                                       0x1124 (size before relaxing)
 .debug_str     0x0000000000002578       0x19 build/src/kernel/main.o
                                        0x7e5 (size before relaxing)
 .debug_str     0x0000000000002591       0xee build/src/kernel/buddyTests.o
                                       0x114a (size before relaxing)
 .debug_str     0x000000000000267f      0x21a build/src/kernel/Riscv.o
                                       0x1a26 (size before relaxing)
 .debug_str     0x0000000000002899       0xe3 build/src/kernel/MemoryAllocator.o
                                        0xbd6 (size before relaxing)
 .debug_str     0x000000000000297c      0x1c3 build/src/kernel/slabTests.o
                                       0x1076 (size before relaxing)
 .debug_str     0x0000000000002b3f       0x5e build/src/kernel/KSemaphore.o
                                       0x10b6 (size before relaxing)
 .debug_str     0x0000000000002b9d      0x260 build/src/user/syscall_c.o
                                        0x4dc (size before relaxing)
 .debug_str     0x0000000000002dfd       0x15 build/src/user/_thread.o
                                        0x281 (size before relaxing)
 .debug_str     0x0000000000002e12       0xa8 build/src/user/test/printing.o
                                        0x2e5 (size before relaxing)
 .debug_str     0x0000000000002eba      0x15b build/src/user/test/buffer_CPP_API.o
                                        0x441 (size before relaxing)
 .debug_str     0x0000000000003015      0x5df build/src/user/test/userMain.o
                                        0xa40 (size before relaxing)
 .debug_str     0x00000000000035f4       0x93 build/src/user/test/buffer.o
                                        0x3ff (size before relaxing)
 .debug_str     0x0000000000003687      0x2ed build/src/user/syscall_cpp.o
                                        0x7a7 (size before relaxing)
 .debug_str     0x0000000000003974       0x9a build/src/user/PCBWrapperUser.o
                                        0x2e5 (size before relaxing)
 .debug_str     0x0000000000003a0e       0x12 build/src/user/_sem.o
                                        0x261 (size before relaxing)

.debug_loc      0x0000000000000000     0x738f
 .debug_loc     0x0000000000000000       0x46 build/src/kernel/syscall_c_kernel.o
 .debug_loc     0x0000000000000046     0x19d0 build/src/kernel/slabAllocator.o
 .debug_loc     0x0000000000001a16      0x53d build/src/kernel/PCB.o
 .debug_loc     0x0000000000001f53      0xb2b build/src/kernel/buddyAllocator.o
 .debug_loc     0x0000000000002a7e      0x43a build/src/kernel/KConsole.o
 .debug_loc     0x0000000000002eb8      0x20f build/src/kernel/SleepPCBList.o
 .debug_loc     0x00000000000030c7      0x149 build/src/kernel/Scheduler.o
 .debug_loc     0x0000000000003210      0x133 build/src/kernel/buddyTests.o
 .debug_loc     0x0000000000003343      0x826 build/src/kernel/Riscv.o
 .debug_loc     0x0000000000003b69      0x8f0 build/src/kernel/MemoryAllocator.o
 .debug_loc     0x0000000000004459      0x782 build/src/kernel/slabTests.o
 .debug_loc     0x0000000000004bdb      0x421 build/src/kernel/KSemaphore.o
 .debug_loc     0x0000000000004ffc      0x9cc build/src/user/syscall_c.o
 .debug_loc     0x00000000000059c8       0x39 build/src/user/_thread.o
 .debug_loc     0x0000000000005a01      0x37a build/src/user/test/printing.o
 .debug_loc     0x0000000000005d7b      0x322 build/src/user/test/buffer_CPP_API.o
 .debug_loc     0x000000000000609d      0x8ec build/src/user/test/userMain.o
 .debug_loc     0x0000000000006989      0x27e build/src/user/test/buffer.o
 .debug_loc     0x0000000000006c07      0x691 build/src/user/syscall_cpp.o
 .debug_loc     0x0000000000007298       0xbe build/src/user/PCBWrapperUser.o
 .debug_loc     0x0000000000007356       0x39 build/src/user/_sem.o

.comment        0x0000000000000000       0x53
 .comment       0x0000000000000000       0x29 build/src/kernel/syscall_c_kernel.o
                                         0x2a (size before relaxing)
 .comment       0x0000000000000029       0x2a build/src/kernel/slabAllocator.o
 .comment       0x0000000000000029       0x2a build/src/kernel/PCB.o
 .comment       0x0000000000000029       0x2a build/src/kernel/buddyAllocator.o
 .comment       0x0000000000000029       0x2a build/src/kernel/KConsole.o
 .comment       0x0000000000000029       0x2a build/src/kernel/SleepPCBList.o
 .comment       0x0000000000000029       0x2a build/src/kernel/Scheduler.o
 .comment       0x0000000000000029       0x2a build/src/kernel/main.o
 .comment       0x0000000000000029       0x2a build/src/kernel/buddyTests.o
 .comment       0x0000000000000029       0x2a build/src/kernel/Riscv.o
 .comment       0x0000000000000029       0x2a build/src/kernel/MemoryAllocator.o
 .comment       0x0000000000000029       0x2a build/src/kernel/slabTests.o
 .comment       0x0000000000000029       0x2a build/src/kernel/KSemaphore.o
 .comment       0x0000000000000029       0x2a build/src/user/syscall_c.o
 .comment       0x0000000000000029       0x2a build/src/user/_thread.o
 .comment       0x0000000000000029       0x2a build/src/user/test/printing.o
 .comment       0x0000000000000029       0x2a build/src/user/test/buffer_CPP_API.o
 .comment       0x0000000000000029       0x2a build/src/user/test/userMain.o
 .comment       0x0000000000000029       0x2a build/src/user/test/buffer.o
 .comment       0x0000000000000029       0x2a build/src/user/syscall_cpp.o
 .comment       0x0000000000000029       0x2a build/src/user/PCBWrapperUser.o
 .comment       0x0000000000000029       0x2a build/src/user/_sem.o
 .comment       0x0000000000000029       0x2a ./lib/hw.lib(start.o)
                                         0x2b (size before relaxing)
 .comment       0x0000000000000053       0x2b ./lib/hw.lib(main.o)
 .comment       0x0000000000000053       0x2b ./lib/hw.lib(proc.o)
 .comment       0x0000000000000053       0x2b ./lib/hw.lib(trap.o)
 .comment       0x0000000000000053       0x2b ./lib/hw.lib(plic.o)
 .comment       0x0000000000000053       0x2b ./lib/hw.lib(support_cpp.o)
 .comment       0x0000000000000053       0x2b ./lib/hw.lib(hw.o)
 .comment       0x0000000000000053       0x2b ./lib/hw.lib(console.o)
 .comment       0x0000000000000053       0x2b ./lib/hw.lib(printf.o)
 .comment       0x0000000000000053       0x2b ./lib/hw.lib(uart.o)
 .comment       0x0000000000000053       0x2b ./lib/hw.lib(kalloc.o)
 .comment       0x0000000000000053       0x2b ./lib/hw.lib(spinlock.o)
 .comment       0x0000000000000053       0x2b ./lib/hw.lib(string.o)

.note.GNU-stack
                0x0000000000000000        0x0
 .note.GNU-stack
                0x0000000000000000        0x0 build/src/kernel/syscall_c_kernel.o
 .note.GNU-stack
                0x0000000000000000        0x0 build/src/kernel/slabAllocator.o
 .note.GNU-stack
                0x0000000000000000        0x0 build/src/kernel/PCB.o
 .note.GNU-stack
                0x0000000000000000        0x0 build/src/kernel/buddyAllocator.o
 .note.GNU-stack
                0x0000000000000000        0x0 build/src/kernel/KConsole.o
 .note.GNU-stack
                0x0000000000000000        0x0 build/src/kernel/SleepPCBList.o
 .note.GNU-stack
                0x0000000000000000        0x0 build/src/kernel/Scheduler.o
 .note.GNU-stack
                0x0000000000000000        0x0 build/src/kernel/main.o
 .note.GNU-stack
                0x0000000000000000        0x0 build/src/kernel/buddyTests.o
 .note.GNU-stack
                0x0000000000000000        0x0 build/src/kernel/Riscv.o
 .note.GNU-stack
                0x0000000000000000        0x0 build/src/kernel/MemoryAllocator.o
 .note.GNU-stack
                0x0000000000000000        0x0 build/src/kernel/slabTests.o
 .note.GNU-stack
                0x0000000000000000        0x0 build/src/kernel/KSemaphore.o
 .note.GNU-stack
                0x0000000000000000        0x0 build/src/user/syscall_c.o
 .note.GNU-stack
                0x0000000000000000        0x0 build/src/user/_thread.o
 .note.GNU-stack
                0x0000000000000000        0x0 build/src/user/test/printing.o
 .note.GNU-stack
                0x0000000000000000        0x0 build/src/user/test/buffer_CPP_API.o
 .note.GNU-stack
                0x0000000000000000        0x0 build/src/user/test/userMain.o
 .note.GNU-stack
                0x0000000000000000        0x0 build/src/user/test/buffer.o
 .note.GNU-stack
                0x0000000000000000        0x0 build/src/user/syscall_cpp.o
 .note.GNU-stack
                0x0000000000000000        0x0 build/src/user/PCBWrapperUser.o
 .note.GNU-stack
                0x0000000000000000        0x0 build/src/user/_sem.o
 .note.GNU-stack
                0x0000000000000000        0x0 ./lib/hw.lib(start.o)
 .note.GNU-stack
                0x0000000000000000        0x0 ./lib/hw.lib(main.o)
 .note.GNU-stack
                0x0000000000000000        0x0 ./lib/hw.lib(proc.o)
 .note.GNU-stack
                0x0000000000000000        0x0 ./lib/hw.lib(trap.o)
 .note.GNU-stack
                0x0000000000000000        0x0 ./lib/hw.lib(plic.o)
 .note.GNU-stack
                0x0000000000000000        0x0 ./lib/hw.lib(support_cpp.o)
 .note.GNU-stack
                0x0000000000000000        0x0 ./lib/hw.lib(hw.o)
 .note.GNU-stack
                0x0000000000000000        0x0 ./lib/hw.lib(console.o)
 .note.GNU-stack
                0x0000000000000000        0x0 ./lib/hw.lib(printf.o)
 .note.GNU-stack
                0x0000000000000000        0x0 ./lib/hw.lib(uart.o)
 .note.GNU-stack
                0x0000000000000000        0x0 ./lib/hw.lib(kalloc.o)
 .note.GNU-stack
                0x0000000000000000        0x0 ./lib/hw.lib(spinlock.o)
 .note.GNU-stack
                0x0000000000000000        0x0 ./lib/hw.lib(string.o)

.debug_ranges   0x0000000000000000      0x5c0
 .debug_ranges  0x0000000000000000      0x120 build/src/kernel/slabAllocator.o
 .debug_ranges  0x0000000000000120       0x30 build/src/kernel/buddyAllocator.o
 .debug_ranges  0x0000000000000150       0x60 build/src/kernel/KConsole.o
 .debug_ranges  0x00000000000001b0       0x30 build/src/kernel/SleepPCBList.o
 .debug_ranges  0x00000000000001e0       0x60 build/src/kernel/Riscv.o
 .debug_ranges  0x0000000000000240      0x1b0 build/src/kernel/slabTests.o
 .debug_ranges  0x00000000000003f0      0x170 build/src/user/test/userMain.o
 .debug_ranges  0x0000000000000560       0x60 build/src/user/syscall_cpp.o
