Archive member included to satisfy reference by file (symbol)

./lib/hw.lib(entry.o)         (_entry)
./lib/hw.lib(start.o)         ./lib/hw.lib(entry.o) (start)
./lib/hw.lib(main.o)          ./lib/hw.lib(start.o) (system_main)
./lib/hw.lib(proc.o)          ./lib/hw.lib(main.o) (cpuid)
./lib/hw.lib(trap.o)          ./lib/hw.lib(main.o) (trapinit)
./lib/hw.lib(kernelvec.o)     ./lib/hw.lib(trap.o) (kernelvec)
./lib/hw.lib(plic.o)          ./lib/hw.lib(main.o) (plicinit)
./lib/hw.lib(support_cpp.o)   build/src/kernel/KConsole.o (_Unwind_Resume)
./lib/hw.lib(hw.o)            build/src/kernel/KConsole.o (CONSOLE_RX_DATA)
./lib/hw.lib(console.o)       ./lib/hw.lib(main.o) (consoleinit)
./lib/hw.lib(printf.o)        ./lib/hw.lib(main.o) (panic)
./lib/hw.lib(uart.o)          ./lib/hw.lib(console.o) (uartinit)
./lib/hw.lib(kalloc.o)        ./lib/hw.lib(main.o) (kinit)
./lib/hw.lib(spinlock.o)      ./lib/hw.lib(trap.o) (initlock)
./lib/hw.lib(string.o)        ./lib/hw.lib(kalloc.o) (__memset)

Discarded input sections

 .group         0x0000000000000000        0xc build/src/kernel/PCB.o
 .group         0x0000000000000000        0xc build/src/kernel/KConsole.o
 .data.rel.local.DW.ref.__gxx_personality_v0
                0x0000000000000000        0x8 build/src/kernel/KConsole.o
 .group         0x0000000000000000        0xc build/src/kernel/KSemaphore.o
 .data.rel.local.DW.ref.__gxx_personality_v0
                0x0000000000000000        0x8 build/src/kernel/KSemaphore.o
 .group         0x0000000000000000        0xc build/src/user/test/buffer_CPP_API.o
 .data.rel.local.DW.ref.__gxx_personality_v0
                0x0000000000000000        0x8 build/src/user/test/buffer_CPP_API.o
 .group         0x0000000000000000        0xc build/src/user/test/buffer.o
 .data.rel.local.DW.ref.__gxx_personality_v0
                0x0000000000000000        0x8 build/src/user/test/buffer.o
 .group         0x0000000000000000        0x8 build/src/user/syscall_cpp.o
 .group         0x0000000000000000        0x8 build/src/user/syscall_cpp.o
 .group         0x0000000000000000       0x14 build/src/user/syscall_cpp.o
 .group         0x0000000000000000        0xc build/src/user/syscall_cpp.o
 .group         0x0000000000000000        0xc build/src/user/syscall_cpp.o
 .group         0x0000000000000000        0xc build/src/user/syscall_cpp.o
 .group         0x0000000000000000        0xc build/src/user/syscall_cpp.o
 .data.rel.local.DW.ref.__gxx_personality_v0
                0x0000000000000000        0x8 build/src/user/syscall_cpp.o

Memory Configuration

Name             Origin             Length             Attributes
*default*        0x0000000000000000 0xffffffffffffffff

Linker script and memory map

                0x0000000080000000                . = 0x80000000

.text           0x0000000080000000     0x8000
 *(.entry_os)
 .entry_os      0x0000000080000000       0x24 ./lib/hw.lib(entry.o)
                0x0000000080000000                _entry
                0x0000000080001000                . = ALIGN (0x1000)
 *fill*         0x0000000080000024      0xfdc 
                0x0000000080001000                PROVIDE (kernelTextStart = .)
 EXCLUDE_FILE(build/src/user/*) *(.text .text.*)
 .text          0x0000000080001000      0x120 build/src/kernel/trap.o
                0x0000000080001000                Riscv::supervisorTrap()
 .text          0x0000000080001120       0xf8 build/src/kernel/registersUtil.o
                0x0000000080001120                Riscv::pushRegisters()
                0x000000008000119c                Riscv::popRegisters()
 .text          0x0000000080001218       0x20 build/src/kernel/contextSwitch.o
                0x0000000080001218                PCB::contextSwitch(PCB::Context*, PCB::Context*)
                0x000000008000122c                PCB::contextSwitchExiting(PCB::Context*)
 .text          0x0000000080001238       0x70 build/src/kernel/syscall_c_kernel.o
                0x0000000080001238                thread_dispatch_kernel()
                0x0000000080001258                sysCallGetCharOutput()
                0x0000000080001280                thread_exit_kernel()
 .text          0x00000000800012a8     0x14b8 build/src/kernel/slabAllocator.o
                0x00000000800012a8                strcpy(char const*, char*)
                0x00000000800012dc                destroy_slab_list(slab_s**)
                0x0000000080001360                init_cache(kmem_cache_s*, char const*, unsigned long, unsigned long, void (*)(void*), void (*)(void*))
                0x00000000800013ec                slab_allocator_init(buddyAllocator*)
                0x0000000080001460                checkSetIndex(slab_s*, int)
                0x00000000800014a0                setAllocatedIndex(slab_s*, int)
                0x00000000800014e8                allocateObject(slab_s*)
                0x00000000800015a0                full(slab_s*)
                0x00000000800015c8                empty(slab_s*)
                0x00000000800015e8                insertIntoSlabList(slab_s*, slab_s**)
                0x000000008000161c                removeFromSlabList(slab_s*, slab_s**)
                0x0000000080001678                putPartialToFull(kmem_cache_s*)
                0x00000000800016d0                putEmptyToPartial(kmem_cache_s*)
                0x0000000080001728                removeFullSlab(kmem_cache_s*, slab_s*)
                0x0000000080001780                removePartialSlab(kmem_cache_s*, slab_s*)
                0x00000000800017d8                allocateSlab(kmem_cache_s*)
                0x00000000800018c0                getOptimalSlabSize(unsigned long)
                0x0000000080001938                findSlab(kmem_cache_s*, void const*)
                0x00000000800019c8                resetAllocatedIndex(slab_s*, int)
                0x0000000080001a14                printSlabInfo(slab_s*)
                0x0000000080001ab0                free_slab_object(slab_s*, void const*)
                0x0000000080001be4                kmem_cache_alloc(kmem_cache_s*)
                0x0000000080001d1c                kmem_cache_create(char const*, unsigned long, void (*)(void*), void (*)(void*))
                0x0000000080001dc0                kmem_init(void*, int)
                0x0000000080001e24                kmem_cache_free(kmem_cache_s*, void*)
                0x0000000080001e74                bigCacheKmalloc(kmem_cache_s*)
                0x0000000080002044                big_kfree(slab_s*, void const*)
                0x00000000800020d0                kmem_cache_info(kmem_cache_s*)
                0x000000008000222c                printSlabAllocatorInfo()
                0x0000000080002314                kmalloc(unsigned long)
                0x0000000080002494                kfree(void const*)
                0x000000008000251c                kmem_cache_destroy(kmem_cache_s*)
                0x00000000800025a4                kmem_cache_shrink(kmem_cache_s*)
                0x00000000800025dc                shrink_caches_on_slab(slab_s*)
                0x0000000080002658                shrink_all_caches()
                0x00000000800026e0                kmem_cache_error(kmem_cache_s*)
 .text          0x0000000080002760      0x5e8 build/src/kernel/PCB.o
                0x0000000080002760                PCB::runner()
                0x00000000800027a4                PCB::PCB(void (*)(void*), void*, void*, unsigned long)
                0x00000000800027a4                PCB::PCB(void (*)(void*), void*, void*, unsigned long)
                0x00000000800027f4                PCB::start()
                0x000000008000281c                PCB::dispatch()
                0x00000000800028a8                PCB::operator new(unsigned long)
                0x00000000800028dc                PCB::operator delete(void*)
                0x0000000080002914                PCB::~PCB()
                0x0000000080002914                PCB::~PCB()
                0x0000000080002940                PCB::initialize()
                0x0000000080002a68                PCB::isFinished()
                0x0000000080002a8c                PCB::threadExitHandler()
                0x0000000080002ad8                PCB::threadDispatchHandler()
                0x0000000080002b08                PCB::threadSleepHandler()
                0x0000000080002b6c                PCB::threadCreateHandler()
                0x0000000080002c10                PCB::threadStartHandler()
                0x0000000080002c54                PCB::threadMakePCBHandler()
                0x0000000080002cec                PCB::threadDelPCBHandler()
 .text          0x0000000080002d48      0x6ac build/src/kernel/buddyAllocator.o
                0x0000000080002d48                getBlockAddr(unsigned long)
                0x0000000080002d68                getNextBlockAddr(unsigned long)
                0x0000000080002d98                getDeg2Floor(unsigned long)
                0x0000000080002dcc                getDeg2Ceil(unsigned long)
                0x0000000080002e00                addBlockToLevel(void*, unsigned long)
                0x0000000080002e68                getBuddyBlockAddr(void*, unsigned long)
                0x0000000080002eac                split(void*, unsigned long, unsigned long, bool)
                0x0000000080002f40                buddy_alloc(unsigned long)
                0x0000000080003014                addBlocks(void*, unsigned long)
                0x0000000080003140                buddy_init(void*, unsigned long)
                0x0000000080003234                buddy_free(void*, unsigned long)
                0x00000000800032a4                printBuddyInfo()
                0x00000000800033d4                getBuddy()
 .text          0x00000000800033f4      0x628 build/src/kernel/KConsole.o
                0x00000000800033f4                KConsole::initialize()
                0x00000000800034d0                KConsole::putCharacterInput(char)
                0x000000008000354c                KConsole::getCharactersFromConsole()
                0x00000000800035b8                KConsole::getCharacterInput()
                0x0000000080003628                KConsole::putCharacterOutput(char)
                0x00000000800036b0                KConsole::getCharacterOutput()
                0x0000000080003720                KConsole::putcHandler()
                0x0000000080003750                KConsole::getcHandler()
                0x00000000800037dc                KConsole::outputBufferEmpty()
                0x0000000080003800                KConsole::sendCharactersToConsole(void*)
                0x00000000800038ac                KConsole::getCharHandler()
                0x00000000800038e0                KConsole::trapPrintString(char const*)
                0x0000000080003924                KConsole::trapPrintInt(unsigned long, int, int)
                0x00000000800039b8                KConsole::trapPrintStringInt(char const*, unsigned long, int)
 .text          0x0000000080003a1c       0xf4 build/src/kernel/SleepPCBList.o
                0x0000000080003a1c                SleepPCBList::insertSleepingPCB()
                0x0000000080003a88                SleepPCBList::tryToWakePCBs()
 .text          0x0000000080003b10      0x188 build/src/kernel/Scheduler.o
                0x0000000080003b10                Scheduler::operator new(unsigned long)
                0x0000000080003b38                Scheduler::operator delete(void*)
                0x0000000080003b60                Scheduler::getSize()
                0x0000000080003b98                Scheduler::put(PCB*)
                0x0000000080003bec                Scheduler::get()
                0x0000000080003c38                Scheduler::print()
 .text          0x0000000080003c98       0x28 build/src/kernel/main.o
                0x0000000080003c98                main
 .text          0x0000000080003cc0      0x2a4 build/src/kernel/buddyTests.o
                0x0000000080003cc0                buddyInitTest1()
                0x0000000080003ce8                buddyOnlyAllocsTest1()
                0x0000000080003d60                buddyOnlyAllocsTest2()
                0x0000000080003d9c                buddyAllocFreeTest1()
                0x0000000080003e8c                buddyTestMixa()
 .text          0x0000000080003f64      0x9b0 build/src/kernel/Riscv.o
                0x0000000080003f64                Riscv::initVirtualMemory()
                0x0000000080003f7c                Riscv::enableInterrupts()
                0x0000000080003f9c                Riscv::disableInterrupts()
                0x0000000080003fbc                Riscv::endSystem()
                0x0000000080004050                Riscv::popSppSpie()
                0x00000000800040a8                Riscv::setVirtualAddr(unsigned long, unsigned long, unsigned long)
                0x00000000800041fc                Riscv::setVirtualAddrRange(unsigned long, unsigned long, int)
                0x0000000080004264                Riscv::initSystem()
                0x00000000800044fc                Riscv::kernelMain()
                0x0000000080004550                Riscv::addVirtualAddr(unsigned long)
                0x0000000080004580                Riscv::addVirtualAddrInstr(unsigned long)
                0x00000000800045b0                Riscv::disableTimerInterrupts()
                0x00000000800045d0                Riscv::w_a0_sscratch()
                0x0000000080004608                Riscv::changePrivMode()
                0x0000000080004648                Riscv::handleSupervisorTrap()
 .text          0x0000000080004914      0x4c0 build/src/kernel/MemoryAllocator.o
                0x0000000080004914                MemoryAllocator::initMemory(void*)
                0x0000000080004970                MemoryAllocator::insertAllFragment(void*, unsigned long, void*)
                0x00000000800049e0                MemoryAllocator::insertNewAllocatedFragment(void*, unsigned long)
                0x0000000080004a44                MemoryAllocator::tryToAllocateFragment(unsigned long)
                0x0000000080004b50                MemoryAllocator::mem_alloc(unsigned long)
                0x0000000080004b78                MemoryAllocator::insertNewFreeSegment(void*, unsigned long)
                0x0000000080004c40                MemoryAllocator::tryToFreeSegment(void*)
                0x0000000080004cdc                MemoryAllocator::mem_free(void*)
                0x0000000080004d04                MemoryAllocator::kmalloc(unsigned long)
                0x0000000080004d2c                MemoryAllocator::memAllocHandler()
                0x0000000080004d74                MemoryAllocator::kfree(void*)
                0x0000000080004d9c                MemoryAllocator::memFreeHandler()
 .text          0x0000000080004dd4      0x6d8 build/src/kernel/slabTests.o
                0x0000000080004dd4                slabInitTest()
                0x0000000080004e0c                slabCacheCreateTest()
                0x0000000080004ec4                slabCacheCreateTest2()
                0x0000000080004f60                testKmalloc()
                0x0000000080005058                testKmalloc2()
                0x0000000080005110                memset(void const*, int, int)
                0x0000000080005140                construct(void*)
                0x0000000080005170                check(void*, unsigned long)
                0x00000000800051b8                work(void*)
                0x00000000800053b8                runs(void (*)(void*), data_s*, int)
                0x0000000080005430                testOS2()
 .text          0x00000000800054ac      0x438 build/src/kernel/KSemaphore.o
                0x00000000800054ac                KSemaphore::KSemaphore(int)
                0x00000000800054ac                KSemaphore::KSemaphore(int)
                0x00000000800054d0                KSemaphore::addToBlocked(PCB*)
                0x000000008000550c                KSemaphore::block()
                0x0000000080005550                KSemaphore::wait()
                0x00000000800055a8                KSemaphore::getFirstBlocked()
                0x00000000800055c4                KSemaphore::removeFirstBlocked()
                0x0000000080005600                KSemaphore::~KSemaphore()
                0x0000000080005600                KSemaphore::~KSemaphore()
                0x000000008000566c                KSemaphore::unblock()
                0x00000000800056c8                KSemaphore::signal()
                0x0000000080005710                KSemaphore::operator new(unsigned long)
                0x0000000080005744                KSemaphore::semOpenHandler()
                0x00000000800057c0                KSemaphore::operator delete(void*)
                0x00000000800057f8                KSemaphore::semWaitHandler()
                0x000000008000584c                KSemaphore::semSignalHandler()
                0x0000000080005890                KSemaphore::semCloseHandler()
 .text          0x00000000800058e4        0x0 ./lib/hw.lib(entry.o)
 .text          0x00000000800058e4      0x18c ./lib/hw.lib(start.o)
                0x00000000800058e4                start
                0x00000000800059e4                timerinit
 .text          0x0000000080005a70       0xd8 ./lib/hw.lib(main.o)
                0x0000000080005a70                system_main
 .text          0x0000000080005b48      0x100 ./lib/hw.lib(proc.o)
                0x0000000080005b48                cpuid
                0x0000000080005b68                mycpu
                0x0000000080005b98                userinit
                0x0000000080005bb4                either_copyout
                0x0000000080005c00                either_copyin
 .text          0x0000000080005c48      0x32c ./lib/hw.lib(trap.o)
                0x0000000080005c48                trapinit
                0x0000000080005c74                trapinithart
                0x0000000080005c98                usertrap
                0x0000000080005cb0                usertrapret
                0x0000000080005cc8                kerneltrap
                0x0000000080005e10                clockintr
                0x0000000080005e68                devintr
 *fill*         0x0000000080005f74        0xc 
 .text          0x0000000080005f80      0x150 ./lib/hw.lib(kernelvec.o)
                0x0000000080005f80                kernelvec
                0x0000000080006090                timervec
 .text          0x00000000800060d0       0xf0 ./lib/hw.lib(plic.o)
                0x00000000800060d0                plicinit
                0x00000000800060f8                plicinithart
                0x0000000080006144                plic_claim
                0x000000008000617c                plic_complete
 .text          0x00000000800061c0        0x0 ./lib/hw.lib(support_cpp.o)
 .text          0x00000000800061c0        0x0 ./lib/hw.lib(hw.o)
 .text          0x00000000800061c0      0x36c ./lib/hw.lib(console.o)
                0x00000000800061c0                consolewrite
                0x0000000080006264                consoleread
                0x00000000800063a4                consputc
                0x00000000800063f4                consoleintr
                0x0000000080006488                consoleinit
                0x00000000800064ec                console_read
                0x000000008000650c                console_write
 .text          0x000000008000652c      0x738 ./lib/hw.lib(printf.o)
                0x000000008000652c                panic
                0x0000000080006588                __printf
                0x0000000080006c1c                printfinit
 .text          0x0000000080006c64      0x344 ./lib/hw.lib(uart.o)
                0x0000000080006c64                uartinit
                0x0000000080006ca8                uartputc
                0x0000000080006da0                uartputc_sync
                0x0000000080006de4                uartstart
                0x0000000080006e58                uartgetc
                0x0000000080006e90                uartintr
 .text          0x0000000080006fa8      0x290 ./lib/hw.lib(kalloc.o)
                0x0000000080006fa8                kinit
                0x0000000080007080                freerange
                0x0000000080007160                kfree
                0x00000000800071e0                kalloc
 .text          0x0000000080007238      0x3e0 ./lib/hw.lib(spinlock.o)
                0x0000000080007238                initlock
                0x000000008000725c                acquire
                0x0000000080007328                release
                0x00000000800073f0                holding
                0x000000008000743c                push_off
                0x00000000800074b0                pop_off
                0x000000008000752c                push_on
                0x00000000800075a0                pop_on
 .text          0x0000000080007618      0x394 ./lib/hw.lib(string.o)
                0x0000000080007618                __memset
                0x0000000080007834                __memmove
                0x0000000080008000                . = ALIGN (0x1000)
 *fill*         0x00000000800079ac      0x654 
                0x0000000080008000                PROVIDE (kernelDataStart = .)

.rodata         0x0000000080008000      0x787
                0x0000000080008000                . = ALIGN (0x10)
 EXCLUDE_FILE(build/src/user/*) *(.srodata .srodata.*)
 .srodata       0x0000000080008000       0x18 ./lib/hw.lib(hw.o)
                0x0000000080008000                CONSOLE_RX_DATA
                0x0000000080008008                CONSOLE_TX_DATA
                0x0000000080008010                CONSOLE_STATUS
                0x0000000080008020                . = ALIGN (0x10)
 *fill*         0x0000000080008018        0x8 
 EXCLUDE_FILE(build/src/user/*) *(.rodata .rodata.*)
 .rodata.str1.8
                0x0000000080008020      0x256 build/src/kernel/slabAllocator.o
                                        0x25e (size before relaxing)
 *fill*         0x0000000080008276        0x2 
 .rodata.str1.8
                0x0000000080008278       0xee build/src/kernel/buddyAllocator.o
                                         0xf6 (size before relaxing)
 *fill*         0x0000000080008366        0x2 
 .rodata.str1.8
                0x0000000080008368       0x11 build/src/kernel/KConsole.o
                                         0x1a (size before relaxing)
 .rodata.str1.8
                0x0000000080008379        0x2 build/src/kernel/Scheduler.o
 *fill*         0x0000000080008379        0x7 
 .rodata.str1.8
                0x0000000080008380       0x10 build/src/kernel/buddyTests.o
 .rodata.str1.8
                0x0000000080008390       0x32 build/src/kernel/Riscv.o
 *fill*         0x00000000800083c2        0x2 
 .rodata        0x00000000800083c4      0x150 build/src/kernel/Riscv.o
 *fill*         0x0000000080008514        0x4 
 .rodata.str1.8
                0x0000000080008518       0x9d build/src/kernel/slabTests.o
 *fill*         0x00000000800085b5        0x3 
 .rodata.str1.8
                0x00000000800085b8       0x51 ./lib/hw.lib(main.o)
                                         0x59 (size before relaxing)
 *fill*         0x0000000080008609        0x7 
 .rodata.str1.8
                0x0000000080008610       0x4b ./lib/hw.lib(proc.o)
 *fill*         0x000000008000865b        0x5 
 .rodata.str1.8
                0x0000000080008660       0x7b ./lib/hw.lib(trap.o)
 *fill*         0x00000000800086db        0x5 
 .rodata.str1.8
                0x00000000800086e0        0x5 ./lib/hw.lib(console.o)
 *fill*         0x00000000800086e5        0x3 
 .rodata.str1.8
                0x00000000800086e8       0x23 ./lib/hw.lib(printf.o)
                                         0x2b (size before relaxing)
 *fill*         0x000000008000870b        0x5 
 .rodata        0x0000000080008710       0x11 ./lib/hw.lib(printf.o)
 *fill*         0x0000000080008721        0x7 
 .rodata.str1.8
                0x0000000080008728        0x6 ./lib/hw.lib(kalloc.o)
 *fill*         0x000000008000872e        0x2 
 .rodata.str1.8
                0x0000000080008730       0x57 ./lib/hw.lib(spinlock.o)

.gcc_except_table
                0x0000000080008787      0x118
 .gcc_except_table
                0x0000000080008787        0x4 build/src/kernel/PCB.o
 .gcc_except_table
                0x000000008000878b       0x5f build/src/kernel/KConsole.o
 .gcc_except_table
                0x00000000800087ea        0x4 build/src/kernel/KSemaphore.o
 .gcc_except_table
                0x00000000800087ee       0xa5 build/src/user/test/buffer_CPP_API.o
 .gcc_except_table
                0x0000000080008893        0x4 build/src/user/test/buffer.o
 .gcc_except_table
                0x0000000080008897        0x8 build/src/user/syscall_cpp.o

.data           0x00000000800088a0       0x48
                0x00000000800088a0                . = ALIGN (0x10)
 EXCLUDE_FILE(build/src/user/*) *(.sdata .sdata.*)
 .sdata         0x00000000800088a0       0x10 ./lib/hw.lib(hw.o)
                0x00000000800088a0                HEAP_END_ADDR
                0x00000000800088a8                HEAP_START_ADDR
                0x00000000800088b0                . = ALIGN (0x10)
 EXCLUDE_FILE(build/src/user/*) *(.data .data.*)
 .data          0x00000000800088b0        0x0 build/src/kernel/trap.o
 .data          0x00000000800088b0        0x0 build/src/kernel/registersUtil.o
 .data          0x00000000800088b0        0x0 build/src/kernel/contextSwitch.o
 .data          0x00000000800088b0        0x0 build/src/kernel/syscall_c_kernel.o
 .data          0x00000000800088b0        0x0 build/src/kernel/slabAllocator.o
 .data          0x00000000800088b0        0x0 build/src/kernel/PCB.o
 .data.rel.local.DW.ref.__gxx_personality_v0
                0x00000000800088b0        0x8 build/src/kernel/PCB.o
                0x00000000800088b0                DW.ref.__gxx_personality_v0
 .data          0x00000000800088b8        0x0 build/src/kernel/buddyAllocator.o
 .data          0x00000000800088b8        0x0 build/src/kernel/KConsole.o
 .data          0x00000000800088b8        0x0 build/src/kernel/SleepPCBList.o
 .data          0x00000000800088b8        0x0 build/src/kernel/Scheduler.o
 .data          0x00000000800088b8        0x0 build/src/kernel/main.o
 .data          0x00000000800088b8        0x0 build/src/kernel/buddyTests.o
 .data          0x00000000800088b8        0x8 build/src/kernel/Riscv.o
                0x00000000800088b8                Riscv::programStartAddr
 .data          0x00000000800088c0        0x0 build/src/kernel/MemoryAllocator.o
 .data          0x00000000800088c0        0x0 build/src/kernel/slabTests.o
 .data.rel.ro.local
                0x00000000800088c0       0x28 build/src/kernel/slabTests.o
 .data          0x00000000800088e8        0x0 build/src/kernel/KSemaphore.o
 .data          0x00000000800088e8        0x0 ./lib/hw.lib(entry.o)
 .data          0x00000000800088e8        0x0 ./lib/hw.lib(start.o)
 .data          0x00000000800088e8        0x0 ./lib/hw.lib(main.o)
 .data          0x00000000800088e8        0x0 ./lib/hw.lib(proc.o)
 .data          0x00000000800088e8        0x0 ./lib/hw.lib(trap.o)
 .data          0x00000000800088e8        0x0 ./lib/hw.lib(kernelvec.o)
 .data          0x00000000800088e8        0x0 ./lib/hw.lib(plic.o)
 .data          0x00000000800088e8        0x0 ./lib/hw.lib(support_cpp.o)
 .data          0x00000000800088e8        0x0 ./lib/hw.lib(hw.o)
 .data          0x00000000800088e8        0x0 ./lib/hw.lib(console.o)
 .data          0x00000000800088e8        0x0 ./lib/hw.lib(printf.o)
 .data          0x00000000800088e8        0x0 ./lib/hw.lib(uart.o)
 .data          0x00000000800088e8        0x0 ./lib/hw.lib(kalloc.o)
 .data          0x00000000800088e8        0x0 ./lib/hw.lib(spinlock.o)
 .data          0x00000000800088e8        0x0 ./lib/hw.lib(string.o)

.got            0x00000000800088e8       0xc0
 .got           0x00000000800088e8       0xc0 build/src/kernel/trap.o
                0x00000000800088e8                _GLOBAL_OFFSET_TABLE_

.got.plt        0x00000000800089a8       0x10
 .got.plt       0x00000000800089a8       0x10 build/src/kernel/trap.o

.bss            0x00000000800089c0     0x1390
                0x00000000800089c0                . = ALIGN (0x10)
 EXCLUDE_FILE(build/src/user/*) *(.sbss .sbss.*)
 .sbss          0x00000000800089c0        0x4 ./lib/hw.lib(main.o)
 .sbss          0x00000000800089c4        0x4 ./lib/hw.lib(trap.o)
                0x00000000800089c4                ticks
 .sbss          0x00000000800089c8        0x4 ./lib/hw.lib(printf.o)
                0x00000000800089c8                panicked
 *fill*         0x00000000800089cc        0x4 
 .sbss          0x00000000800089d0       0x10 ./lib/hw.lib(uart.o)
                0x00000000800089d0                uart_tx_r
                0x00000000800089d8                uart_tx_w
 .sbss          0x00000000800089e0        0x8 ./lib/hw.lib(kalloc.o)
                0x00000000800089e0                kmem
                0x00000000800089f0                . = ALIGN (0x10)
 *fill*         0x00000000800089e8        0x8 
 EXCLUDE_FILE(build/src/user/*) *(.bss .bss.*)
 .bss           0x00000000800089f0        0x0 build/src/kernel/trap.o
 .bss           0x00000000800089f0        0x0 build/src/kernel/registersUtil.o
 .bss           0x00000000800089f0        0x0 build/src/kernel/contextSwitch.o
 .bss           0x00000000800089f0        0x0 build/src/kernel/syscall_c_kernel.o
 .bss           0x00000000800089f0       0x10 build/src/kernel/slabAllocator.o
 .bss           0x0000000080008a00       0x28 build/src/kernel/PCB.o
                0x0000000080008a00                PCB::running
                0x0000000080008a08                PCB::consolePCB
                0x0000000080008a10                PCB::userPCB
                0x0000000080008a18                PCB::timeSliceCounter
                0x0000000080008a20                PCB::savedRegA4
 .bss           0x0000000080008a28        0x8 build/src/kernel/buddyAllocator.o
 .bss           0x0000000080008a30       0x51 build/src/kernel/KConsole.o
                0x0000000080008a30                KConsole::hasCharactersInput
                0x0000000080008a38                KConsole::hasCharactersOutput
                0x0000000080008a40                KConsole::inputBuffer
                0x0000000080008a48                KConsole::outputBuffer
                0x0000000080008a50                KConsole::inputTail
                0x0000000080008a58                KConsole::inputHead
                0x0000000080008a60                KConsole::pendingGetc
                0x0000000080008a68                KConsole::outputTail
                0x0000000080008a70                KConsole::outputHead
                0x0000000080008a78                KConsole::pendingPutc
                0x0000000080008a80                KConsole::finished
 *fill*         0x0000000080008a81        0x7 
 .bss           0x0000000080008a88        0x8 build/src/kernel/SleepPCBList.o
                0x0000000080008a88                SleepPCBList::sleepingPCBHead
 .bss           0x0000000080008a90       0x10 build/src/kernel/Scheduler.o
                0x0000000080008a90                Scheduler::schedulerPCBHead
                0x0000000080008a98                Scheduler::schedulerPCBTail
 .bss           0x0000000080008aa0        0x0 build/src/kernel/main.o
 .bss           0x0000000080008aa0        0x0 build/src/kernel/buddyTests.o
 .bss           0x0000000080008aa0       0x30 build/src/kernel/Riscv.o
                0x0000000080008aa0                Riscv::finishSystem
                0x0000000080008aa8                Riscv::mainPMT
                0x0000000080008ab0                Riscv::pcbCache
                0x0000000080008ab8                Riscv::semaphoreCache
                0x0000000080008ac0                Riscv::kernelMainCalled
                0x0000000080008ac8                Riscv::totalTime
 .bss           0x0000000080008ad0       0x18 build/src/kernel/MemoryAllocator.o
                0x0000000080008ad0                MemoryAllocator::memoryInitiliaized
                0x0000000080008ad8                MemoryAllocator::headAllocated
                0x0000000080008ae0                MemoryAllocator::headFree
 .bss           0x0000000080008ae8        0x0 build/src/kernel/slabTests.o
 .bss           0x0000000080008ae8        0x0 build/src/kernel/KSemaphore.o
 .bss           0x0000000080008ae8        0x0 ./lib/hw.lib(entry.o)
 *fill*         0x0000000080008ae8        0x8 
 .bss           0x0000000080008af0     0x1030 ./lib/hw.lib(start.o)
                0x0000000080008af0                timer_scratch
                0x0000000080008b20                stack0
 .bss           0x0000000080009b20        0x0 ./lib/hw.lib(main.o)
 .bss           0x0000000080009b20       0x80 ./lib/hw.lib(proc.o)
                0x0000000080009b20                cpus
 .bss           0x0000000080009ba0       0x18 ./lib/hw.lib(trap.o)
                0x0000000080009ba0                tickslock
 .bss           0x0000000080009bb8        0x0 ./lib/hw.lib(kernelvec.o)
 .bss           0x0000000080009bb8        0x0 ./lib/hw.lib(plic.o)
 .bss           0x0000000080009bb8       0x10 ./lib/hw.lib(support_cpp.o)
                0x0000000080009bb8                _Unwind_Resume
                0x0000000080009bc0                __gxx_personality_v0
 .bss           0x0000000080009bc8        0x0 ./lib/hw.lib(hw.o)
 .bss           0x0000000080009bc8      0x148 ./lib/hw.lib(console.o)
                0x0000000080009bc8                cons
                0x0000000080009c70                devsw
 .bss           0x0000000080009d10       0x20 ./lib/hw.lib(printf.o)
 .bss           0x0000000080009d30       0x20 ./lib/hw.lib(uart.o)
                0x0000000080009d30                uart_tx_buf
 .bss           0x0000000080009d50        0x0 ./lib/hw.lib(kalloc.o)
 .bss           0x0000000080009d50        0x0 ./lib/hw.lib(spinlock.o)
 .bss           0x0000000080009d50        0x0 ./lib/hw.lib(string.o)

.eh_frame       0x0000000080009d50     0x1a28
 EXCLUDE_FILE(build/src/user/*) *(.eh_frame .eh_frame.*)
 .eh_frame      0x0000000080009d50       0x80 build/src/kernel/syscall_c_kernel.o
 .eh_frame      0x0000000080009dd0      0x6a0 build/src/kernel/slabAllocator.o
                                        0x6b0 (size before relaxing)
 .eh_frame      0x000000008000a470      0x2e0 build/src/kernel/PCB.o
                                        0x2f8 (size before relaxing)
 .eh_frame      0x000000008000a750      0x240 build/src/kernel/buddyAllocator.o
                                        0x250 (size before relaxing)
 .eh_frame      0x000000008000a990      0x260 build/src/kernel/KConsole.o
                                        0x290 (size before relaxing)
 .eh_frame      0x000000008000abf0       0x58 build/src/kernel/SleepPCBList.o
                                         0x68 (size before relaxing)
 .eh_frame      0x000000008000ac48       0xf0 build/src/kernel/Scheduler.o
                                        0x108 (size before relaxing)
 .eh_frame      0x000000008000ad38       0x28 build/src/kernel/main.o
                                         0x40 (size before relaxing)
 .eh_frame      0x000000008000ad60       0xe8 build/src/kernel/buddyTests.o
                                         0xf8 (size before relaxing)
 .eh_frame      0x000000008000ae48      0x298 build/src/kernel/Riscv.o
                                        0x2a8 (size before relaxing)
 .eh_frame      0x000000008000b0e0      0x200 build/src/kernel/MemoryAllocator.o
                                        0x210 (size before relaxing)
 .eh_frame      0x000000008000b2e0      0x218 build/src/kernel/slabTests.o
                                        0x230 (size before relaxing)
 .eh_frame      0x000000008000b4f8      0x280 build/src/kernel/KSemaphore.o
                                        0x2b0 (size before relaxing)

.rela.dyn       0x000000008000b778        0x0
 .rela.got      0x000000008000b778        0x0 build/src/kernel/trap.o
 .rela.text     0x000000008000b778        0x0 build/src/kernel/trap.o
 .rela.text._ZN14PeriodicThreadD2Ev
                0x000000008000b778        0x0 build/src/kernel/trap.o
 .rela.text._ZN14PeriodicThreadD0Ev
                0x000000008000b778        0x0 build/src/kernel/trap.o
 .rela.data.rel.ro.local._ZTV14PeriodicThread
                0x000000008000b778        0x0 build/src/kernel/trap.o
 .rela.data.rel.ro.local._ZTV6Thread
                0x000000008000b778        0x0 build/src/kernel/trap.o
 .rela.sdata    0x000000008000b778        0x0 build/src/kernel/trap.o

.user           0x000000008000b778     0x3430
                0x000000008000c000                . = ALIGN (0x1000)
 *fill*         0x000000008000b778      0x888 
                0x000000008000c000                PROVIDE (userTextStart = .)
 *(.text .text.*)
 .text          0x000000008000c000       0x20 build/src/user/lock.o
                0x000000008000c000                copy_and_swap
 .text          0x000000008000c020      0x350 build/src/user/syscall_c.o
                0x000000008000c020                mem_alloc(unsigned long)
                0x000000008000c050                mem_free(void*)
                0x000000008000c07c                thread_create(_thread**, void (*)(void*), void*)
                0x000000008000c10c                thread_dispatch()
                0x000000008000c12c                thread_exit()
                0x000000008000c154                sem_open(_sem**, unsigned int)
                0x000000008000c18c                sem_close(_sem*)
                0x000000008000c1b8                sem_wait(_sem*)
                0x000000008000c1e4                sem_signal(_sem*)
                0x000000008000c210                time_sleep(unsigned long)
                0x000000008000c23c                thread_start(void*)
                0x000000008000c268                thread_make_pcb(_thread**, void (*)(void*), void*)
                0x000000008000c2f8                getc()
                0x000000008000c320                putc(char)
                0x000000008000c344                thread_delete_pcb(_thread*)
 .text          0x000000008000c370       0x28 build/src/user/_thread.o
                0x000000008000c370                _thread::operator delete(void*)
 .text          0x000000008000c398      0x2ac build/src/user/test/printing.o
                0x000000008000c398                printString(char const*)
                0x000000008000c414                getString(char*, int)
                0x000000008000c4e0                stringToInt(char const*)
                0x000000008000c530                printInt(int, int, int)
 .text          0x000000008000c644      0x408 build/src/user/test/buffer_CPP_API.o
                0x000000008000c644                BufferCPP::BufferCPP(int)
                0x000000008000c644                BufferCPP::BufferCPP(int)
                0x000000008000c7a8                BufferCPP::put(int)
                0x000000008000c838                BufferCPP::get()
                0x000000008000c8c4                BufferCPP::getCnt()
                0x000000008000c94c                BufferCPP::~BufferCPP()
                0x000000008000c94c                BufferCPP::~BufferCPP()
 .text          0x000000008000ca4c      0x154 build/src/user/test/userMain.o
                0x000000008000ca4c                sleepyRun(void*)
                0x000000008000caf0                testSleeping()
                0x000000008000cb78                userMain()
 .text          0x000000008000cba0      0x320 build/src/user/test/buffer.o
                0x000000008000cba0                Buffer::Buffer(int)
                0x000000008000cba0                Buffer::Buffer(int)
                0x000000008000cc3c                Buffer::put(int)
                0x000000008000cccc                Buffer::get()
                0x000000008000cd58                Buffer::getCnt()
                0x000000008000cde0                Buffer::~Buffer()
                0x000000008000cde0                Buffer::~Buffer()
 .text          0x000000008000cec0      0x448 build/src/user/syscall_cpp.o
                0x000000008000cec0                Thread::runner(void*)
                0x000000008000ceec                Thread::~Thread()
                0x000000008000ceec                Thread::~Thread()
                0x000000008000cf2c                Semaphore::~Semaphore()
                0x000000008000cf2c                Semaphore::~Semaphore()
                0x000000008000cf6c                operator new(unsigned long)
                0x000000008000cf94                operator delete(void*)
                0x000000008000cfbc                Thread::~Thread()
                0x000000008000cffc                Semaphore::~Semaphore()
                0x000000008000d03c                Thread::start()
                0x000000008000d074                Thread::dispatch()
                0x000000008000d09c                Thread::sleep(unsigned long)
                0x000000008000d0c4                PeriodicThread::runner(void*)
                0x000000008000d104                Thread::Thread(void (*)(void*), void*)
                0x000000008000d104                Thread::Thread(void (*)(void*), void*)
                0x000000008000d140                Thread::Thread()
                0x000000008000d140                Thread::Thread()
                0x000000008000d188                Semaphore::wait()
                0x000000008000d1c0                Semaphore::Semaphore(unsigned int)
                0x000000008000d1c0                Semaphore::Semaphore(unsigned int)
                0x000000008000d20c                Semaphore::signal()
                0x000000008000d244                Console::getc()
                0x000000008000d26c                Console::putc(char)
                0x000000008000d294                PeriodicThread::PeriodicThread(unsigned long)
                0x000000008000d294                PeriodicThread::PeriodicThread(unsigned long)
 .text._ZN6Thread3runEv
                0x000000008000d308       0x18 build/src/user/syscall_cpp.o
                0x000000008000d308                Thread::run()
 .text._ZN14PeriodicThread18periodicActivationEv
                0x000000008000d320       0x18 build/src/user/syscall_cpp.o
                0x000000008000d320                PeriodicThread::periodicActivation()
 .text._ZN14PeriodicThreadD2Ev
                0x000000008000d338       0x34 build/src/user/syscall_cpp.o
                0x000000008000d338                PeriodicThread::~PeriodicThread()
                0x000000008000d338                PeriodicThread::~PeriodicThread()
 .text._ZN14PeriodicThreadD0Ev
                0x000000008000d36c       0x4c build/src/user/syscall_cpp.o
                0x000000008000d36c                PeriodicThread::~PeriodicThread()
 .text          0x000000008000d3b8       0x5c build/src/user/PCBWrapperUser.o
                0x000000008000d3b8                PCBWrapperUser::userMainWrapper(void*)
                0x000000008000d3e0                PCBWrapperUser::wrapperUser(void (*)(void*), void*)
 .text          0x000000008000d414       0x28 build/src/user/_sem.o
                0x000000008000d414                _sem::operator delete(void*)
                0x000000008000e000                . = ALIGN (0x1000)
 *fill*         0x000000008000d43c      0xbc4 
                0x000000008000e000                PROVIDE (userDataStart = .)
 *(.srodata .srodata.*)
 *(.rodata .rodata.*)
 .rodata.str1.8
                0x000000008000e000       0x11 build/src/user/test/buffer_CPP_API.o
 *fill*         0x000000008000e011        0x7 
 .rodata.str1.8
                0x000000008000e018        0xc build/src/user/test/userMain.o
 .rodata.str1.8
                0x000000008000e024       0x11 build/src/user/test/buffer.o
 *(.sdata .sdata.*)
 *(.data .data.*)
 .data          0x000000008000e024        0x0 build/src/user/lock.o
 .data          0x000000008000e024        0x0 build/src/user/syscall_c.o
 .data          0x000000008000e024        0x0 build/src/user/_thread.o
 *fill*         0x000000008000e024        0x4 
 .data          0x000000008000e028       0x11 build/src/user/test/printing.o
                0x000000008000e028                digits
 .data          0x000000008000e039        0x0 build/src/user/test/buffer_CPP_API.o
 .data          0x000000008000e039        0x0 build/src/user/test/userMain.o
 .data          0x000000008000e039        0x0 build/src/user/test/buffer.o
 .data          0x000000008000e039        0x0 build/src/user/syscall_cpp.o
 *fill*         0x000000008000e039        0x7 
 .data.rel.ro.local._ZTV14PeriodicThread
                0x000000008000e040       0x30 build/src/user/syscall_cpp.o
                0x000000008000e040                vtable for PeriodicThread
 .data.rel.ro.local._ZTV6Thread
                0x000000008000e070       0x28 build/src/user/syscall_cpp.o
                0x000000008000e070                vtable for Thread
 .data.rel.ro.local._ZTV9Semaphore
                0x000000008000e098       0x20 build/src/user/syscall_cpp.o
                0x000000008000e098                vtable for Semaphore
 .data          0x000000008000e0b8        0x0 build/src/user/PCBWrapperUser.o
 .data          0x000000008000e0b8        0x0 build/src/user/_sem.o
 *(.sbss .sbss.*)
 *(.bss .bss.*)
 .bss           0x000000008000e0b8        0x0 build/src/user/lock.o
 .bss           0x000000008000e0b8        0x0 build/src/user/syscall_c.o
 .bss           0x000000008000e0b8        0x0 build/src/user/_thread.o
 .bss           0x000000008000e0b8        0x8 build/src/user/test/printing.o
                0x000000008000e0b8                lockPrint
 .bss           0x000000008000e0c0        0x0 build/src/user/test/buffer_CPP_API.o
 .bss           0x000000008000e0c0        0x2 build/src/user/test/userMain.o
                0x000000008000e0c0                finished
 .bss           0x000000008000e0c2        0x0 build/src/user/test/buffer.o
 .bss           0x000000008000e0c2        0x0 build/src/user/syscall_cpp.o
 .bss           0x000000008000e0c2        0x0 build/src/user/PCBWrapperUser.o
 .bss           0x000000008000e0c2        0x0 build/src/user/_sem.o
 *(.eh_frame .eh_frame.*)
 *fill*         0x000000008000e0c2        0x6 
 .eh_frame      0x000000008000e0c8      0x258 build/src/user/syscall_c.o
 .eh_frame      0x000000008000e320       0x40 build/src/user/_thread.o
 .eh_frame      0x000000008000e360       0xd0 build/src/user/test/printing.o
 .eh_frame      0x000000008000e430      0x130 build/src/user/test/buffer_CPP_API.o
 .eh_frame      0x000000008000e560       0x98 build/src/user/test/userMain.o
 .eh_frame      0x000000008000e5f8      0x128 build/src/user/test/buffer.o
 .eh_frame      0x000000008000e720      0x3e0 build/src/user/syscall_cpp.o
 .eh_frame      0x000000008000eb00       0x68 build/src/user/PCBWrapperUser.o
 .eh_frame      0x000000008000eb68       0x40 build/src/user/_sem.o
                0x000000008000f000                . = ALIGN (0x1000)
                0x000000008000f000                PROVIDE (end = .)
LOAD build/src/kernel/trap.o
LOAD build/src/kernel/registersUtil.o
LOAD build/src/kernel/contextSwitch.o
LOAD build/src/user/lock.o
LOAD build/src/kernel/syscall_c_kernel.o
LOAD build/src/kernel/slabAllocator.o
LOAD build/src/kernel/PCB.o
LOAD build/src/kernel/buddyAllocator.o
LOAD build/src/kernel/KConsole.o
LOAD build/src/kernel/SleepPCBList.o
LOAD build/src/kernel/Scheduler.o
LOAD build/src/kernel/main.o
LOAD build/src/kernel/buddyTests.o
LOAD build/src/kernel/Riscv.o
LOAD build/src/kernel/MemoryAllocator.o
LOAD build/src/kernel/slabTests.o
LOAD build/src/kernel/KSemaphore.o
LOAD build/src/user/syscall_c.o
LOAD build/src/user/_thread.o
LOAD build/src/user/test/printing.o
LOAD build/src/user/test/buffer_CPP_API.o
LOAD build/src/user/test/userMain.o
LOAD build/src/user/test/buffer.o
LOAD build/src/user/syscall_cpp.o
LOAD build/src/user/PCBWrapperUser.o
LOAD build/src/user/_sem.o
LOAD ./lib/hw.lib
LOAD ./lib/mem.lib
LOAD ./lib/console.lib
LOAD ./lib/hw.lib
LOAD ./lib/mem.lib
LOAD ./lib/console.lib
OUTPUT(kernel elf64-littleriscv)

.debug_line     0x0000000000000000     0x8df8
 .debug_line    0x0000000000000000      0x1dc build/src/kernel/trap.o
 .debug_line    0x00000000000001dc       0x6b build/src/kernel/registersUtil.o
 .debug_line    0x0000000000000247       0x77 build/src/kernel/contextSwitch.o
 .debug_line    0x00000000000002be       0x6c build/src/user/lock.o
 .debug_line    0x000000000000032a      0x149 build/src/kernel/syscall_c_kernel.o
 .debug_line    0x0000000000000473     0x1cd2 build/src/kernel/slabAllocator.o
 .debug_line    0x0000000000002145      0x812 build/src/kernel/PCB.o
 .debug_line    0x0000000000002957      0x910 build/src/kernel/buddyAllocator.o
 .debug_line    0x0000000000003267      0x7fd build/src/kernel/KConsole.o
 .debug_line    0x0000000000003a64      0x2aa build/src/kernel/SleepPCBList.o
 .debug_line    0x0000000000003d0e      0x322 build/src/kernel/Scheduler.o
 .debug_line    0x0000000000004030       0xb8 build/src/kernel/main.o
 .debug_line    0x00000000000040e8      0x412 build/src/kernel/buddyTests.o
 .debug_line    0x00000000000044fa     0x10f9 build/src/kernel/Riscv.o
 .debug_line    0x00000000000055f3      0x9b8 build/src/kernel/MemoryAllocator.o
 .debug_line    0x0000000000005fab      0x821 build/src/kernel/slabTests.o
 .debug_line    0x00000000000067cc      0x696 build/src/kernel/KSemaphore.o
 .debug_line    0x0000000000006e62      0x783 build/src/user/syscall_c.o
 .debug_line    0x00000000000075e5       0xb3 build/src/user/_thread.o
 .debug_line    0x0000000000007698      0x3be build/src/user/test/printing.o
 .debug_line    0x0000000000007a56      0x59d build/src/user/test/buffer_CPP_API.o
 .debug_line    0x0000000000007ff3      0x255 build/src/user/test/userMain.o
 .debug_line    0x0000000000008248      0x4a4 build/src/user/test/buffer.o
 .debug_line    0x00000000000086ec      0x54e build/src/user/syscall_cpp.o
 .debug_line    0x0000000000008c3a      0x111 build/src/user/PCBWrapperUser.o
 .debug_line    0x0000000000008d4b       0xad build/src/user/_sem.o

.debug_info     0x0000000000000000    0x101bb
 .debug_info    0x0000000000000000       0x2e build/src/kernel/trap.o
 .debug_info    0x000000000000002e       0x2e build/src/kernel/registersUtil.o
 .debug_info    0x000000000000005c       0x2e build/src/kernel/contextSwitch.o
 .debug_info    0x000000000000008a       0x2e build/src/user/lock.o
 .debug_info    0x00000000000000b8      0x1a6 build/src/kernel/syscall_c_kernel.o
 .debug_info    0x000000000000025e     0x23f2 build/src/kernel/slabAllocator.o
 .debug_info    0x0000000000002650     0x1390 build/src/kernel/PCB.o
 .debug_info    0x00000000000039e0     0x11a7 build/src/kernel/buddyAllocator.o
 .debug_info    0x0000000000004b87     0x1339 build/src/kernel/KConsole.o
 .debug_info    0x0000000000005ec0      0x72a build/src/kernel/SleepPCBList.o
 .debug_info    0x00000000000065ea      0xcf7 build/src/kernel/Scheduler.o
 .debug_info    0x00000000000072e1      0x4ea build/src/kernel/main.o
 .debug_info    0x00000000000077cb      0xe41 build/src/kernel/buddyTests.o
 .debug_info    0x000000000000860c     0x1d6a build/src/kernel/Riscv.o
 .debug_info    0x000000000000a376      0xb70 build/src/kernel/MemoryAllocator.o
 .debug_info    0x000000000000aee6     0x12c2 build/src/kernel/slabTests.o
 .debug_info    0x000000000000c1a8     0x1094 build/src/kernel/KSemaphore.o
 .debug_info    0x000000000000d23c      0x6d1 build/src/user/syscall_c.o
 .debug_info    0x000000000000d90d      0x18f build/src/user/_thread.o
 .debug_info    0x000000000000da9c      0x440 build/src/user/test/printing.o
 .debug_info    0x000000000000dedc      0x75f build/src/user/test/buffer_CPP_API.o
 .debug_info    0x000000000000e63b      0x36d build/src/user/test/userMain.o
 .debug_info    0x000000000000e9a8      0x67d build/src/user/test/buffer.o
 .debug_info    0x000000000000f025      0xde8 build/src/user/syscall_cpp.o
 .debug_info    0x000000000000fe0d      0x21f build/src/user/PCBWrapperUser.o
 .debug_info    0x000000000001002c      0x18f build/src/user/_sem.o

.debug_abbrev   0x0000000000000000     0x3ae9
 .debug_abbrev  0x0000000000000000       0x14 build/src/kernel/trap.o
 .debug_abbrev  0x0000000000000014       0x14 build/src/kernel/registersUtil.o
 .debug_abbrev  0x0000000000000028       0x14 build/src/kernel/contextSwitch.o
 .debug_abbrev  0x000000000000003c       0x14 build/src/user/lock.o
 .debug_abbrev  0x0000000000000050       0xcc build/src/kernel/syscall_c_kernel.o
 .debug_abbrev  0x000000000000011c      0x419 build/src/kernel/slabAllocator.o
 .debug_abbrev  0x0000000000000535      0x3f7 build/src/kernel/PCB.o
 .debug_abbrev  0x000000000000092c      0x392 build/src/kernel/buddyAllocator.o
 .debug_abbrev  0x0000000000000cbe      0x39f build/src/kernel/KConsole.o
 .debug_abbrev  0x000000000000105d      0x2d2 build/src/kernel/SleepPCBList.o
 .debug_abbrev  0x000000000000132f      0x3a9 build/src/kernel/Scheduler.o
 .debug_abbrev  0x00000000000016d8      0x15d build/src/kernel/main.o
 .debug_abbrev  0x0000000000001835      0x2e8 build/src/kernel/buddyTests.o
 .debug_abbrev  0x0000000000001b1d      0x483 build/src/kernel/Riscv.o
 .debug_abbrev  0x0000000000001fa0      0x274 build/src/kernel/MemoryAllocator.o
 .debug_abbrev  0x0000000000002214      0x36a build/src/kernel/slabTests.o
 .debug_abbrev  0x000000000000257e      0x431 build/src/kernel/KSemaphore.o
 .debug_abbrev  0x00000000000029af      0x196 build/src/user/syscall_c.o
 .debug_abbrev  0x0000000000002b45       0xff build/src/user/_thread.o
 .debug_abbrev  0x0000000000002c44      0x168 build/src/user/test/printing.o
 .debug_abbrev  0x0000000000002dac      0x2a2 build/src/user/test/buffer_CPP_API.o
 .debug_abbrev  0x000000000000304e      0x187 build/src/user/test/userMain.o
 .debug_abbrev  0x00000000000031d5      0x259 build/src/user/test/buffer.o
 .debug_abbrev  0x000000000000342e      0x480 build/src/user/syscall_cpp.o
 .debug_abbrev  0x00000000000038ae      0x13c build/src/user/PCBWrapperUser.o
 .debug_abbrev  0x00000000000039ea       0xff build/src/user/_sem.o

.debug_aranges  0x0000000000000000      0x520
 .debug_aranges
                0x0000000000000000       0x30 build/src/kernel/trap.o
 .debug_aranges
                0x0000000000000030       0x30 build/src/kernel/registersUtil.o
 .debug_aranges
                0x0000000000000060       0x30 build/src/kernel/contextSwitch.o
 .debug_aranges
                0x0000000000000090       0x30 build/src/user/lock.o
 .debug_aranges
                0x00000000000000c0       0x30 build/src/kernel/syscall_c_kernel.o
 .debug_aranges
                0x00000000000000f0       0x30 build/src/kernel/slabAllocator.o
 .debug_aranges
                0x0000000000000120       0x30 build/src/kernel/PCB.o
 .debug_aranges
                0x0000000000000150       0x30 build/src/kernel/buddyAllocator.o
 .debug_aranges
                0x0000000000000180       0x30 build/src/kernel/KConsole.o
 .debug_aranges
                0x00000000000001b0       0x30 build/src/kernel/SleepPCBList.o
 .debug_aranges
                0x00000000000001e0       0x30 build/src/kernel/Scheduler.o
 .debug_aranges
                0x0000000000000210       0x30 build/src/kernel/main.o
 .debug_aranges
                0x0000000000000240       0x30 build/src/kernel/buddyTests.o
 .debug_aranges
                0x0000000000000270       0x30 build/src/kernel/Riscv.o
 .debug_aranges
                0x00000000000002a0       0x30 build/src/kernel/MemoryAllocator.o
 .debug_aranges
                0x00000000000002d0       0x30 build/src/kernel/slabTests.o
 .debug_aranges
                0x0000000000000300       0x30 build/src/kernel/KSemaphore.o
 .debug_aranges
                0x0000000000000330       0x30 build/src/user/syscall_c.o
 .debug_aranges
                0x0000000000000360       0x30 build/src/user/_thread.o
 .debug_aranges
                0x0000000000000390       0x30 build/src/user/test/printing.o
 .debug_aranges
                0x00000000000003c0       0x30 build/src/user/test/buffer_CPP_API.o
 .debug_aranges
                0x00000000000003f0       0x30 build/src/user/test/userMain.o
 .debug_aranges
                0x0000000000000420       0x30 build/src/user/test/buffer.o
 .debug_aranges
                0x0000000000000450       0x70 build/src/user/syscall_cpp.o
 .debug_aranges
                0x00000000000004c0       0x30 build/src/user/PCBWrapperUser.o
 .debug_aranges
                0x00000000000004f0       0x30 build/src/user/_sem.o

.debug_str      0x0000000000000000     0x35aa
 .debug_str     0x0000000000000000       0x3c build/src/kernel/trap.o
 .debug_str     0x000000000000003c       0x1b build/src/kernel/registersUtil.o
                                         0x45 (size before relaxing)
 .debug_str     0x0000000000000057       0x1b build/src/kernel/contextSwitch.o
                                         0x45 (size before relaxing)
 .debug_str     0x0000000000000072       0x10 build/src/user/lock.o
                                         0x3a (size before relaxing)
 .debug_str     0x0000000000000082      0x292 build/src/kernel/syscall_c_kernel.o
                                        0x2c2 (size before relaxing)
 .debug_str     0x0000000000000314     0x1416 build/src/kernel/slabAllocator.o
                                       0x16bf (size before relaxing)
 .debug_str     0x000000000000172a      0xb37 build/src/kernel/PCB.o
                                       0x12e7 (size before relaxing)
 .debug_str     0x0000000000002261      0x17d build/src/kernel/buddyAllocator.o
                                        0xfa0 (size before relaxing)
 .debug_str     0x00000000000023de      0x184 build/src/kernel/KConsole.o
                                       0x158a (size before relaxing)
 .debug_str     0x0000000000002562       0x40 build/src/kernel/SleepPCBList.o
                                        0x862 (size before relaxing)
 .debug_str     0x00000000000025a2       0x62 build/src/kernel/Scheduler.o
                                       0x1124 (size before relaxing)
 .debug_str     0x0000000000002604       0x19 build/src/kernel/main.o
                                        0x876 (size before relaxing)
 .debug_str     0x000000000000261d       0xee build/src/kernel/buddyTests.o
                                       0x114a (size before relaxing)
 .debug_str     0x000000000000270b      0x22e build/src/kernel/Riscv.o
                                       0x1acb (size before relaxing)
 .debug_str     0x0000000000002939       0xe3 build/src/kernel/MemoryAllocator.o
                                        0xc67 (size before relaxing)
 .debug_str     0x0000000000002a1c      0x1af build/src/kernel/slabTests.o
                                       0x1076 (size before relaxing)
 .debug_str     0x0000000000002bcb       0x5e build/src/kernel/KSemaphore.o
                                       0x1147 (size before relaxing)
 .debug_str     0x0000000000002c29      0x260 build/src/user/syscall_c.o
                                        0x4dc (size before relaxing)
 .debug_str     0x0000000000002e89       0x15 build/src/user/_thread.o
                                        0x281 (size before relaxing)
 .debug_str     0x0000000000002e9e       0xa8 build/src/user/test/printing.o
                                        0x2e5 (size before relaxing)
 .debug_str     0x0000000000002f46      0x15b build/src/user/test/buffer_CPP_API.o
                                        0x441 (size before relaxing)
 .debug_str     0x00000000000030a1       0xa8 build/src/user/test/userMain.o
                                        0x376 (size before relaxing)
 .debug_str     0x0000000000003149       0x93 build/src/user/test/buffer.o
                                        0x3ff (size before relaxing)
 .debug_str     0x00000000000031dc      0x322 build/src/user/syscall_cpp.o
                                        0x7a7 (size before relaxing)
 .debug_str     0x00000000000034fe       0x9a build/src/user/PCBWrapperUser.o
                                        0x2e5 (size before relaxing)
 .debug_str     0x0000000000003598       0x12 build/src/user/_sem.o
                                        0x261 (size before relaxing)

.debug_loc      0x0000000000000000     0x6bbc
 .debug_loc     0x0000000000000000       0x46 build/src/kernel/syscall_c_kernel.o
 .debug_loc     0x0000000000000046     0x19d0 build/src/kernel/slabAllocator.o
 .debug_loc     0x0000000000001a16      0x53d build/src/kernel/PCB.o
 .debug_loc     0x0000000000001f53      0xb2b build/src/kernel/buddyAllocator.o
 .debug_loc     0x0000000000002a7e      0x43a build/src/kernel/KConsole.o
 .debug_loc     0x0000000000002eb8      0x20f build/src/kernel/SleepPCBList.o
 .debug_loc     0x00000000000030c7      0x149 build/src/kernel/Scheduler.o
 .debug_loc     0x0000000000003210      0x133 build/src/kernel/buddyTests.o
 .debug_loc     0x0000000000003343      0x898 build/src/kernel/Riscv.o
 .debug_loc     0x0000000000003bdb      0x8f0 build/src/kernel/MemoryAllocator.o
 .debug_loc     0x00000000000044cb      0x75f build/src/kernel/slabTests.o
 .debug_loc     0x0000000000004c2a      0x421 build/src/kernel/KSemaphore.o
 .debug_loc     0x000000000000504b      0x9cc build/src/user/syscall_c.o
 .debug_loc     0x0000000000005a17       0x39 build/src/user/_thread.o
 .debug_loc     0x0000000000005a50      0x37a build/src/user/test/printing.o
 .debug_loc     0x0000000000005dca      0x322 build/src/user/test/buffer_CPP_API.o
 .debug_loc     0x00000000000060ec       0xca build/src/user/test/userMain.o
 .debug_loc     0x00000000000061b6      0x27e build/src/user/test/buffer.o
 .debug_loc     0x0000000000006434      0x691 build/src/user/syscall_cpp.o
 .debug_loc     0x0000000000006ac5       0xbe build/src/user/PCBWrapperUser.o
 .debug_loc     0x0000000000006b83       0x39 build/src/user/_sem.o

.comment        0x0000000000000000       0x53
 .comment       0x0000000000000000       0x29 build/src/kernel/syscall_c_kernel.o
                                         0x2a (size before relaxing)
 .comment       0x0000000000000029       0x2a build/src/kernel/slabAllocator.o
 .comment       0x0000000000000029       0x2a build/src/kernel/PCB.o
 .comment       0x0000000000000029       0x2a build/src/kernel/buddyAllocator.o
 .comment       0x0000000000000029       0x2a build/src/kernel/KConsole.o
 .comment       0x0000000000000029       0x2a build/src/kernel/SleepPCBList.o
 .comment       0x0000000000000029       0x2a build/src/kernel/Scheduler.o
 .comment       0x0000000000000029       0x2a build/src/kernel/main.o
 .comment       0x0000000000000029       0x2a build/src/kernel/buddyTests.o
 .comment       0x0000000000000029       0x2a build/src/kernel/Riscv.o
 .comment       0x0000000000000029       0x2a build/src/kernel/MemoryAllocator.o
 .comment       0x0000000000000029       0x2a build/src/kernel/slabTests.o
 .comment       0x0000000000000029       0x2a build/src/kernel/KSemaphore.o
 .comment       0x0000000000000029       0x2a build/src/user/syscall_c.o
 .comment       0x0000000000000029       0x2a build/src/user/_thread.o
 .comment       0x0000000000000029       0x2a build/src/user/test/printing.o
 .comment       0x0000000000000029       0x2a build/src/user/test/buffer_CPP_API.o
 .comment       0x0000000000000029       0x2a build/src/user/test/userMain.o
 .comment       0x0000000000000029       0x2a build/src/user/test/buffer.o
 .comment       0x0000000000000029       0x2a build/src/user/syscall_cpp.o
 .comment       0x0000000000000029       0x2a build/src/user/PCBWrapperUser.o
 .comment       0x0000000000000029       0x2a build/src/user/_sem.o
 .comment       0x0000000000000029       0x2a ./lib/hw.lib(start.o)
                                         0x2b (size before relaxing)
 .comment       0x0000000000000053       0x2b ./lib/hw.lib(main.o)
 .comment       0x0000000000000053       0x2b ./lib/hw.lib(proc.o)
 .comment       0x0000000000000053       0x2b ./lib/hw.lib(trap.o)
 .comment       0x0000000000000053       0x2b ./lib/hw.lib(plic.o)
 .comment       0x0000000000000053       0x2b ./lib/hw.lib(support_cpp.o)
 .comment       0x0000000000000053       0x2b ./lib/hw.lib(hw.o)
 .comment       0x0000000000000053       0x2b ./lib/hw.lib(console.o)
 .comment       0x0000000000000053       0x2b ./lib/hw.lib(printf.o)
 .comment       0x0000000000000053       0x2b ./lib/hw.lib(uart.o)
 .comment       0x0000000000000053       0x2b ./lib/hw.lib(kalloc.o)
 .comment       0x0000000000000053       0x2b ./lib/hw.lib(spinlock.o)
 .comment       0x0000000000000053       0x2b ./lib/hw.lib(string.o)

.note.GNU-stack
                0x0000000000000000        0x0
 .note.GNU-stack
                0x0000000000000000        0x0 build/src/kernel/syscall_c_kernel.o
 .note.GNU-stack
                0x0000000000000000        0x0 build/src/kernel/slabAllocator.o
 .note.GNU-stack
                0x0000000000000000        0x0 build/src/kernel/PCB.o
 .note.GNU-stack
                0x0000000000000000        0x0 build/src/kernel/buddyAllocator.o
 .note.GNU-stack
                0x0000000000000000        0x0 build/src/kernel/KConsole.o
 .note.GNU-stack
                0x0000000000000000        0x0 build/src/kernel/SleepPCBList.o
 .note.GNU-stack
                0x0000000000000000        0x0 build/src/kernel/Scheduler.o
 .note.GNU-stack
                0x0000000000000000        0x0 build/src/kernel/main.o
 .note.GNU-stack
                0x0000000000000000        0x0 build/src/kernel/buddyTests.o
 .note.GNU-stack
                0x0000000000000000        0x0 build/src/kernel/Riscv.o
 .note.GNU-stack
                0x0000000000000000        0x0 build/src/kernel/MemoryAllocator.o
 .note.GNU-stack
                0x0000000000000000        0x0 build/src/kernel/slabTests.o
 .note.GNU-stack
                0x0000000000000000        0x0 build/src/kernel/KSemaphore.o
 .note.GNU-stack
                0x0000000000000000        0x0 build/src/user/syscall_c.o
 .note.GNU-stack
                0x0000000000000000        0x0 build/src/user/_thread.o
 .note.GNU-stack
                0x0000000000000000        0x0 build/src/user/test/printing.o
 .note.GNU-stack
                0x0000000000000000        0x0 build/src/user/test/buffer_CPP_API.o
 .note.GNU-stack
                0x0000000000000000        0x0 build/src/user/test/userMain.o
 .note.GNU-stack
                0x0000000000000000        0x0 build/src/user/test/buffer.o
 .note.GNU-stack
                0x0000000000000000        0x0 build/src/user/syscall_cpp.o
 .note.GNU-stack
                0x0000000000000000        0x0 build/src/user/PCBWrapperUser.o
 .note.GNU-stack
                0x0000000000000000        0x0 build/src/user/_sem.o
 .note.GNU-stack
                0x0000000000000000        0x0 ./lib/hw.lib(start.o)
 .note.GNU-stack
                0x0000000000000000        0x0 ./lib/hw.lib(main.o)
 .note.GNU-stack
                0x0000000000000000        0x0 ./lib/hw.lib(proc.o)
 .note.GNU-stack
                0x0000000000000000        0x0 ./lib/hw.lib(trap.o)
 .note.GNU-stack
                0x0000000000000000        0x0 ./lib/hw.lib(plic.o)
 .note.GNU-stack
                0x0000000000000000        0x0 ./lib/hw.lib(support_cpp.o)
 .note.GNU-stack
                0x0000000000000000        0x0 ./lib/hw.lib(hw.o)
 .note.GNU-stack
                0x0000000000000000        0x0 ./lib/hw.lib(console.o)
 .note.GNU-stack
                0x0000000000000000        0x0 ./lib/hw.lib(printf.o)
 .note.GNU-stack
                0x0000000000000000        0x0 ./lib/hw.lib(uart.o)
 .note.GNU-stack
                0x0000000000000000        0x0 ./lib/hw.lib(kalloc.o)
 .note.GNU-stack
                0x0000000000000000        0x0 ./lib/hw.lib(spinlock.o)
 .note.GNU-stack
                0x0000000000000000        0x0 ./lib/hw.lib(string.o)

.debug_ranges   0x0000000000000000      0x450
 .debug_ranges  0x0000000000000000      0x120 build/src/kernel/slabAllocator.o
 .debug_ranges  0x0000000000000120       0x30 build/src/kernel/buddyAllocator.o
 .debug_ranges  0x0000000000000150       0x60 build/src/kernel/KConsole.o
 .debug_ranges  0x00000000000001b0       0x30 build/src/kernel/SleepPCBList.o
 .debug_ranges  0x00000000000001e0       0x60 build/src/kernel/Riscv.o
 .debug_ranges  0x0000000000000240      0x1b0 build/src/kernel/slabTests.o
 .debug_ranges  0x00000000000003f0       0x60 build/src/user/syscall_cpp.o
